
 RUN  v4.1.5 /private/tmp/fluxtion-journey-web/web

 ❯ src/lib/starter/project-support.test.ts (35 tests | 8 failed) 221ms
     × POM launch advice agrees with the emitted files for fluxtion-aot.starter.json 7ms
     × POM launch advice agrees with the emitted files for fluxtion-audit.starter.json 5ms
     × POM launch advice agrees with the emitted files for fluxtion-connector.starter.json 2ms
     × POM launch advice agrees with the emitted files for fluxtion-dag-multi-io.starter.json 3ms
     × POM launch advice agrees with the emitted files for fluxtion-dsl.starter.json 3ms
     × POM launch advice agrees with the emitted files for fluxtion-embedded.starter.json 7ms
     × POM launch advice agrees with the emitted files for fluxtion-service-export.starter.json 3ms
     × POM launch advice agrees with the emitted files for fluxtion-spring.starter.json 34ms

⎯⎯⎯⎯⎯⎯⎯ Failed Tests 8 ⎯⎯⎯⎯⎯⎯⎯

 FAIL  src/lib/starter/project-support.test.ts > project journey support > POM launch advice agrees with the emitted files for fluxtion-aot.starter.json
AssertionError: expected '<?xml version="1.0" encoding="UTF-8"?…' to contain 'Runnable fat jar: launch with ./run.sh'

- Expected
+ Received

- Runnable fat jar: launch with ./run.sh
+ <?xml version="1.0" encoding="UTF-8"?>
+ <project xmlns="http://maven.apache.org/POM/4.0.0"
+          xmlns:xsi="http://www.w3.org/2001/XMLSchema-instance"
+          xsi:schemaLocation="http://maven.apache.org/POM/4.0.0 http://maven.apache.org/xsd/maven-4.0.0.xsd">
+     <modelVersion>4.0.0</modelVersion>
+
+     <groupId>com.example</groupId>
+     <artifactId>fluxtion-aot</artifactId>
+     <version>1.0.0-SNAPSHOT</version>
+     <packaging>jar</packaging>
+
+     <properties>
+         <maven.compiler.release>21</maven.compiler.release>
+         <project.build.sourceEncoding>UTF-8</project.build.sourceEncoding>
+         <fluxtion.version>1.0.16</fluxtion.version>
+         <fluxtion.bom.version>1.0.71</fluxtion.bom.version>
+         <fluxtion.maven-plugin.version>1.3.0</fluxtion.maven-plugin.version>
+     </properties>
+
+     <dependencyManagement>
+         <dependencies>
+             <dependency>
+                 <groupId>com.telamin.fluxtion</groupId>
+                 <artifactId>fluxtion-bom</artifactId>
+                 <version>${fluxtion.bom.version}</version>
+                 <type>pom</type>
+                 <scope>import</scope>
+             </dependency>
+         </dependencies>
+     </dependencyManagement>
+
+     <dependencies>
+         <!-- Fluxtion runtime — the generated processor's runtime dependency. -->
+         <dependency>
+             <groupId>com.telamin.fluxtion</groupId>
+             <artifactId>fluxtion-runtime</artifactId>
+         </dependency>
+         <!-- AOT: the fluxtion-maven-plugin generates the processor at BUILD time, so
+              the builder/compiler is only needed then — 'provided' keeps it off the
+              runtime classpath and out of the fat jar. -->
+         <dependency>
+             <groupId>com.telamin.fluxtion</groupId>
+             <artifactId>fluxtion-builder</artifactId>
+             <scope>provided</scope>
+         </dependency>
+         <dependency>
+             <groupId>org.junit.jupiter</groupId>
+             <artifactId>junit-jupiter</artifactId>
+             <version>5.11.4</version>
+             <scope>test</scope>
+         </dependency>
+     </dependencies>
+
+     <repositories>
+         <repository>
+             <id>central</id>
+             <url>https://repo.maven.apache.org/maven2</url>
+         </repository>
+         <repository>
+             <id>repsy-fluxtion-public</id>
+             <url>https://repo.repsy.io/mvn/fluxtion/fluxtion-public</url>
+         </repository>
+     </repositories>
+
+     <pluginRepositories>
+         <pluginRepository>
+             <id>central</id>
+             <url>https://repo.maven.apache.org/maven2</url>
+         </pluginRepository>
+         <pluginRepository>
+             <id>repsy-fluxtion-public</id>
+             <url>https://repo.repsy.io/mvn/fluxtion/fluxtion-public</url>
+         </pluginRepository>
+     </pluginRepositories>
+
+     <build>
+         <plugins>
+             <!-- AOT generation: scan finds the FluxtionGraphBuilder (in compiled classes),
+                  invokes it, and emits MyProcessor (package
+                  com.example.myapp.generated). The scan goal calls the cloud source-gen service,
+                  so './mvnw package' needs a free, subscribed Fluxtion API key at build time. -->
+             <plugin>
+                 <groupId>com.telamin.fluxtion</groupId>
+                 <artifactId>fluxtion-maven-plugin</artifactId>
+                 <version>${fluxtion.maven-plugin.version}</version>
+                 <executions>
+                     <execution>
+                         <phase>process-classes</phase>
+                         <goals><goal>scan</goal></goals>
+                     </execution>
+                 </executions>
+             </plugin>
+
+             <!-- Compile the processor source the fluxtion plugin just generated. -->
+             <plugin>
+                 <groupId>org.apache.maven.plugins</groupId>
+                 <artifactId>maven-compiler-plugin</artifactId>
+                 <executions>
+                     <execution>
+                         <id>compile-generated</id>
+                         <phase>process-classes</phase>
+                         <goals><goal>compile</goal></goals>
+                     </execution>
+                 </executions>
+             </plugin>
+
+             <!-- Runnable fat jar: java -jar target/fluxtion-aot-1.0.0-SNAPSHOT.jar -->
+             <plugin>
+                 <groupId>org.apache.maven.plugins</groupId>
+                 <artifactId>maven-shade-plugin</artifactId>
+                 <version>3.6.0</version>
+                 <executions>
+                     <execution>
+                         <phase>package</phase>
+                         <goals><goal>shade</goal></goals>
+                         <configuration>
+                             <createDependencyReducedPom>false</createDependencyReducedPom>
+                             <transformers>
+                                 <transformer implementation="org.apache.maven.plugins.shade.resource.ManifestResourceTransformer">
+                                     <mainClass>com.example.myapp.FluxtionMain</mainClass>
+                                 </transformer>
+                                 <transformer implementation="org.apache.maven.plugins.shade.resource.ServicesResourceTransformer"/>
+                             </transformers>
+                             <filters>
+                                 <filter>
+                                     <artifact>*:*</artifact>
+                                     <excludes>
+                                         <exclude>META-INF/*.SF</exclude>
+                                         <exclude>META-INF/*.DSA</exclude>
+                                         <exclude>META-INF/*.RSA</exclude>
+                                     </excludes>
+                                 </filter>
+                             </filters>
+                         </configuration>
+                     </execution>
+                 </executions>
+             </plugin>
+         </plugins>
+     </build>
+
+     <profiles>
+         <!-- GraalVM native image. Requires a GraalVM JDK on the builder (e.g. `sdk install java 21-graal`
+              or the graalvm/setup-graalvm GH action). `./mvnw -Pnative package` → target/fluxtion-aot. -->
+         <profile>
+             <id>native</id>
+             <build>
+                 <plugins>
+                     <plugin>
+                         <groupId>org.graalvm.buildtools</groupId>
+                         <artifactId>native-maven-plugin</artifactId>
+                         <version>0.10.3</version>
+                         <extensions>true</extensions>
+                         <executions>
+                             <execution>
+                                 <id>build-native</id>
+                                 <phase>package</phase>
+                                 <goals><goal>compile-no-fork</goal></goals>
+                             </execution>
+                         </executions>
+                         <configuration>
+                             <imageName>fluxtion-aot</imageName>
+                             <mainClass>com.example.myapp.FluxtionMain</mainClass>
+                             <buildArgs>
+                                 <buildArg>--no-fallback</buildArg>
+                                 <buildArg>-O2</buildArg>
+                                 <buildArg>-H:+ReportExceptionStackTraces</buildArg>
+                             </buildArgs>
+                         </configuration>
+                     </plugin>
+                 </plugins>
+             </build>
+         </profile>
+     </profiles>
+ </project>
+

 ❯ src/lib/starter/project-support.test.ts:46:34
     44|    const files = new Map(generate(builtinTemplateSpec(id)!).map((f) =>…
     45|    if (files.has('run.sh')) {
     46|     expect(files.get('pom.xml')).toContain('Runnable fat jar: launch w…
       |                                  ^
     47|     expect(files.get('pom.xml')).not.toContain('Runnable fat jar: java…
     48|     expect(files.get('runbooks/build.md')).toContain('./run.sh');

⎯⎯⎯⎯⎯⎯⎯⎯⎯⎯⎯⎯⎯⎯⎯⎯⎯⎯⎯⎯⎯⎯⎯⎯[1/8]⎯

 FAIL  src/lib/starter/project-support.test.ts > project journey support > POM launch advice agrees with the emitted files for fluxtion-audit.starter.json
AssertionError: expected '<?xml version="1.0" encoding="UTF-8"?…' to contain 'Runnable fat jar: launch with ./run.sh'

- Expected
+ Received

- Runnable fat jar: launch with ./run.sh
+ <?xml version="1.0" encoding="UTF-8"?>
+ <project xmlns="http://maven.apache.org/POM/4.0.0"
+          xmlns:xsi="http://www.w3.org/2001/XMLSchema-instance"
+          xsi:schemaLocation="http://maven.apache.org/POM/4.0.0 http://maven.apache.org/xsd/maven-4.0.0.xsd">
+     <modelVersion>4.0.0</modelVersion>
+
+     <groupId>com.example</groupId>
+     <artifactId>fluxtion-audit</artifactId>
+     <version>1.0.0-SNAPSHOT</version>
+     <packaging>jar</packaging>
+
+     <properties>
+         <maven.compiler.release>21</maven.compiler.release>
+         <project.build.sourceEncoding>UTF-8</project.build.sourceEncoding>
+         <fluxtion.version>1.0.16</fluxtion.version>
+         <fluxtion.bom.version>1.0.71</fluxtion.bom.version>
+     </properties>
+
+     <dependencyManagement>
+         <dependencies>
+             <dependency>
+                 <groupId>com.telamin.fluxtion</groupId>
+                 <artifactId>fluxtion-bom</artifactId>
+                 <version>${fluxtion.bom.version}</version>
+                 <type>pom</type>
+                 <scope>import</scope>
+             </dependency>
+         </dependencies>
+     </dependencyManagement>
+
+     <dependencies>
+         <!-- Fluxtion runtime — the generated processor's runtime dependency. -->
+         <dependency>
+             <groupId>com.telamin.fluxtion</groupId>
+             <artifactId>fluxtion-runtime</artifactId>
+         </dependency>
+         <!-- In-process compile: Fluxtion.compile(...) runs source-gen at startup,
+              so the builder/compiler is needed at RUNTIME (compile scope). -->
+         <dependency>
+             <groupId>com.telamin.fluxtion</groupId>
+             <artifactId>fluxtion-builder</artifactId>
+         </dependency>
+         <dependency>
+             <groupId>org.junit.jupiter</groupId>
+             <artifactId>junit-jupiter</artifactId>
+             <version>5.11.4</version>
+             <scope>test</scope>
+         </dependency>
+     </dependencies>
+
+     <repositories>
+         <repository>
+             <id>central</id>
+             <url>https://repo.maven.apache.org/maven2</url>
+         </repository>
+         <repository>
+             <id>repsy-fluxtion-public</id>
+             <url>https://repo.repsy.io/mvn/fluxtion/fluxtion-public</url>
+         </repository>
+     </repositories>
+
+     <build>
+         <plugins>
+             <!-- Runnable fat jar: java -jar target/fluxtion-audit-1.0.0-SNAPSHOT.jar -->
+             <plugin>
+                 <groupId>org.apache.maven.plugins</groupId>
+                 <artifactId>maven-shade-plugin</artifactId>
+                 <version>3.6.0</version>
+                 <executions>
+                     <execution>
+                         <phase>package</phase>
+                         <goals><goal>shade</goal></goals>
+                         <configuration>
+                             <createDependencyReducedPom>false</createDependencyReducedPom>
+                             <transformers>
+                                 <transformer implementation="org.apache.maven.plugins.shade.resource.ManifestResourceTransformer">
+                                     <mainClass>com.example.myapp.FluxtionMain</mainClass>
+                                 </transformer>
+                                 <transformer implementation="org.apache.maven.plugins.shade.resource.ServicesResourceTransformer"/>
+                             </transformers>
+                             <filters>
+                                 <filter>
+                                     <artifact>*:*</artifact>
+                                     <excludes>
+                                         <exclude>META-INF/*.SF</exclude>
+                                         <exclude>META-INF/*.DSA</exclude>
+                                         <exclude>META-INF/*.RSA</exclude>
+                                     </excludes>
+                                 </filter>
+                             </filters>
+                         </configuration>
+                     </execution>
+                 </executions>
+             </plugin>
+         </plugins>
+     </build>
+ </project>
+

 ❯ src/lib/starter/project-support.test.ts:46:34
     44|    const files = new Map(generate(builtinTemplateSpec(id)!).map((f) =>…
     45|    if (files.has('run.sh')) {
     46|     expect(files.get('pom.xml')).toContain('Runnable fat jar: launch w…
       |                                  ^
     47|     expect(files.get('pom.xml')).not.toContain('Runnable fat jar: java…
     48|     expect(files.get('runbooks/build.md')).toContain('./run.sh');

⎯⎯⎯⎯⎯⎯⎯⎯⎯⎯⎯⎯⎯⎯⎯⎯⎯⎯⎯⎯⎯⎯⎯⎯[2/8]⎯

 FAIL  src/lib/starter/project-support.test.ts > project journey support > POM launch advice agrees with the emitted files for fluxtion-connector.starter.json
AssertionError: expected '<?xml version="1.0" encoding="UTF-8"?…' to contain 'Runnable fat jar: launch with ./run.sh'

- Expected
+ Received

- Runnable fat jar: launch with ./run.sh
+ <?xml version="1.0" encoding="UTF-8"?>
+ <project xmlns="http://maven.apache.org/POM/4.0.0"
+          xmlns:xsi="http://www.w3.org/2001/XMLSchema-instance"
+          xsi:schemaLocation="http://maven.apache.org/POM/4.0.0 http://maven.apache.org/xsd/maven-4.0.0.xsd">
+     <modelVersion>4.0.0</modelVersion>
+
+     <groupId>com.example</groupId>
+     <artifactId>fluxtion-connector</artifactId>
+     <version>1.0.0-SNAPSHOT</version>
+     <packaging>jar</packaging>
+
+     <properties>
+         <maven.compiler.release>21</maven.compiler.release>
+         <project.build.sourceEncoding>UTF-8</project.build.sourceEncoding>
+         <fluxtion.version>1.0.16</fluxtion.version>
+         <fluxtion.bom.version>1.0.71</fluxtion.bom.version>
+     </properties>
+
+     <dependencyManagement>
+         <dependencies>
+             <dependency>
+                 <groupId>com.telamin.fluxtion</groupId>
+                 <artifactId>fluxtion-bom</artifactId>
+                 <version>${fluxtion.bom.version}</version>
+                 <type>pom</type>
+                 <scope>import</scope>
+             </dependency>
+         </dependencies>
+     </dependencyManagement>
+
+     <dependencies>
+         <!-- Fluxtion runtime — the generated processor's runtime dependency. -->
+         <dependency>
+             <groupId>com.telamin.fluxtion</groupId>
+             <artifactId>fluxtion-runtime</artifactId>
+         </dependency>
+         <!-- In-process compile: Fluxtion.compile(...) runs source-gen at startup,
+              so the builder/compiler is needed at RUNTIME (compile scope). -->
+         <dependency>
+             <groupId>com.telamin.fluxtion</groupId>
+             <artifactId>fluxtion-builder</artifactId>
+         </dependency>
+         <dependency>
+             <groupId>org.junit.jupiter</groupId>
+             <artifactId>junit-jupiter</artifactId>
+             <version>5.11.4</version>
+             <scope>test</scope>
+         </dependency>
+     </dependencies>
+
+     <repositories>
+         <repository>
+             <id>central</id>
+             <url>https://repo.maven.apache.org/maven2</url>
+         </repository>
+         <repository>
+             <id>repsy-fluxtion-public</id>
+             <url>https://repo.repsy.io/mvn/fluxtion/fluxtion-public</url>
+         </repository>
+     </repositories>
+
+     <build>
+         <plugins>
+             <!-- Runnable fat jar: java -jar target/fluxtion-connector-1.0.0-SNAPSHOT.jar -->
+             <plugin>
+                 <groupId>org.apache.maven.plugins</groupId>
+                 <artifactId>maven-shade-plugin</artifactId>
+                 <version>3.6.0</version>
+                 <executions>
+                     <execution>
+                         <phase>package</phase>
+                         <goals><goal>shade</goal></goals>
+                         <configuration>
+                             <createDependencyReducedPom>false</createDependencyReducedPom>
+                             <transformers>
+                                 <transformer implementation="org.apache.maven.plugins.shade.resource.ManifestResourceTransformer">
+                                     <mainClass>com.example.myapp.FluxtionMain</mainClass>
+                                     <!-- agrona opens; the run script also adds the matching
+                                          Add-Exports flag (no manifest header exists for it). -->
+                                     <manifestEntries>
+                                         <Add-Opens>java.base/jdk.internal.misc=ALL-UNNAMED java.base/java.lang.reflect=ALL-UNNAMED java.base/sun.nio.ch=ALL-UNNAMED</Add-Opens>
+                                     </manifestEntries>
+                                 </transformer>
+                                 <transformer implementation="org.apache.maven.plugins.shade.resource.ServicesResourceTransformer"/>
+                             </transformers>
+                             <filters>
+                                 <filter>
+                                     <artifact>*:*</artifact>
+                                     <excludes>
+                                         <exclude>META-INF/*.SF</exclude>
+                                         <exclude>META-INF/*.DSA</exclude>
+                                         <exclude>META-INF/*.RSA</exclude>
+                                     </excludes>
+                                 </filter>
+                             </filters>
+                         </configuration>
+                     </execution>
+                 </executions>
+             </plugin>
+         </plugins>
+     </build>
+ </project>
+

 ❯ src/lib/starter/project-support.test.ts:46:34
     44|    const files = new Map(generate(builtinTemplateSpec(id)!).map((f) =>…
     45|    if (files.has('run.sh')) {
     46|     expect(files.get('pom.xml')).toContain('Runnable fat jar: launch w…
       |                                  ^
     47|     expect(files.get('pom.xml')).not.toContain('Runnable fat jar: java…
     48|     expect(files.get('runbooks/build.md')).toContain('./run.sh');

⎯⎯⎯⎯⎯⎯⎯⎯⎯⎯⎯⎯⎯⎯⎯⎯⎯⎯⎯⎯⎯⎯⎯⎯[3/8]⎯

 FAIL  src/lib/starter/project-support.test.ts > project journey support > POM launch advice agrees with the emitted files for fluxtion-dag-multi-io.starter.json
AssertionError: expected '<?xml version="1.0" encoding="UTF-8"?…' to contain 'Runnable fat jar: launch with ./run.sh'

- Expected
+ Received

- Runnable fat jar: launch with ./run.sh
+ <?xml version="1.0" encoding="UTF-8"?>
+ <project xmlns="http://maven.apache.org/POM/4.0.0"
+          xmlns:xsi="http://www.w3.org/2001/XMLSchema-instance"
+          xsi:schemaLocation="http://maven.apache.org/POM/4.0.0 http://maven.apache.org/xsd/maven-4.0.0.xsd">
+     <modelVersion>4.0.0</modelVersion>
+
+     <groupId>com.example</groupId>
+     <artifactId>fluxtion-dag-multi-io</artifactId>
+     <version>1.0.0-SNAPSHOT</version>
+     <packaging>jar</packaging>
+
+     <properties>
+         <maven.compiler.release>21</maven.compiler.release>
+         <project.build.sourceEncoding>UTF-8</project.build.sourceEncoding>
+         <fluxtion.version>1.0.16</fluxtion.version>
+         <fluxtion.bom.version>1.0.71</fluxtion.bom.version>
+         <fluxtion.maven-plugin.version>1.3.0</fluxtion.maven-plugin.version>
+     </properties>
+
+     <dependencyManagement>
+         <dependencies>
+             <dependency>
+                 <groupId>com.telamin.fluxtion</groupId>
+                 <artifactId>fluxtion-bom</artifactId>
+                 <version>${fluxtion.bom.version}</version>
+                 <type>pom</type>
+                 <scope>import</scope>
+             </dependency>
+         </dependencies>
+     </dependencyManagement>
+
+     <dependencies>
+         <!-- Fluxtion runtime — the generated processor's runtime dependency. -->
+         <dependency>
+             <groupId>com.telamin.fluxtion</groupId>
+             <artifactId>fluxtion-runtime</artifactId>
+         </dependency>
+         <!-- AOT: the fluxtion-maven-plugin generates the processor at BUILD time, so
+              the builder/compiler is only needed then — 'provided' keeps it off the
+              runtime classpath and out of the fat jar. -->
+         <dependency>
+             <groupId>com.telamin.fluxtion</groupId>
+             <artifactId>fluxtion-builder</artifactId>
+             <scope>provided</scope>
+         </dependency>
+         <dependency>
+             <groupId>org.junit.jupiter</groupId>
+             <artifactId>junit-jupiter</artifactId>
+             <version>5.11.4</version>
+             <scope>test</scope>
+         </dependency>
+     </dependencies>
+
+     <repositories>
+         <repository>
+             <id>central</id>
+             <url>https://repo.maven.apache.org/maven2</url>
+         </repository>
+         <repository>
+             <id>repsy-fluxtion-public</id>
+             <url>https://repo.repsy.io/mvn/fluxtion/fluxtion-public</url>
+         </repository>
+     </repositories>
+
+     <pluginRepositories>
+         <pluginRepository>
+             <id>central</id>
+             <url>https://repo.maven.apache.org/maven2</url>
+         </pluginRepository>
+         <pluginRepository>
+             <id>repsy-fluxtion-public</id>
+             <url>https://repo.repsy.io/mvn/fluxtion/fluxtion-public</url>
+         </pluginRepository>
+     </pluginRepositories>
+
+     <build>
+         <plugins>
+             <!-- AOT generation: scan finds the FluxtionGraphBuilder (in compiled classes),
+                  invokes it, and emits PricingDag (package
+                  com.example.myapp.generated). The scan goal calls the cloud source-gen service,
+                  so './mvnw package' needs a free, subscribed Fluxtion API key at build time. -->
+             <plugin>
+                 <groupId>com.telamin.fluxtion</groupId>
+                 <artifactId>fluxtion-maven-plugin</artifactId>
+                 <version>${fluxtion.maven-plugin.version}</version>
+                 <executions>
+                     <execution>
+                         <phase>process-classes</phase>
+                         <goals><goal>scan</goal></goals>
+                     </execution>
+                 </executions>
+             </plugin>
+
+             <!-- Compile the processor source the fluxtion plugin just generated. -->
+             <plugin>
+                 <groupId>org.apache.maven.plugins</groupId>
+                 <artifactId>maven-compiler-plugin</artifactId>
+                 <executions>
+                     <execution>
+                         <id>compile-generated</id>
+                         <phase>process-classes</phase>
+                         <goals><goal>compile</goal></goals>
+                     </execution>
+                 </executions>
+             </plugin>
+
+             <!-- Runnable fat jar: java -jar target/fluxtion-dag-multi-io-1.0.0-SNAPSHOT.jar -->
+             <plugin>
+                 <groupId>org.apache.maven.plugins</groupId>
+                 <artifactId>maven-shade-plugin</artifactId>
+                 <version>3.6.0</version>
+                 <executions>
+                     <execution>
+                         <phase>package</phase>
+                         <goals><goal>shade</goal></goals>
+                         <configuration>
+                             <createDependencyReducedPom>false</createDependencyReducedPom>
+                             <transformers>
+                                 <transformer implementation="org.apache.maven.plugins.shade.resource.ManifestResourceTransformer">
+                                     <mainClass>com.example.myapp.FluxtionMain</mainClass>
+                                     <!-- agrona opens; the run script also adds the matching
+                                          Add-Exports flag (no manifest header exists for it). -->
+                                     <manifestEntries>
+                                         <Add-Opens>java.base/jdk.internal.misc=ALL-UNNAMED java.base/java.lang.reflect=ALL-UNNAMED java.base/sun.nio.ch=ALL-UNNAMED</Add-Opens>
+                                     </manifestEntries>
+                                 </transformer>
+                                 <transformer implementation="org.apache.maven.plugins.shade.resource.ServicesResourceTransformer"/>
+                             </transformers>
+                             <filters>
+                                 <filter>
+                                     <artifact>*:*</artifact>
+                                     <excludes>
+                                         <exclude>META-INF/*.SF</exclude>
+                                         <exclude>META-INF/*.DSA</exclude>
+                                         <exclude>META-INF/*.RSA</exclude>
+                                     </excludes>
+                                 </filter>
+                             </filters>
+                         </configuration>
+                     </execution>
+                 </executions>
+             </plugin>
+         </plugins>
+     </build>
+
+     <profiles>
+         <!-- GraalVM native image. Requires a GraalVM JDK on the builder (e.g. `sdk install java 21-graal`
+              or the graalvm/setup-graalvm GH action). `./mvnw -Pnative package` → target/fluxtion-dag-multi-io. -->
+         <profile>
+             <id>native</id>
+             <build>
+                 <plugins>
+                     <plugin>
+                         <groupId>org.graalvm.buildtools</groupId>
+                         <artifactId>native-maven-plugin</artifactId>
+                         <version>0.10.3</version>
+                         <extensions>true</extensions>
+                         <executions>
+                             <execution>
+                                 <id>build-native</id>
+                                 <phase>package</phase>
+                                 <goals><goal>compile-no-fork</goal></goals>
+                             </execution>
+                         </executions>
+                         <configuration>
+                             <imageName>fluxtion-dag-multi-io</imageName>
+                             <mainClass>com.example.myapp.FluxtionMain</mainClass>
+                             <buildArgs>
+                                 <buildArg>--no-fallback</buildArg>
+                                 <buildArg>-O2</buildArg>
+                                 <buildArg>-H:+ReportExceptionStackTraces</buildArg>
+                                 <!-- DataFlowConnector uses agrona (idle strategy + Unsafe buffers).
+                                      agrona 2.x's UnsafeApi resolves jdk.internal.misc.Unsafe AND
+                                      reflectively grabs the singleton in static init, so the image
+                                      builder needs that package both EXPORTED (class access) and
+                                      OPENED (deep reflection); agrona is then initialised at build
+                                      time so the Unsafe is baked into the image (the binary never
+                                      loads jdk.internal.misc.Unsafe). All three are required —
+                                      verified GraalVM 25 / JDK 25. -->
+                                 <buildArg>-J--add-exports=java.base/jdk.internal.misc=ALL-UNNAMED</buildArg>
+                                 <buildArg>-J--add-opens=java.base/jdk.internal.misc=ALL-UNNAMED</buildArg>
+                                 <buildArg>--initialize-at-build-time=org.agrona</buildArg>
+                             </buildArgs>
+                         </configuration>
+                     </plugin>
+                 </plugins>
+             </build>
+         </profile>
+     </profiles>
+ </project>
+

 ❯ src/lib/starter/project-support.test.ts:46:34
     44|    const files = new Map(generate(builtinTemplateSpec(id)!).map((f) =>…
     45|    if (files.has('run.sh')) {
     46|     expect(files.get('pom.xml')).toContain('Runnable fat jar: launch w…
       |                                  ^
     47|     expect(files.get('pom.xml')).not.toContain('Runnable fat jar: java…
     48|     expect(files.get('runbooks/build.md')).toContain('./run.sh');

⎯⎯⎯⎯⎯⎯⎯⎯⎯⎯⎯⎯⎯⎯⎯⎯⎯⎯⎯⎯⎯⎯⎯⎯[4/8]⎯

 FAIL  src/lib/starter/project-support.test.ts > project journey support > POM launch advice agrees with the emitted files for fluxtion-dsl.starter.json
AssertionError: expected '<?xml version="1.0" encoding="UTF-8"?…' to contain 'Runnable fat jar: launch with ./run.sh'

- Expected
+ Received

- Runnable fat jar: launch with ./run.sh
+ <?xml version="1.0" encoding="UTF-8"?>
+ <project xmlns="http://maven.apache.org/POM/4.0.0"
+          xmlns:xsi="http://www.w3.org/2001/XMLSchema-instance"
+          xsi:schemaLocation="http://maven.apache.org/POM/4.0.0 http://maven.apache.org/xsd/maven-4.0.0.xsd">
+     <modelVersion>4.0.0</modelVersion>
+
+     <groupId>com.example</groupId>
+     <artifactId>fluxtion-dsl</artifactId>
+     <version>1.0.0-SNAPSHOT</version>
+     <packaging>jar</packaging>
+
+     <properties>
+         <maven.compiler.release>21</maven.compiler.release>
+         <project.build.sourceEncoding>UTF-8</project.build.sourceEncoding>
+         <fluxtion.version>1.0.16</fluxtion.version>
+         <fluxtion.bom.version>1.0.71</fluxtion.bom.version>
+     </properties>
+
+     <dependencyManagement>
+         <dependencies>
+             <dependency>
+                 <groupId>com.telamin.fluxtion</groupId>
+                 <artifactId>fluxtion-bom</artifactId>
+                 <version>${fluxtion.bom.version}</version>
+                 <type>pom</type>
+                 <scope>import</scope>
+             </dependency>
+         </dependencies>
+     </dependencyManagement>
+
+     <dependencies>
+         <!-- Fluxtion runtime — the generated processor's runtime dependency. -->
+         <dependency>
+             <groupId>com.telamin.fluxtion</groupId>
+             <artifactId>fluxtion-runtime</artifactId>
+         </dependency>
+         <!-- In-process compile: Fluxtion.compile(...) runs source-gen at startup,
+              so the builder/compiler is needed at RUNTIME (compile scope). -->
+         <dependency>
+             <groupId>com.telamin.fluxtion</groupId>
+             <artifactId>fluxtion-builder</artifactId>
+         </dependency>
+         <dependency>
+             <groupId>org.junit.jupiter</groupId>
+             <artifactId>junit-jupiter</artifactId>
+             <version>5.11.4</version>
+             <scope>test</scope>
+         </dependency>
+     </dependencies>
+
+     <repositories>
+         <repository>
+             <id>central</id>
+             <url>https://repo.maven.apache.org/maven2</url>
+         </repository>
+         <repository>
+             <id>repsy-fluxtion-public</id>
+             <url>https://repo.repsy.io/mvn/fluxtion/fluxtion-public</url>
+         </repository>
+     </repositories>
+
+     <build>
+         <plugins>
+             <!-- Runnable fat jar: java -jar target/fluxtion-dsl-1.0.0-SNAPSHOT.jar -->
+             <plugin>
+                 <groupId>org.apache.maven.plugins</groupId>
+                 <artifactId>maven-shade-plugin</artifactId>
+                 <version>3.6.0</version>
+                 <executions>
+                     <execution>
+                         <phase>package</phase>
+                         <goals><goal>shade</goal></goals>
+                         <configuration>
+                             <createDependencyReducedPom>false</createDependencyReducedPom>
+                             <transformers>
+                                 <transformer implementation="org.apache.maven.plugins.shade.resource.ManifestResourceTransformer">
+                                     <mainClass>com.example.myapp.FluxtionMain</mainClass>
+                                 </transformer>
+                                 <transformer implementation="org.apache.maven.plugins.shade.resource.ServicesResourceTransformer"/>
+                             </transformers>
+                             <filters>
+                                 <filter>
+                                     <artifact>*:*</artifact>
+                                     <excludes>
+                                         <exclude>META-INF/*.SF</exclude>
+                                         <exclude>META-INF/*.DSA</exclude>
+                                         <exclude>META-INF/*.RSA</exclude>
+                                     </excludes>
+                                 </filter>
+                             </filters>
+                         </configuration>
+                     </execution>
+                 </executions>
+             </plugin>
+         </plugins>
+     </build>
+ </project>
+

 ❯ src/lib/starter/project-support.test.ts:46:34
     44|    const files = new Map(generate(builtinTemplateSpec(id)!).map((f) =>…
     45|    if (files.has('run.sh')) {
     46|     expect(files.get('pom.xml')).toContain('Runnable fat jar: launch w…
       |                                  ^
     47|     expect(files.get('pom.xml')).not.toContain('Runnable fat jar: java…
     48|     expect(files.get('runbooks/build.md')).toContain('./run.sh');

⎯⎯⎯⎯⎯⎯⎯⎯⎯⎯⎯⎯⎯⎯⎯⎯⎯⎯⎯⎯⎯⎯⎯⎯[5/8]⎯

 FAIL  src/lib/starter/project-support.test.ts > project journey support > POM launch advice agrees with the emitted files for fluxtion-embedded.starter.json
AssertionError: expected '<?xml version="1.0" encoding="UTF-8"?…' to contain 'Runnable fat jar: launch with ./run.sh'

- Expected
+ Received

- Runnable fat jar: launch with ./run.sh
+ <?xml version="1.0" encoding="UTF-8"?>
+ <project xmlns="http://maven.apache.org/POM/4.0.0"
+          xmlns:xsi="http://www.w3.org/2001/XMLSchema-instance"
+          xsi:schemaLocation="http://maven.apache.org/POM/4.0.0 http://maven.apache.org/xsd/maven-4.0.0.xsd">
+     <modelVersion>4.0.0</modelVersion>
+
+     <groupId>com.example</groupId>
+     <artifactId>fluxtion-embedded</artifactId>
+     <version>1.0.0-SNAPSHOT</version>
+     <packaging>jar</packaging>
+
+     <properties>
+         <maven.compiler.release>21</maven.compiler.release>
+         <project.build.sourceEncoding>UTF-8</project.build.sourceEncoding>
+         <fluxtion.version>1.0.16</fluxtion.version>
+         <fluxtion.bom.version>1.0.71</fluxtion.bom.version>
+     </properties>
+
+     <dependencyManagement>
+         <dependencies>
+             <dependency>
+                 <groupId>com.telamin.fluxtion</groupId>
+                 <artifactId>fluxtion-bom</artifactId>
+                 <version>${fluxtion.bom.version}</version>
+                 <type>pom</type>
+                 <scope>import</scope>
+             </dependency>
+         </dependencies>
+     </dependencyManagement>
+
+     <dependencies>
+         <!-- Fluxtion runtime — the generated processor's runtime dependency. -->
+         <dependency>
+             <groupId>com.telamin.fluxtion</groupId>
+             <artifactId>fluxtion-runtime</artifactId>
+         </dependency>
+         <!-- In-process compile: Fluxtion.compile(...) runs source-gen at startup,
+              so the builder/compiler is needed at RUNTIME (compile scope). -->
+         <dependency>
+             <groupId>com.telamin.fluxtion</groupId>
+             <artifactId>fluxtion-builder</artifactId>
+         </dependency>
+         <dependency>
+             <groupId>org.junit.jupiter</groupId>
+             <artifactId>junit-jupiter</artifactId>
+             <version>5.11.4</version>
+             <scope>test</scope>
+         </dependency>
+     </dependencies>
+
+     <repositories>
+         <repository>
+             <id>central</id>
+             <url>https://repo.maven.apache.org/maven2</url>
+         </repository>
+         <repository>
+             <id>repsy-fluxtion-public</id>
+             <url>https://repo.repsy.io/mvn/fluxtion/fluxtion-public</url>
+         </repository>
+     </repositories>
+
+     <build>
+         <plugins>
+             <!-- Runnable fat jar: java -jar target/fluxtion-embedded-1.0.0-SNAPSHOT.jar -->
+             <plugin>
+                 <groupId>org.apache.maven.plugins</groupId>
+                 <artifactId>maven-shade-plugin</artifactId>
+                 <version>3.6.0</version>
+                 <executions>
+                     <execution>
+                         <phase>package</phase>
+                         <goals><goal>shade</goal></goals>
+                         <configuration>
+                             <createDependencyReducedPom>false</createDependencyReducedPom>
+                             <transformers>
+                                 <transformer implementation="org.apache.maven.plugins.shade.resource.ManifestResourceTransformer">
+                                     <mainClass>com.example.myapp.FluxtionMain</mainClass>
+                                 </transformer>
+                                 <transformer implementation="org.apache.maven.plugins.shade.resource.ServicesResourceTransformer"/>
+                             </transformers>
+                             <filters>
+                                 <filter>
+                                     <artifact>*:*</artifact>
+                                     <excludes>
+                                         <exclude>META-INF/*.SF</exclude>
+                                         <exclude>META-INF/*.DSA</exclude>
+                                         <exclude>META-INF/*.RSA</exclude>
+                                     </excludes>
+                                 </filter>
+                             </filters>
+                         </configuration>
+                     </execution>
+                 </executions>
+             </plugin>
+         </plugins>
+     </build>
+ </project>
+

 ❯ src/lib/starter/project-support.test.ts:46:34
     44|    const files = new Map(generate(builtinTemplateSpec(id)!).map((f) =>…
     45|    if (files.has('run.sh')) {
     46|     expect(files.get('pom.xml')).toContain('Runnable fat jar: launch w…
       |                                  ^
     47|     expect(files.get('pom.xml')).not.toContain('Runnable fat jar: java…
     48|     expect(files.get('runbooks/build.md')).toContain('./run.sh');

⎯⎯⎯⎯⎯⎯⎯⎯⎯⎯⎯⎯⎯⎯⎯⎯⎯⎯⎯⎯⎯⎯⎯⎯[6/8]⎯

 FAIL  src/lib/starter/project-support.test.ts > project journey support > POM launch advice agrees with the emitted files for fluxtion-service-export.starter.json
AssertionError: expected '<?xml version="1.0" encoding="UTF-8"?…' to contain 'Runnable fat jar: launch with ./run.sh'

- Expected
+ Received

- Runnable fat jar: launch with ./run.sh
+ <?xml version="1.0" encoding="UTF-8"?>
+ <project xmlns="http://maven.apache.org/POM/4.0.0"
+          xmlns:xsi="http://www.w3.org/2001/XMLSchema-instance"
+          xsi:schemaLocation="http://maven.apache.org/POM/4.0.0 http://maven.apache.org/xsd/maven-4.0.0.xsd">
+     <modelVersion>4.0.0</modelVersion>
+
+     <groupId>com.example</groupId>
+     <artifactId>fluxtion-service-export</artifactId>
+     <version>1.0.0-SNAPSHOT</version>
+     <packaging>jar</packaging>
+
+     <properties>
+         <maven.compiler.release>21</maven.compiler.release>
+         <project.build.sourceEncoding>UTF-8</project.build.sourceEncoding>
+         <fluxtion.version>1.0.16</fluxtion.version>
+         <fluxtion.bom.version>1.0.71</fluxtion.bom.version>
+     </properties>
+
+     <dependencyManagement>
+         <dependencies>
+             <dependency>
+                 <groupId>com.telamin.fluxtion</groupId>
+                 <artifactId>fluxtion-bom</artifactId>
+                 <version>${fluxtion.bom.version}</version>
+                 <type>pom</type>
+                 <scope>import</scope>
+             </dependency>
+         </dependencies>
+     </dependencyManagement>
+
+     <dependencies>
+         <!-- Fluxtion runtime — the generated processor's runtime dependency. -->
+         <dependency>
+             <groupId>com.telamin.fluxtion</groupId>
+             <artifactId>fluxtion-runtime</artifactId>
+         </dependency>
+         <!-- In-process compile: Fluxtion.compile(...) runs source-gen at startup,
+              so the builder/compiler is needed at RUNTIME (compile scope). -->
+         <dependency>
+             <groupId>com.telamin.fluxtion</groupId>
+             <artifactId>fluxtion-builder</artifactId>
+         </dependency>
+         <dependency>
+             <groupId>org.junit.jupiter</groupId>
+             <artifactId>junit-jupiter</artifactId>
+             <version>5.11.4</version>
+             <scope>test</scope>
+         </dependency>
+     </dependencies>
+
+     <repositories>
+         <repository>
+             <id>central</id>
+             <url>https://repo.maven.apache.org/maven2</url>
+         </repository>
+         <repository>
+             <id>repsy-fluxtion-public</id>
+             <url>https://repo.repsy.io/mvn/fluxtion/fluxtion-public</url>
+         </repository>
+     </repositories>
+
+     <build>
+         <plugins>
+             <!-- Runnable fat jar: java -jar target/fluxtion-service-export-1.0.0-SNAPSHOT.jar -->
+             <plugin>
+                 <groupId>org.apache.maven.plugins</groupId>
+                 <artifactId>maven-shade-plugin</artifactId>
+                 <version>3.6.0</version>
+                 <executions>
+                     <execution>
+                         <phase>package</phase>
+                         <goals><goal>shade</goal></goals>
+                         <configuration>
+                             <createDependencyReducedPom>false</createDependencyReducedPom>
+                             <transformers>
+                                 <transformer implementation="org.apache.maven.plugins.shade.resource.ManifestResourceTransformer">
+                                     <mainClass>com.example.myapp.FluxtionMain</mainClass>
+                                 </transformer>
+                                 <transformer implementation="org.apache.maven.plugins.shade.resource.ServicesResourceTransformer"/>
+                             </transformers>
+                             <filters>
+                                 <filter>
+                                     <artifact>*:*</artifact>
+                                     <excludes>
+                                         <exclude>META-INF/*.SF</exclude>
+                                         <exclude>META-INF/*.DSA</exclude>
+                                         <exclude>META-INF/*.RSA</exclude>
+                                     </excludes>
+                                 </filter>
+                             </filters>
+                         </configuration>
+                     </execution>
+                 </executions>
+             </plugin>
+         </plugins>
+     </build>
+ </project>
+

 ❯ src/lib/starter/project-support.test.ts:46:34
     44|    const files = new Map(generate(builtinTemplateSpec(id)!).map((f) =>…
     45|    if (files.has('run.sh')) {
     46|     expect(files.get('pom.xml')).toContain('Runnable fat jar: launch w…
       |                                  ^
     47|     expect(files.get('pom.xml')).not.toContain('Runnable fat jar: java…
     48|     expect(files.get('runbooks/build.md')).toContain('./run.sh');

⎯⎯⎯⎯⎯⎯⎯⎯⎯⎯⎯⎯⎯⎯⎯⎯⎯⎯⎯⎯⎯⎯⎯⎯[7/8]⎯

 FAIL  src/lib/starter/project-support.test.ts > project journey support > POM launch advice agrees with the emitted files for fluxtion-spring.starter.json
AssertionError: expected '<?xml version="1.0" encoding="UTF-8"?…' to contain 'Runnable fat jar: launch with ./run.sh'

- Expected
+ Received

- Runnable fat jar: launch with ./run.sh
+ <?xml version="1.0" encoding="UTF-8"?>
+ <project xmlns="http://maven.apache.org/POM/4.0.0"
+          xmlns:xsi="http://www.w3.org/2001/XMLSchema-instance"
+          xsi:schemaLocation="http://maven.apache.org/POM/4.0.0 http://maven.apache.org/xsd/maven-4.0.0.xsd">
+     <modelVersion>4.0.0</modelVersion>
+
+     <groupId>com.example</groupId>
+     <artifactId>fluxtion-spring</artifactId>
+     <version>1.0.0-SNAPSHOT</version>
+     <packaging>jar</packaging>
+
+     <properties>
+         <maven.compiler.release>21</maven.compiler.release>
+         <project.build.sourceEncoding>UTF-8</project.build.sourceEncoding>
+         <fluxtion.version>1.0.16</fluxtion.version>
+         <fluxtion.bom.version>1.0.72</fluxtion.bom.version>
+         <fluxtion.maven-plugin.version>1.3.0</fluxtion.maven-plugin.version>
+     </properties>
+
+     <dependencyManagement>
+         <dependencies>
+             <dependency>
+                 <groupId>com.telamin.fluxtion</groupId>
+                 <artifactId>fluxtion-bom</artifactId>
+                 <version>${fluxtion.bom.version}</version>
+                 <type>pom</type>
+                 <scope>import</scope>
+             </dependency>
+         </dependencies>
+     </dependencyManagement>
+
+     <dependencies>
+         <!-- Fluxtion runtime — the generated processor's runtime dependency. -->
+         <dependency>
+             <groupId>com.telamin.fluxtion</groupId>
+             <artifactId>fluxtion-runtime</artifactId>
+         </dependency>
+         <!-- AOT: the fluxtion-maven-plugin generates the processor at BUILD time, so
+              the builder/compiler is only needed then — 'provided' keeps it off the
+              runtime classpath and out of the fat jar. -->
+         <dependency>
+             <groupId>com.telamin.fluxtion</groupId>
+             <artifactId>fluxtion-builder</artifactId>
+             <scope>provided</scope>
+         </dependency>
+         <dependency>
+             <groupId>org.springframework</groupId>
+             <artifactId>spring-context</artifactId>
+             <version>5.3.29</version>
+             <scope>provided</scope>
+         </dependency>
+         <dependency>
+             <groupId>org.junit.jupiter</groupId>
+             <artifactId>junit-jupiter</artifactId>
+             <version>5.11.4</version>
+             <scope>test</scope>
+         </dependency>
+     </dependencies>
+
+     <repositories>
+         <repository>
+             <id>central</id>
+             <url>https://repo.maven.apache.org/maven2</url>
+         </repository>
+         <repository>
+             <id>repsy-fluxtion-public</id>
+             <url>https://repo.repsy.io/mvn/fluxtion/fluxtion-public</url>
+         </repository>
+     </repositories>
+
+     <pluginRepositories>
+         <pluginRepository>
+             <id>central</id>
+             <url>https://repo.maven.apache.org/maven2</url>
+         </pluginRepository>
+         <pluginRepository>
+             <id>repsy-fluxtion-public</id>
+             <url>https://repo.repsy.io/mvn/fluxtion/fluxtion-public</url>
+         </pluginRepository>
+     </pluginRepositories>
+
+     <build>
+         <resources>
+             <resource>
+                 <directory>src/main/fluxtion/designer</directory>
+             </resource>
+             <resource>
+                 <directory>src/main/resources</directory>
+             </resource>
+         </resources>
+         <plugins>
+             <!-- AOT generation: scan finds the FluxtionGraphBuilder (in compiled classes) — here the SpringAotBuilder, which applies application-context.xml,
+                  invokes it, and emits MarketProcessor (package
+                  com.example.myapp.generated). The scan goal calls the cloud source-gen service,
+                  so './mvnw package' needs a free, subscribed Fluxtion API key at build time. -->
+             <plugin>
+                 <groupId>com.telamin.fluxtion</groupId>
+                 <artifactId>fluxtion-maven-plugin</artifactId>
+                 <version>${fluxtion.maven-plugin.version}</version>
+                 <executions>
+                     <execution>
+                         <phase>process-classes</phase>
+                         <goals><goal>scan</goal></goals>
+                     </execution>
+                 </executions>
+             </plugin>
+
+             <!-- Compile the processor source the fluxtion plugin just generated. -->
+             <plugin>
+                 <groupId>org.apache.maven.plugins</groupId>
+                 <artifactId>maven-compiler-plugin</artifactId>
+                 <executions>
+                     <execution>
+                         <id>compile-generated</id>
+                         <phase>process-classes</phase>
+                         <goals><goal>compile</goal></goals>
+                     </execution>
+                 </executions>
+             </plugin>
+
+             <!-- Runnable fat jar: java -jar target/fluxtion-spring-1.0.0-SNAPSHOT.jar -->
+             <plugin>
+                 <groupId>org.apache.maven.plugins</groupId>
+                 <artifactId>maven-shade-plugin</artifactId>
+                 <version>3.6.0</version>
+                 <executions>
+                     <execution>
+                         <phase>package</phase>
+                         <goals><goal>shade</goal></goals>
+                         <configuration>
+                             <createDependencyReducedPom>false</createDependencyReducedPom>
+                             <transformers>
+                                 <transformer implementation="org.apache.maven.plugins.shade.resource.ManifestResourceTransformer">
+                                     <mainClass>com.example.myapp.FluxtionMain</mainClass>
+                                 </transformer>
+                                 <transformer implementation="org.apache.maven.plugins.shade.resource.ServicesResourceTransformer"/>
+                             </transformers>
+                             <filters>
+                                 <filter>
+                                     <artifact>*:*</artifact>
+                                     <excludes>
+                                         <exclude>META-INF/*.SF</exclude>
+                                         <exclude>META-INF/*.DSA</exclude>
+                                         <exclude>META-INF/*.RSA</exclude>
+                                     </excludes>
+                                 </filter>
+                             </filters>
+                         </configuration>
+                     </execution>
+                 </executions>
+             </plugin>
+         </plugins>
+     </build>
+
+     <profiles>
+         <!-- GraalVM native image. Requires a GraalVM JDK on the builder (e.g. `sdk install java 21-graal`
+              or the graalvm/setup-graalvm GH action). `./mvnw -Pnative package` → target/fluxtion-spring. -->
+         <profile>
+             <id>native</id>
+             <build>
+                 <plugins>
+                     <plugin>
+                         <groupId>org.graalvm.buildtools</groupId>
+                         <artifactId>native-maven-plugin</artifactId>
+                         <version>0.10.3</version>
+                         <extensions>true</extensions>
+                         <executions>
+                             <execution>
+                                 <id>build-native</id>
+                                 <phase>package</phase>
+                                 <goals><goal>compile-no-fork</goal></goals>
+                             </execution>
+                         </executions>
+                         <configuration>
+                             <imageName>fluxtion-spring</imageName>
+                             <mainClass>com.example.myapp.FluxtionMain</mainClass>
+                             <buildArgs>
+                                 <buildArg>--no-fallback</buildArg>
+                                 <buildArg>-O2</buildArg>
+                                 <buildArg>-H:+ReportExceptionStackTraces</buildArg>
+                             </buildArgs>
+                         </configuration>
+                     </plugin>
+                 </plugins>
+             </build>
+         </profile>
+     </profiles>
+ </project>
+

 ❯ src/lib/starter/project-support.test.ts:46:34
     44|    const files = new Map(generate(builtinTemplateSpec(id)!).map((f) =>…
     45|    if (files.has('run.sh')) {
     46|     expect(files.get('pom.xml')).toContain('Runnable fat jar: launch w…
       |                                  ^
     47|     expect(files.get('pom.xml')).not.toContain('Runnable fat jar: java…
     48|     expect(files.get('runbooks/build.md')).toContain('./run.sh');

⎯⎯⎯⎯⎯⎯⎯⎯⎯⎯⎯⎯⎯⎯⎯⎯⎯⎯⎯⎯⎯⎯⎯⎯[8/8]⎯


 Test Files  1 failed (1)
      Tests  8 failed | 27 passed (35)
   Start at  21:26:29
   Duration  874ms (transform 194ms, setup 0ms, import 533ms, tests 221ms, environment 0ms)
