
 RUN  v4.1.5 /private/tmp/fluxtion-journey-web/web

 ❯ src/lib/starter/project-support.test.ts (36 tests | 8 failed) 153ms
     × hosted runbooks use the shipped launcher for analyser-bundle.starter.json 24ms
     × hosted runbooks use the shipped launcher for fluxtion-spring-mongoose.starter.json 3ms
     × hosted runbooks use the shipped launcher for mongoose-dynamic-feed.starter.json 1ms
     × hosted runbooks use the shipped launcher for mongoose-dynamic-spring.starter.json 1ms
     × hosted runbooks use the shipped launcher for mongoose-hosted-fluxtion.starter.json 1ms
     × hosted runbooks use the shipped launcher for mongoose-server.starter.json 0ms
     × declines a launch command when the hosted launcher is disabled 0ms
     × does not infer a launcher for an unrecognised emitted file set 1ms

 Test Files  1 failed (1)
      Tests  8 failed | 28 passed (36)
   Start at  21:38:25
   Duration  827ms (transform 189ms, setup 0ms, import 555ms, tests 153ms, environment 0ms)


⎯⎯⎯⎯⎯⎯⎯ Failed Tests 8 ⎯⎯⎯⎯⎯⎯⎯

 FAIL  src/lib/starter/project-support.test.ts > project journey support > hosted runbooks use the shipped launcher for analyser-bundle.starter.json
AssertionError: expected '# Build and verify\n\nFrom the projec…' to contain './run-server.sh'

- Expected
+ Received

- ./run-server.sh
+ # Build and verify
+
+ From the project root:
+
+ ```sh
+ ./mvnw package
+ java -jar target/audit-analyser-bundle-1.0.0-SNAPSHOT.jar
+ ```
+
+ Read README for the chosen compile mode and backend prerequisites. Successful compilation does not establish business correctness.
+
+ Write expected results from the scenario inputs before running. Compare actual audit values and sink outputs against an independent calculation. For a new report, test its arithmetic, grouping and boundaries separately from unchanged existing behaviour; producing a file is not a correctness check.
+
+ Review the generated source and the selected audit configuration. Absence of node log output is not proof a node did not execute. Capture must be configured before there can be evidence. Read and preserve outputs before cleaning build files.
+

 ❯ src/lib/starter/project-support.test.ts:26:29
     24|    expect(files.has('run-server.sh')).toBe(true);
     25|    for (const path of ['runbooks/build.md', 'runbooks/hosting.md']) {
     26|     expect(files.get(path)).toContain('./run-server.sh');
       |                             ^
     27|     expect(files.get(path)).not.toContain('java -jar target/');
     28|    }

⎯⎯⎯⎯⎯⎯⎯⎯⎯⎯⎯⎯⎯⎯⎯⎯⎯⎯⎯⎯⎯⎯⎯⎯[1/8]⎯

 FAIL  src/lib/starter/project-support.test.ts > project journey support > hosted runbooks use the shipped launcher for fluxtion-spring-mongoose.starter.json
AssertionError: expected '# Build and verify\n\nFrom the projec…' to contain './run-server.sh'

- Expected
+ Received

- ./run-server.sh
+ # Build and verify
+
+ From the project root:
+
+ ```sh
+ ./mvnw package
+ java -jar target/fluxtion-spring-mongoose-1.0.0-SNAPSHOT.jar
+ ```
+
+ Read README for the chosen compile mode and backend prerequisites. Successful compilation does not establish business correctness.
+
+ Write expected results from the scenario inputs before running. Compare actual audit values and sink outputs against an independent calculation. For a new report, test its arithmetic, grouping and boundaries separately from unchanged existing behaviour; producing a file is not a correctness check.
+
+ Review the generated source and the selected audit configuration. Absence of node log output is not proof a node did not execute. Capture must be configured before there can be evidence. Read and preserve outputs before cleaning build files.
+

 ❯ src/lib/starter/project-support.test.ts:26:29
     24|    expect(files.has('run-server.sh')).toBe(true);
     25|    for (const path of ['runbooks/build.md', 'runbooks/hosting.md']) {
     26|     expect(files.get(path)).toContain('./run-server.sh');
       |                             ^
     27|     expect(files.get(path)).not.toContain('java -jar target/');
     28|    }

⎯⎯⎯⎯⎯⎯⎯⎯⎯⎯⎯⎯⎯⎯⎯⎯⎯⎯⎯⎯⎯⎯⎯⎯[2/8]⎯

 FAIL  src/lib/starter/project-support.test.ts > project journey support > hosted runbooks use the shipped launcher for mongoose-dynamic-feed.starter.json
AssertionError: expected '# Build and verify\n\nFrom the projec…' to contain './run-server.sh'

- Expected
+ Received

- ./run-server.sh
+ # Build and verify
+
+ From the project root:
+
+ ```sh
+ ./mvnw package
+ java -jar target/mongoose-dynamic-feed-1.0.0-SNAPSHOT.jar
+ ```
+
+ Read README for the chosen compile mode and backend prerequisites. Successful compilation does not establish business correctness.
+
+ Write expected results from the scenario inputs before running. Compare actual audit values and sink outputs against an independent calculation. For a new report, test its arithmetic, grouping and boundaries separately from unchanged existing behaviour; producing a file is not a correctness check.
+
+ Review the generated source and the selected audit configuration. Absence of node log output is not proof a node did not execute. Capture must be configured before there can be evidence. Read and preserve outputs before cleaning build files.
+

 ❯ src/lib/starter/project-support.test.ts:26:29
     24|    expect(files.has('run-server.sh')).toBe(true);
     25|    for (const path of ['runbooks/build.md', 'runbooks/hosting.md']) {
     26|     expect(files.get(path)).toContain('./run-server.sh');
       |                             ^
     27|     expect(files.get(path)).not.toContain('java -jar target/');
     28|    }

⎯⎯⎯⎯⎯⎯⎯⎯⎯⎯⎯⎯⎯⎯⎯⎯⎯⎯⎯⎯⎯⎯⎯⎯[3/8]⎯

 FAIL  src/lib/starter/project-support.test.ts > project journey support > hosted runbooks use the shipped launcher for mongoose-dynamic-spring.starter.json
AssertionError: expected '# Build and verify\n\nFrom the projec…' to contain './run-server.sh'

- Expected
+ Received

- ./run-server.sh
+ # Build and verify
+
+ From the project root:
+
+ ```sh
+ ./mvnw package
+ java -jar target/mongoose-dynamic-spring-1.0.0-SNAPSHOT.jar
+ ```
+
+ Read README for the chosen compile mode and backend prerequisites. Successful compilation does not establish business correctness.
+
+ Write expected results from the scenario inputs before running. Compare actual audit values and sink outputs against an independent calculation. For a new report, test its arithmetic, grouping and boundaries separately from unchanged existing behaviour; producing a file is not a correctness check.
+
+ Review the generated source and the selected audit configuration. Absence of node log output is not proof a node did not execute. Capture must be configured before there can be evidence. Read and preserve outputs before cleaning build files.
+

 ❯ src/lib/starter/project-support.test.ts:26:29
     24|    expect(files.has('run-server.sh')).toBe(true);
     25|    for (const path of ['runbooks/build.md', 'runbooks/hosting.md']) {
     26|     expect(files.get(path)).toContain('./run-server.sh');
       |                             ^
     27|     expect(files.get(path)).not.toContain('java -jar target/');
     28|    }

⎯⎯⎯⎯⎯⎯⎯⎯⎯⎯⎯⎯⎯⎯⎯⎯⎯⎯⎯⎯⎯⎯⎯⎯[4/8]⎯

 FAIL  src/lib/starter/project-support.test.ts > project journey support > hosted runbooks use the shipped launcher for mongoose-hosted-fluxtion.starter.json
AssertionError: expected '# Build and verify\n\nFrom the projec…' to contain './run-server.sh'

- Expected
+ Received

- ./run-server.sh
+ # Build and verify
+
+ From the project root:
+
+ ```sh
+ ./mvnw package
+ java -jar target/mongoose-hosted-fluxtion-1.0.0-SNAPSHOT.jar
+ ```
+
+ Read README for the chosen compile mode and backend prerequisites. Successful compilation does not establish business correctness.
+
+ Write expected results from the scenario inputs before running. Compare actual audit values and sink outputs against an independent calculation. For a new report, test its arithmetic, grouping and boundaries separately from unchanged existing behaviour; producing a file is not a correctness check.
+
+ Review the generated source and the selected audit configuration. Absence of node log output is not proof a node did not execute. Capture must be configured before there can be evidence. Read and preserve outputs before cleaning build files.
+

 ❯ src/lib/starter/project-support.test.ts:26:29
     24|    expect(files.has('run-server.sh')).toBe(true);
     25|    for (const path of ['runbooks/build.md', 'runbooks/hosting.md']) {
     26|     expect(files.get(path)).toContain('./run-server.sh');
       |                             ^
     27|     expect(files.get(path)).not.toContain('java -jar target/');
     28|    }

⎯⎯⎯⎯⎯⎯⎯⎯⎯⎯⎯⎯⎯⎯⎯⎯⎯⎯⎯⎯⎯⎯⎯⎯[5/8]⎯

 FAIL  src/lib/starter/project-support.test.ts > project journey support > hosted runbooks use the shipped launcher for mongoose-server.starter.json
AssertionError: expected '# Build and verify\n\nFrom the projec…' to contain './run-server.sh'

- Expected
+ Received

- ./run-server.sh
+ # Build and verify
+
+ From the project root:
+
+ ```sh
+ ./mvnw package
+ java -jar target/mongoose-server-1.0.0-SNAPSHOT.jar
+ ```
+
+ Read README for the chosen compile mode and backend prerequisites. Successful compilation does not establish business correctness.
+
+ Write expected results from the scenario inputs before running. Compare actual audit values and sink outputs against an independent calculation. For a new report, test its arithmetic, grouping and boundaries separately from unchanged existing behaviour; producing a file is not a correctness check.
+
+ Review the generated source and the selected audit configuration. Absence of node log output is not proof a node did not execute. Capture must be configured before there can be evidence. Read and preserve outputs before cleaning build files.
+

 ❯ src/lib/starter/project-support.test.ts:26:29
     24|    expect(files.has('run-server.sh')).toBe(true);
     25|    for (const path of ['runbooks/build.md', 'runbooks/hosting.md']) {
     26|     expect(files.get(path)).toContain('./run-server.sh');
       |                             ^
     27|     expect(files.get(path)).not.toContain('java -jar target/');
     28|    }

⎯⎯⎯⎯⎯⎯⎯⎯⎯⎯⎯⎯⎯⎯⎯⎯⎯⎯⎯⎯⎯⎯⎯⎯[6/8]⎯

 FAIL  src/lib/starter/project-support.test.ts > project journey support > declines a launch command when the hosted launcher is disabled
AssertionError: expected '# Build and verify\n\nFrom the projec…' not to contain 'java -jar'

- Expected
+ Received

- java -jar
+ # Build and verify
+
+ From the project root:
+
+ ```sh
+ ./mvnw package
+ java -jar target/mongoose-server-1.0.0-SNAPSHOT.jar
+ ```
+
+ Read README for the chosen compile mode and backend prerequisites. Successful compilation does not establish business correctness.
+
+ Write expected results from the scenario inputs before running. Compare actual audit values and sink outputs against an independent calculation. For a new report, test its arithmetic, grouping and boundaries separately from unchanged existing behaviour; producing a file is not a correctness check.
+
+ Review the generated source and the selected audit configuration. Absence of node log output is not proof a node did not execute. Capture must be configured before there can be evidence. Read and preserve outputs before cleaning build files.
+

 ❯ src/lib/starter/project-support.test.ts:37:32
     35|   for (const path of ['runbooks/build.md', 'runbooks/hosting.md']) {
     36|    expect(files.get(path)).not.toContain('./run-server.sh');
     37|    expect(files.get(path)).not.toContain('java -jar');
       |                                ^
     38|    expect(files.get(path)).toContain('No run command is prescribed.');
     39|    expect(files.get(path)).toContain('.idea/runConfigurations/Mongoose…

⎯⎯⎯⎯⎯⎯⎯⎯⎯⎯⎯⎯⎯⎯⎯⎯⎯⎯⎯⎯⎯⎯⎯⎯[7/8]⎯

 FAIL  src/lib/starter/project-support.test.ts > project journey support > does not infer a launcher for an unrecognised emitted file set
AssertionError: expected '# Build and verify\n\nFrom the projec…' to contain 'No run command is prescribed.'

- Expected
+ Received

- No run command is prescribed.
+ # Build and verify
+
+ From the project root:
+
+ ```sh
+ ./mvnw package
+ java -jar target/my-app-1.0.0-SNAPSHOT.jar
+ ```
+
+ Read README for the chosen compile mode and backend prerequisites. Successful compilation does not establish business correctness.
+
+ Write expected results from the scenario inputs before running. Compare actual audit values and sink outputs against an independent calculation. For a new report, test its arithmetic, grouping and boundaries separately from unchanged existing behaviour; producing a file is not a correctness check.
+
+ Review the generated source and the selected audit configuration. Absence of node log output is not proof a node did not execute. Capture must be configured before there can be evidence. Read and preserve outputs before cleaning build files.
+

 ❯ src/lib/starter/project-support.test.ts:49:17
     47|   ]);
     48|   const guide = files.find((f) => f.path === 'runbooks/build.md')!.con…
     49|   expect(guide).toContain('No run command is prescribed.');
       |                 ^
     50|   expect(guide).toContain('custom-entry.txt');
     51|   expect(guide).not.toContain('java -jar');

⎯⎯⎯⎯⎯⎯⎯⎯⎯⎯⎯⎯⎯⎯⎯⎯⎯⎯⎯⎯⎯⎯⎯⎯[8/8]⎯
