[ERROR] Tests run: 18, Failures: 1, Errors: 0, Skipped: 0, Time elapsed: 18.44 s <<< FAILURE! -- in telamin.fluxtion.audit.analyser.analyser.ui.BundleProvenanceFrameTest
[ERROR] telamin.fluxtion.audit.analyser.analyser.ui.BundleProvenanceFrameTest.aBundleCarriesItsEventProcessor(Path) -- Time elapsed: 0.638 s <<< FAILURE!
org.opentest4j.AssertionFailedError: theRecipientCanStillChooseWithinTheSession ==> expected: <com.acme.RecipientProcessor> but was: <com.acme.demo.generated.DemoQuoteRecordedProcessor>
	at org.junit.jupiter.api.AssertionFailureBuilder.build(AssertionFailureBuilder.java:151)
	at org.junit.jupiter.api.AssertionFailureBuilder.buildAndThrow(AssertionFailureBuilder.java:132)
	at org.junit.jupiter.api.AssertEquals.failNotEqual(AssertEquals.java:197)
	at org.junit.jupiter.api.AssertEquals.assertEquals(AssertEquals.java:182)
	at org.junit.jupiter.api.Assertions.assertEquals(Assertions.java:1156)
	at telamin.fluxtion.audit.analyser.analyser.ui.BundleProvenanceFrameTest.lambda$aBundleCarriesItsEventProcessor$54(BundleProvenanceFrameTest.java:719)
	at telamin.fluxtion.audit.analyser.analyser.ui.AsyncOpenInterleavingFrameTest.lambda$onEdt$44(AsyncOpenInterleavingFrameTest.java:502)
	at java.desktop/java.awt.event.InvocationEvent.dispatch(InvocationEvent.java:308)
	at java.desktop/java.awt.EventQueue.dispatchEventImpl(EventQueue.java:773)
	at java.desktop/java.awt.EventQueue$4.run(EventQueue.java:720)
	at java.desktop/java.awt.EventQueue$4.run(EventQueue.java:714)
	at java.base/java.security.AccessController.doPrivileged(AccessController.java:400)
	at java.base/java.security.ProtectionDomain$JavaSecurityAccessImpl.doIntersectionPrivilege(ProtectionDomain.java:87)
	at java.desktop/java.awt.EventQueue.dispatchEvent(EventQueue.java:742)
	at java.desktop/java.awt.EventDispatchThread.pumpOneEventForFilters(EventDispatchThread.java:203)
	at java.desktop/java.awt.EventDispatchThread.pumpEventsForFilter(EventDispatchThread.java:124)
	at java.desktop/java.awt.EventDispatchThread.pumpEventsForHierarchy(EventDispatchThread.java:113)
	at java.desktop/java.awt.EventDispatchThread.pumpEvents(EventDispatchThread.java:109)
	at java.desktop/java.awt.EventDispatchThread.pumpEvents(EventDispatchThread.java:101)
	at java.desktop/java.awt.EventDispatchThread.run(EventDispatchThread.java:90)

[ERROR] Failures:
[ERROR]   BundleProvenanceFrameTest.lambda$aBundleCarriesItsEventProcessor$54:719 theRecipientCanStillChooseWithinTheSession ==> expected: <com.acme.RecipientProcessor> but was: <com.acme.demo.generated.DemoQuoteRecordedProcessor>
[ERROR] Tests run: 18, Failures: 1, Errors: 0, Skipped: 0
[ERROR] Failed to execute goal org.apache.maven.plugins:maven-surefire-plugin:3.2.5:test (default-test) on project fluxtion-auditlog-analyser: There are test failures.
[ERROR]
[ERROR] Please refer to <worktree>/target/surefire-reports for the individual test results.
[ERROR] Please refer to dump files (if any exist) [date].dump, [date]-jvmRun[N].dump and [date].dumpstream.
[ERROR] -> [Help 1]
[ERROR]
[ERROR] To see the full stack trace of the errors, re-run Maven with the -e switch.
[ERROR] Re-run Maven using the -X switch to enable full debug logging.
[ERROR]
[ERROR] For more information about the errors and possible solutions, please read the following articles:
[ERROR] [Help 1] http://cwiki.apache.org/confluence/display/MAVEN/MojoFailureException
