Oct 01, 2026 7:57:28 AM org.junit.jupiter.engine.execution.JupiterEngineExecutionContext close
SEVERE: Caught exception while closing extension context: org.junit.jupiter.engine.descriptor.MethodExtensionContext@1e66f1f5
java.io.IOException: Failed to delete temp directory /DEMO/tmp/junit130496541883265992. The following paths could not be deleted (see suppressed exceptions for details): <root>, home, home/.fluxtion-analyser
	at org.junit.jupiter.engine.extension.TempDirectory$CloseablePath.createIOExceptionWithAttachedFailures(TempDirectory.java:431)
	at org.junit.jupiter.engine.extension.TempDirectory$CloseablePath.close(TempDirectory.java:312)
	at org.junit.jupiter.engine.descriptor.AbstractExtensionContext.lambda$static$0(AbstractExtensionContext.java:45)
	at org.junit.platform.engine.support.store.NamespacedHierarchicalStore$EvaluatedValue.close(NamespacedHierarchicalStore.java:333)
	at org.junit.platform.engine.support.store.NamespacedHierarchicalStore$EvaluatedValue.access$800(NamespacedHierarchicalStore.java:317)
	at org.junit.platform.engine.support.store.NamespacedHierarchicalStore.lambda$close$3(NamespacedHierarchicalStore.java:98)
	at org.junit.platform.engine.support.hierarchical.ThrowableCollector.execute(ThrowableCollector.java:73)
	at org.junit.platform.engine.support.store.NamespacedHierarchicalStore.lambda$close$4(NamespacedHierarchicalStore.java:98)
	at java.base/java.util.stream.ForEachOps$ForEachOp$OfRef.accept(ForEachOps.java:184)
	at java.base/java.util.ArrayList.forEach(ArrayList.java:1596)
	at java.base/java.util.stream.SortedOps$RefSortingSink.end(SortedOps.java:395)
	at java.base/java.util.stream.Sink$ChainedReference.end(Sink.java:261)
	at java.base/java.util.stream.Sink$ChainedReference.end(Sink.java:261)
	at java.base/java.util.stream.AbstractPipeline.copyInto(AbstractPipeline.java:510)
	at java.base/java.util.stream.AbstractPipeline.wrapAndCopyInto(AbstractPipeline.java:499)
	at java.base/java.util.stream.ForEachOps$ForEachOp.evaluateSequential(ForEachOps.java:151)
	at java.base/java.util.stream.ForEachOps$ForEachOp$OfRef.evaluateSequential(ForEachOps.java:174)
	at java.base/java.util.stream.AbstractPipeline.evaluate(AbstractPipeline.java:234)
	at java.base/java.util.stream.ReferencePipeline.forEach(ReferencePipeline.java:596)
	at org.junit.platform.engine.support.store.NamespacedHierarchicalStore.close(NamespacedHierarchicalStore.java:98)
	at org.junit.jupiter.engine.descriptor.AbstractExtensionContext.close(AbstractExtensionContext.java:87)
	at org.junit.jupiter.engine.execution.JupiterEngineExecutionContext.close(JupiterEngineExecutionContext.java:53)
	at org.junit.jupiter.engine.descriptor.JupiterTestDescriptor.cleanUp(JupiterTestDescriptor.java:224)
	at org.junit.jupiter.engine.descriptor.TestMethodTestDescriptor.lambda$cleanUp$1(TestMethodTestDescriptor.java:156)
	at org.junit.platform.engine.support.hierarchical.ThrowableCollector.execute(ThrowableCollector.java:73)
	at org.junit.jupiter.engine.descriptor.TestMethodTestDescriptor.cleanUp(TestMethodTestDescriptor.java:156)
	at org.junit.jupiter.engine.descriptor.TestMethodTestDescriptor.cleanUp(TestMethodTestDescriptor.java:69)
	at org.junit.platform.engine.support.hierarchical.NodeTestTask.lambda$cleanUp$10(NodeTestTask.java:167)
	at org.junit.platform.engine.support.hierarchical.ThrowableCollector.execute(ThrowableCollector.java:73)
	at org.junit.platform.engine.support.hierarchical.NodeTestTask.cleanUp(NodeTestTask.java:167)
	at org.junit.platform.engine.support.hierarchical.NodeTestTask.execute(NodeTestTask.java:98)
	at java.base/java.util.ArrayList.forEach(ArrayList.java:1596)
	at org.junit.platform.engine.support.hierarchical.SameThreadHierarchicalTestExecutorService.invokeAll(SameThreadHierarchicalTestExecutorService.java:41)
	at org.junit.platform.engine.support.hierarchical.NodeTestTask.lambda$executeRecursively$6(NodeTestTask.java:155)
	at org.junit.platform.engine.support.hierarchical.ThrowableCollector.execute(ThrowableCollector.java:73)
	at org.junit.platform.engine.support.hierarchical.NodeTestTask.lambda$executeRecursively$8(NodeTestTask.java:141)
	at org.junit.platform.engine.support.hierarchical.Node.around(Node.java:137)
	at org.junit.platform.engine.support.hierarchical.NodeTestTask.lambda$executeRecursively$9(NodeTestTask.java:139)
	at org.junit.platform.engine.support.hierarchical.ThrowableCollector.execute(ThrowableCollector.java:73)
	at org.junit.platform.engine.support.hierarchical.NodeTestTask.executeRecursively(NodeTestTask.java:138)
	at org.junit.platform.engine.support.hierarchical.NodeTestTask.execute(NodeTestTask.java:95)
	at java.base/java.util.ArrayList.forEach(ArrayList.java:1596)
	at org.junit.platform.engine.support.hierarchical.SameThreadHierarchicalTestExecutorService.invokeAll(SameThreadHierarchicalTestExecutorService.java:41)
	at org.junit.platform.engine.support.hierarchical.NodeTestTask.lambda$executeRecursively$6(NodeTestTask.java:155)
	at org.junit.platform.engine.support.hierarchical.ThrowableCollector.execute(ThrowableCollector.java:73)
	at org.junit.platform.engine.support.hierarchical.NodeTestTask.lambda$executeRecursively$8(NodeTestTask.java:141)
	at org.junit.platform.engine.support.hierarchical.Node.around(Node.java:137)
	at org.junit.platform.engine.support.hierarchical.NodeTestTask.lambda$executeRecursively$9(NodeTestTask.java:139)
	at org.junit.platform.engine.support.hierarchical.ThrowableCollector.execute(ThrowableCollector.java:73)
	at org.junit.platform.engine.support.hierarchical.NodeTestTask.executeRecursively(NodeTestTask.java:138)
	at org.junit.platform.engine.support.hierarchical.NodeTestTask.execute(NodeTestTask.java:95)
	at org.junit.platform.engine.support.hierarchical.SameThreadHierarchicalTestExecutorService.submit(SameThreadHierarchicalTestExecutorService.java:35)
	at org.junit.platform.engine.support.hierarchical.HierarchicalTestExecutor.execute(HierarchicalTestExecutor.java:57)
	at org.junit.platform.engine.support.hierarchical.HierarchicalTestEngine.execute(HierarchicalTestEngine.java:54)
	at org.junit.platform.launcher.core.EngineExecutionOrchestrator.execute(EngineExecutionOrchestrator.java:198)
	at org.junit.platform.launcher.core.EngineExecutionOrchestrator.execute(EngineExecutionOrchestrator.java:169)
	at org.junit.platform.launcher.core.EngineExecutionOrchestrator.execute(EngineExecutionOrchestrator.java:93)
	at org.junit.platform.launcher.core.EngineExecutionOrchestrator.lambda$execute$0(EngineExecutionOrchestrator.java:58)
	at org.junit.platform.launcher.core.EngineExecutionOrchestrator.withInterceptedStreams(EngineExecutionOrchestrator.java:141)
	at org.junit.platform.launcher.core.EngineExecutionOrchestrator.execute(EngineExecutionOrchestrator.java:57)
	at org.junit.platform.launcher.core.DefaultLauncher.execute(DefaultLauncher.java:103)
	at org.junit.platform.launcher.core.DefaultLauncher.execute(DefaultLauncher.java:85)
	at org.junit.platform.launcher.core.DelegatingLauncher.execute(DelegatingLauncher.java:47)
	at org.apache.maven.surefire.junitplatform.LazyLauncher.execute(LazyLauncher.java:56)
	at org.apache.maven.surefire.junitplatform.JUnitPlatformProvider.execute(JUnitPlatformProvider.java:184)
	at org.apache.maven.surefire.junitplatform.JUnitPlatformProvider.invokeAllTests(JUnitPlatformProvider.java:148)
	at org.apache.maven.surefire.junitplatform.JUnitPlatformProvider.invoke(JUnitPlatformProvider.java:122)
	at org.apache.maven.surefire.booter.ForkedBooter.runSuitesInProcess(ForkedBooter.java:385)
	at org.apache.maven.surefire.booter.ForkedBooter.execute(ForkedBooter.java:162)
	at org.apache.maven.surefire.booter.ForkedBooter.run(ForkedBooter.java:507)
	at org.apache.maven.surefire.booter.ForkedBooter.main(ForkedBooter.java:495)
	Suppressed: java.nio.file.DirectoryNotEmptyException: /DEMO/tmp/junit130496541883265992
		at java.base/sun.nio.fs.UnixFileSystemProvider.implDelete(UnixFileSystemProvider.java:289)
		at java.base/sun.nio.fs.AbstractFileSystemProvider.delete(AbstractFileSystemProvider.java:105)
		at java.base/java.nio.file.Files.delete(Files.java:1153)
		at org.junit.jupiter.engine.extension.TempDirectory$CloseablePath$1.deleteAndContinue(TempDirectory.java:358)
		at org.junit.jupiter.engine.extension.TempDirectory$CloseablePath$1.postVisitDirectory(TempDirectory.java:353)
		at org.junit.jupiter.engine.extension.TempDirectory$CloseablePath$1.postVisitDirectory(TempDirectory.java:329)
		at java.base/java.nio.file.Files.walkFileTree(Files.java:2816)
		at java.base/java.nio.file.Files.walkFileTree(Files.java:2870)
		at org.junit.jupiter.engine.extension.TempDirectory$CloseablePath.deleteAllFilesAndDirectories(TempDirectory.java:329)
		at org.junit.jupiter.engine.extension.TempDirectory$CloseablePath.close(TempDirectory.java:310)
		... 69 more
	Suppressed: java.nio.file.DirectoryNotEmptyException: /DEMO/tmp/junit130496541883265992/home
		at java.base/sun.nio.fs.UnixFileSystemProvider.implDelete(UnixFileSystemProvider.java:289)
		at java.base/sun.nio.fs.AbstractFileSystemProvider.delete(AbstractFileSystemProvider.java:105)
		at java.base/java.nio.file.Files.delete(Files.java:1153)
		at org.junit.jupiter.engine.extension.TempDirectory$CloseablePath$1.deleteAndContinue(TempDirectory.java:358)
		at org.junit.jupiter.engine.extension.TempDirectory$CloseablePath$1.postVisitDirectory(TempDirectory.java:353)
		at org.junit.jupiter.engine.extension.TempDirectory$CloseablePath$1.postVisitDirectory(TempDirectory.java:329)
		at java.base/java.nio.file.Files.walkFileTree(Files.java:2816)
		at java.base/java.nio.file.Files.walkFileTree(Files.java:2870)
		at org.junit.jupiter.engine.extension.TempDirectory$CloseablePath.deleteAllFilesAndDirectories(TempDirectory.java:329)
		at org.junit.jupiter.engine.extension.TempDirectory$CloseablePath.close(TempDirectory.java:310)
		... 69 more
	Suppressed: java.nio.file.DirectoryNotEmptyException: /DEMO/tmp/junit130496541883265992/home/.fluxtion-analyser
		at java.base/sun.nio.fs.UnixFileSystemProvider.implDelete(UnixFileSystemProvider.java:289)
		at java.base/sun.nio.fs.AbstractFileSystemProvider.delete(AbstractFileSystemProvider.java:105)
		at java.base/java.nio.file.Files.delete(Files.java:1153)
		at org.junit.jupiter.engine.extension.TempDirectory$CloseablePath$1.deleteAndContinue(TempDirectory.java:358)
		at org.junit.jupiter.engine.extension.TempDirectory$CloseablePath$1.postVisitDirectory(TempDirectory.java:353)
		at org.junit.jupiter.engine.extension.TempDirectory$CloseablePath$1.postVisitDirectory(TempDirectory.java:329)
		at java.base/java.nio.file.Files.walkFileTree(Files.java:2816)
		at java.base/java.nio.file.Files.walkFileTree(Files.java:2870)
		at org.junit.jupiter.engine.extension.TempDirectory$CloseablePath.deleteAllFilesAndDirectories(TempDirectory.java:329)
		at org.junit.jupiter.engine.extension.TempDirectory$CloseablePath.close(TempDirectory.java:310)
		... 69 more

[ERROR] Tests run: 18, Failures: 0, Errors: 1, Skipped: 0, Time elapsed: 27.52 s <<< FAILURE! -- in telamin.fluxtion.audit.analyser.analyser.ui.BundleProvenanceFrameTest
[ERROR] telamin.fluxtion.audit.analyser.analyser.ui.BundleProvenanceFrameTest.openingAProjectOffersWhatBelongsToIt(Path) -- Time elapsed: 1.979 s <<< ERROR!
java.io.IOException: Failed to delete temp directory /DEMO/tmp/junit130496541883265992. The following paths could not be deleted (see suppressed exceptions for details): <root>, home, home/.fluxtion-analyser
	at java.base/java.util.stream.ForEachOps$ForEachOp$OfRef.accept(ForEachOps.java:184)
	at java.base/java.util.ArrayList.forEach(ArrayList.java:1596)
	at java.base/java.util.stream.SortedOps$RefSortingSink.end(SortedOps.java:395)
	at java.base/java.util.stream.Sink$ChainedReference.end(Sink.java:261)
	at java.base/java.util.stream.Sink$ChainedReference.end(Sink.java:261)
	at java.base/java.util.stream.AbstractPipeline.copyInto(AbstractPipeline.java:510)
	at java.base/java.util.stream.AbstractPipeline.wrapAndCopyInto(AbstractPipeline.java:499)
	at java.base/java.util.stream.ForEachOps$ForEachOp.evaluateSequential(ForEachOps.java:151)
	at java.base/java.util.stream.ForEachOps$ForEachOp$OfRef.evaluateSequential(ForEachOps.java:174)
	at java.base/java.util.stream.AbstractPipeline.evaluate(AbstractPipeline.java:234)
	at java.base/java.util.stream.ReferencePipeline.forEach(ReferencePipeline.java:596)
	at java.base/java.util.ArrayList.forEach(ArrayList.java:1596)
	at java.base/java.util.ArrayList.forEach(ArrayList.java:1596)
	Suppressed: java.nio.file.DirectoryNotEmptyException: /DEMO/tmp/junit130496541883265992
		at java.base/sun.nio.fs.UnixFileSystemProvider.implDelete(UnixFileSystemProvider.java:289)
		at java.base/sun.nio.fs.AbstractFileSystemProvider.delete(AbstractFileSystemProvider.java:105)
		at java.base/java.nio.file.Files.delete(Files.java:1153)
		at java.base/java.nio.file.Files.walkFileTree(Files.java:2816)
		at java.base/java.nio.file.Files.walkFileTree(Files.java:2870)
		... 13 more
	Suppressed: java.nio.file.DirectoryNotEmptyException: /DEMO/tmp/junit130496541883265992/home
		at java.base/sun.nio.fs.UnixFileSystemProvider.implDelete(UnixFileSystemProvider.java:289)
		at java.base/sun.nio.fs.AbstractFileSystemProvider.delete(AbstractFileSystemProvider.java:105)
		at java.base/java.nio.file.Files.delete(Files.java:1153)
		at java.base/java.nio.file.Files.walkFileTree(Files.java:2816)
		at java.base/java.nio.file.Files.walkFileTree(Files.java:2870)
		... 13 more
	Suppressed: java.nio.file.DirectoryNotEmptyException: /DEMO/tmp/junit130496541883265992/home/.fluxtion-analyser
		at java.base/sun.nio.fs.UnixFileSystemProvider.implDelete(UnixFileSystemProvider.java:289)
		at java.base/sun.nio.fs.AbstractFileSystemProvider.delete(AbstractFileSystemProvider.java:105)
		at java.base/java.nio.file.Files.delete(Files.java:1153)
		at java.base/java.nio.file.Files.walkFileTree(Files.java:2816)
		at java.base/java.nio.file.Files.walkFileTree(Files.java:2870)
		... 13 more

[ERROR] Errors:
[ERROR]   BundleProvenanceFrameTest.openingAProjectOffersWhatBelongsToIt(Path) » IO Failed to delete temp directory /DEMO/tmp/junit130496541883265992. The following paths could not be deleted (see suppressed exceptions for details): <root>, home, home/.fluxtion-analyser
[ERROR] Tests run: 18, Failures: 0, Errors: 1, Skipped: 0
[ERROR] Failed to execute goal org.apache.maven.plugins:maven-surefire-plugin:3.2.5:test (default-test) on project fluxtion-auditlog-analyser:
[ERROR]
[ERROR] Please refer to <REVIEW_V1300>/target/surefire-reports for the individual test results.
[ERROR] Please refer to dump files (if any exist) [date].dump, [date]-jvmRun[N].dump and [date].dumpstream.
[ERROR] -> [Help 1]
[ERROR]
[ERROR] To see the full stack trace of the errors, re-run Maven with the -e switch.
[ERROR] Re-run Maven using the -X switch to enable full debug logging.
[ERROR]
[ERROR] For more information about the errors and possible solutions, please read the following articles:
[ERROR] [Help 1] http://cwiki.apache.org/confluence/display/MAVEN/MojoFailureException
