2026-09-28T12:17:58.676331Z START trace=<scratch>/slider-trace.log note="press/release/click with source window; drags counted"
2026-09-28T12:17:59.808548Z PRESSED btn=1 down=[1] src=TimeRangeSlider srcWindow=MainFrame(Fluxtion Audit Log Analyser) under=TimeRangeSlider onTable=false sel=1 adjusting=false popupShowing=none
2026-09-28T12:18:00.372820Z RELEASED btn=1 down=[] src=TimeRangeSlider srcWindow=MainFrame(Fluxtion Audit Log Analyser) under=TimeRangeSlider onTable=false sel=0 adjusting=false popupShowing=none hadPress=true drags=12
2026-09-28T12:18:01.369471Z PRESSED btn=1 down=[1] src= srcWindow=MainFrame(Fluxtion Audit Log Analyser) under= onTable=true sel=0 adjusting=false popupShowing=none
2026-09-28T12:18:01.740718Z RELEASED btn=1 down=[] src= srcWindow=MainFrame(Fluxtion Audit Log Analyser) under= onTable=true sel=8 adjusting=true popupShowing=none hadPress=true drags=8
2026-09-28T12:18:02.497941Z SUSPECT tableIsMidDragButNoButtonIsDown size=0 grew=false dragsSinceLastPress=8 note="the release that should have ended this gesture went elsewhere - the RELEASED line above says where"
2026-09-28T12:18:02.498183Z SUSPECT tableIsMidDragButNoButtonIsDown size=1 grew=true dragsSinceLastPress=8 note="the release that should have ended this gesture went elsewhere - the RELEASED line above says where"
2026-09-28T12:18:02.498230Z SUSPECT tableIsMidDragButNoButtonIsDown size=2 grew=true dragsSinceLastPress=8 note="the release that should have ended this gesture went elsewhere - the RELEASED line above says where"
2026-09-28T12:18:02.498260Z SUSPECT tableIsMidDragButNoButtonIsDown size=3 grew=true dragsSinceLastPress=8 note="the release that should have ended this gesture went elsewhere - the RELEASED line above says where"
2026-09-28T12:18:02.498288Z SUSPECT tableIsMidDragButNoButtonIsDown size=4 grew=true dragsSinceLastPress=8 note="the release that should have ended this gesture went elsewhere - the RELEASED line above says where"
2026-09-28T12:18:02.498317Z SUSPECT tableIsMidDragButNoButtonIsDown size=5 grew=true dragsSinceLastPress=8 note="the release that should have ended this gesture went elsewhere - the RELEASED line above says where"
2026-09-28T12:18:02.498346Z SUSPECT tableIsMidDragButNoButtonIsDown size=6 grew=true dragsSinceLastPress=8 note="the release that should have ended this gesture went elsewhere - the RELEASED line above says where"
2026-09-28T12:18:02.498373Z SUSPECT tableIsMidDragButNoButtonIsDown size=7 grew=true dragsSinceLastPress=8 note="the release that should have ended this gesture went elsewhere - the RELEASED line above says where"
2026-09-28T12:18:02.498399Z SUSPECT tableIsMidDragButNoButtonIsDown size=8 grew=true dragsSinceLastPress=8 note="the release that should have ended this gesture went elsewhere - the RELEASED line above says where"
2026-09-28T12:18:02.498424Z SUSPECT tableIsMidDragButNoButtonIsDown size=8 grew=false dragsSinceLastPress=8 note="the release that should have ended this gesture went elsewhere - the RELEASED line above says where"
2026-09-28T12:18:02.521072Z SUSPECT tableIsMidDragButNoButtonIsDown size=0 grew=false dragsSinceLastPress=8 note="the release that should have ended this gesture went elsewhere - the RELEASED line above says where"
2026-09-28T12:18:02.521180Z SUSPECT tableIsMidDragButNoButtonIsDown size=1 grew=true dragsSinceLastPress=8 note="the release that should have ended this gesture went elsewhere - the RELEASED line above says where"
2026-09-28T12:18:02.521214Z SUSPECT tableIsMidDragButNoButtonIsDown size=2 grew=true dragsSinceLastPress=8 note="the release that should have ended this gesture went elsewhere - the RELEASED line above says where"
2026-09-28T12:18:02.521243Z SUSPECT tableIsMidDragButNoButtonIsDown size=3 grew=true dragsSinceLastPress=8 note="the release that should have ended this gesture went elsewhere - the RELEASED line above says where"
2026-09-28T12:18:02.521268Z SUSPECT tableIsMidDragButNoButtonIsDown size=4 grew=true dragsSinceLastPress=8 note="the release that should have ended this gesture went elsewhere - the RELEASED line above says where"
2026-09-28T12:18:02.521302Z SUSPECT tableIsMidDragButNoButtonIsDown size=5 grew=true dragsSinceLastPress=8 note="the release that should have ended this gesture went elsewhere - the RELEASED line above says where"
2026-09-28T12:18:02.521323Z SUSPECT tableIsMidDragButNoButtonIsDown size=6 grew=true dragsSinceLastPress=8 note="the release that should have ended this gesture went elsewhere - the RELEASED line above says where"
2026-09-28T12:18:02.521343Z SUSPECT tableIsMidDragButNoButtonIsDown size=7 grew=true dragsSinceLastPress=8 note="the release that should have ended this gesture went elsewhere - the RELEASED line above says where"
2026-09-28T12:18:02.521364Z SUSPECT tableIsMidDragButNoButtonIsDown size=8 grew=true dragsSinceLastPress=8 note="the release that should have ended this gesture went elsewhere - the RELEASED line above says where"
2026-09-28T12:18:02.521384Z SUSPECT tableIsMidDragButNoButtonIsDown size=8 grew=false dragsSinceLastPress=8 note="the release that should have ended this gesture went elsewhere - the RELEASED line above says where"
2026-09-28T12:18:02.623341Z PRESSED btn=1 down=[1] src=TimeRangeSlider srcWindow=MainFrame(Fluxtion Audit Log Analyser) under=TimeRangeSlider onTable=false sel=8 adjusting=false popupShowing=none
2026-09-28T12:18:03.274669Z RELEASED btn=1 down=[] src=TimeRangeSlider srcWindow=MainFrame(Fluxtion Audit Log Analyser) under=TimeRangeSlider onTable=false sel=8 adjusting=false popupShowing=none hadPress=true drags=12
2026-09-28T12:18:04.242540Z PRESSED btn=1 down=[1] src= srcWindow=MainFrame(Fluxtion Audit Log Analyser) under= onTable=true sel=8 adjusting=false popupShowing=none
2026-09-28T12:18:04.623919Z RELEASED btn=1 down=[] src= srcWindow=MainFrame(Fluxtion Audit Log Analyser) under= onTable=true sel=8 adjusting=true popupShowing=none hadPress=true drags=8
2026-09-28T12:18:05.110646Z SUSPECT tableIsMidDragButNoButtonIsDown size=0 grew=false dragsSinceLastPress=8 note="the release that should have ended this gesture went elsewhere - the RELEASED line above says where"
2026-09-28T12:18:05.110792Z SUSPECT tableIsMidDragButNoButtonIsDown size=1 grew=true dragsSinceLastPress=8 note="the release that should have ended this gesture went elsewhere - the RELEASED line above says where"
2026-09-28T12:18:05.110825Z SUSPECT tableIsMidDragButNoButtonIsDown size=2 grew=true dragsSinceLastPress=8 note="the release that should have ended this gesture went elsewhere - the RELEASED line above says where"
2026-09-28T12:18:05.110852Z SUSPECT tableIsMidDragButNoButtonIsDown size=3 grew=true dragsSinceLastPress=8 note="the release that should have ended this gesture went elsewhere - the RELEASED line above says where"
2026-09-28T12:18:05.110875Z SUSPECT tableIsMidDragButNoButtonIsDown size=4 grew=true dragsSinceLastPress=8 note="the release that should have ended this gesture went elsewhere - the RELEASED line above says where"
2026-09-28T12:18:05.110895Z SUSPECT tableIsMidDragButNoButtonIsDown size=5 grew=true dragsSinceLastPress=8 note="the release that should have ended this gesture went elsewhere - the RELEASED line above says where"
2026-09-28T12:18:05.110915Z SUSPECT tableIsMidDragButNoButtonIsDown size=6 grew=true dragsSinceLastPress=8 note="the release that should have ended this gesture went elsewhere - the RELEASED line above says where"
2026-09-28T12:18:05.110933Z SUSPECT tableIsMidDragButNoButtonIsDown size=7 grew=true dragsSinceLastPress=8 note="the release that should have ended this gesture went elsewhere - the RELEASED line above says where"
2026-09-28T12:18:05.110951Z SUSPECT tableIsMidDragButNoButtonIsDown size=8 grew=true dragsSinceLastPress=8 note="the release that should have ended this gesture went elsewhere - the RELEASED line above says where"
2026-09-28T12:18:05.110969Z SUSPECT tableIsMidDragButNoButtonIsDown size=8 grew=false dragsSinceLastPress=8 note="the release that should have ended this gesture went elsewhere - the RELEASED line above says where"
2026-09-28T12:18:05.121762Z SUSPECT tableIsMidDragButNoButtonIsDown size=0 grew=false dragsSinceLastPress=8 note="the release that should have ended this gesture went elsewhere - the RELEASED line above says where"
2026-09-28T12:18:05.121883Z SUSPECT tableIsMidDragButNoButtonIsDown size=1 grew=true dragsSinceLastPress=8 note="the release that should have ended this gesture went elsewhere - the RELEASED line above says where"
2026-09-28T12:18:05.121912Z SUSPECT tableIsMidDragButNoButtonIsDown size=2 grew=true dragsSinceLastPress=8 note="the release that should have ended this gesture went elsewhere - the RELEASED line above says where"
2026-09-28T12:18:05.121938Z SUSPECT tableIsMidDragButNoButtonIsDown size=3 grew=true dragsSinceLastPress=8 note="the release that should have ended this gesture went elsewhere - the RELEASED line above says where"
2026-09-28T12:18:05.121965Z SUSPECT tableIsMidDragButNoButtonIsDown size=4 grew=true dragsSinceLastPress=8 note="the release that should have ended this gesture went elsewhere - the RELEASED line above says where"
2026-09-28T12:18:05.121991Z SUSPECT tableIsMidDragButNoButtonIsDown size=5 grew=true dragsSinceLastPress=8 note="the release that should have ended this gesture went elsewhere - the RELEASED line above says where"
2026-09-28T12:18:05.122013Z SUSPECT tableIsMidDragButNoButtonIsDown size=6 grew=true dragsSinceLastPress=8 note="the release that should have ended this gesture went elsewhere - the RELEASED line above says where"
2026-09-28T12:18:05.122032Z SUSPECT tableIsMidDragButNoButtonIsDown size=7 grew=true dragsSinceLastPress=8 note="the release that should have ended this gesture went elsewhere - the RELEASED line above says where"
2026-09-28T12:18:05.122050Z SUSPECT tableIsMidDragButNoButtonIsDown size=8 grew=true dragsSinceLastPress=8 note="the release that should have ended this gesture went elsewhere - the RELEASED line above says where"
2026-09-28T12:18:05.122068Z SUSPECT tableIsMidDragButNoButtonIsDown size=8 grew=false dragsSinceLastPress=8 note="the release that should have ended this gesture went elsewhere - the RELEASED line above says where"
2026-09-28T12:18:05.224367Z PRESSED btn=1 down=[1] src=TimeRangeSlider srcWindow=MainFrame(Fluxtion Audit Log Analyser) under=TimeRangeSlider onTable=false sel=8 adjusting=false popupShowing=none
2026-09-28T12:18:05.839950Z RELEASED btn=1 down=[] src=TimeRangeSlider srcWindow=MainFrame(Fluxtion Audit Log Analyser) under=TimeRangeSlider onTable=false sel=8 adjusting=false popupShowing=none hadPress=true drags=12
2026-09-28T12:18:06.824379Z PRESSED btn=1 down=[1] src= srcWindow=MainFrame(Fluxtion Audit Log Analyser) under= onTable=true sel=8 adjusting=false popupShowing=none
2026-09-28T12:18:07.206987Z RELEASED btn=1 down=[] src= srcWindow=MainFrame(Fluxtion Audit Log Analyser) under= onTable=true sel=8 adjusting=true popupShowing=none hadPress=true drags=8
2026-09-28T12:18:07.711491Z SUSPECT tableIsMidDragButNoButtonIsDown size=0 grew=false dragsSinceLastPress=8 note="the release that should have ended this gesture went elsewhere - the RELEASED line above says where"
2026-09-28T12:18:07.711667Z SUSPECT tableIsMidDragButNoButtonIsDown size=1 grew=true dragsSinceLastPress=8 note="the release that should have ended this gesture went elsewhere - the RELEASED line above says where"
2026-09-28T12:18:07.711721Z SUSPECT tableIsMidDragButNoButtonIsDown size=2 grew=true dragsSinceLastPress=8 note="the release that should have ended this gesture went elsewhere - the RELEASED line above says where"
2026-09-28T12:18:07.711758Z SUSPECT tableIsMidDragButNoButtonIsDown size=3 grew=true dragsSinceLastPress=8 note="the release that should have ended this gesture went elsewhere - the RELEASED line above says where"
2026-09-28T12:18:07.711790Z SUSPECT tableIsMidDragButNoButtonIsDown size=4 grew=true dragsSinceLastPress=8 note="the release that should have ended this gesture went elsewhere - the RELEASED line above says where"
2026-09-28T12:18:07.711816Z SUSPECT tableIsMidDragButNoButtonIsDown size=5 grew=true dragsSinceLastPress=8 note="the release that should have ended this gesture went elsewhere - the RELEASED line above says where"
2026-09-28T12:18:07.711857Z SUSPECT tableIsMidDragButNoButtonIsDown size=6 grew=true dragsSinceLastPress=8 note="the release that should have ended this gesture went elsewhere - the RELEASED line above says where"
2026-09-28T12:18:07.711879Z SUSPECT tableIsMidDragButNoButtonIsDown size=7 grew=true dragsSinceLastPress=8 note="the release that should have ended this gesture went elsewhere - the RELEASED line above says where"
2026-09-28T12:18:07.711902Z SUSPECT tableIsMidDragButNoButtonIsDown size=8 grew=true dragsSinceLastPress=8 note="the release that should have ended this gesture went elsewhere - the RELEASED line above says where"
2026-09-28T12:18:07.711936Z SUSPECT tableIsMidDragButNoButtonIsDown size=8 grew=false dragsSinceLastPress=8 note="the release that should have ended this gesture went elsewhere - the RELEASED line above says where"
2026-09-28T12:18:07.721970Z SUSPECT tableIsMidDragButNoButtonIsDown size=0 grew=false dragsSinceLastPress=8 note="the release that should have ended this gesture went elsewhere - the RELEASED line above says where"
2026-09-28T12:18:07.722106Z SUSPECT tableIsMidDragButNoButtonIsDown size=1 grew=true dragsSinceLastPress=8 note="the release that should have ended this gesture went elsewhere - the RELEASED line above says where"
2026-09-28T12:18:07.722143Z SUSPECT tableIsMidDragButNoButtonIsDown size=2 grew=true dragsSinceLastPress=8 note="the release that should have ended this gesture went elsewhere - the RELEASED line above says where"
2026-09-28T12:18:07.722172Z SUSPECT tableIsMidDragButNoButtonIsDown size=3 grew=true dragsSinceLastPress=8 note="the release that should have ended this gesture went elsewhere - the RELEASED line above says where"
2026-09-28T12:18:07.722195Z SUSPECT tableIsMidDragButNoButtonIsDown size=4 grew=true dragsSinceLastPress=8 note="the release that should have ended this gesture went elsewhere - the RELEASED line above says where"
2026-09-28T12:18:07.722226Z SUSPECT tableIsMidDragButNoButtonIsDown size=5 grew=true dragsSinceLastPress=8 note="the release that should have ended this gesture went elsewhere - the RELEASED line above says where"
2026-09-28T12:18:07.722247Z SUSPECT tableIsMidDragButNoButtonIsDown size=6 grew=true dragsSinceLastPress=8 note="the release that should have ended this gesture went elsewhere - the RELEASED line above says where"
2026-09-28T12:18:07.722266Z SUSPECT tableIsMidDragButNoButtonIsDown size=7 grew=true dragsSinceLastPress=8 note="the release that should have ended this gesture went elsewhere - the RELEASED line above says where"
2026-09-28T12:18:07.722305Z SUSPECT tableIsMidDragButNoButtonIsDown size=8 grew=true dragsSinceLastPress=8 note="the release that should have ended this gesture went elsewhere - the RELEASED line above says where"
2026-09-28T12:18:07.722328Z SUSPECT tableIsMidDragButNoButtonIsDown size=8 grew=false dragsSinceLastPress=8 note="the release that should have ended this gesture went elsewhere - the RELEASED line above says where"
2026-09-28T12:18:07.763627Z SUSPECT tableIsMidDragButNoButtonIsDown size=0 grew=false dragsSinceLastPress=8 note="the release that should have ended this gesture went elsewhere - the RELEASED line above says where"
2026-09-28T12:18:07.763759Z SUSPECT tableIsMidDragButNoButtonIsDown size=1 grew=true dragsSinceLastPress=8 note="the release that should have ended this gesture went elsewhere - the RELEASED line above says where"
2026-09-28T12:18:07.763784Z SUSPECT tableIsMidDragButNoButtonIsDown size=2 grew=true dragsSinceLastPress=8 note="the release that should have ended this gesture went elsewhere - the RELEASED line above says where"
2026-09-28T12:18:07.763803Z SUSPECT tableIsMidDragButNoButtonIsDown size=3 grew=true dragsSinceLastPress=8 note="the release that should have ended this gesture went elsewhere - the RELEASED line above says where"
2026-09-28T12:18:07.763820Z SUSPECT tableIsMidDragButNoButtonIsDown size=4 grew=true dragsSinceLastPress=8 note="the release that should have ended this gesture went elsewhere - the RELEASED line above says where"
2026-09-28T12:18:07.763841Z SUSPECT tableIsMidDragButNoButtonIsDown size=5 grew=true dragsSinceLastPress=8 note="the release that should have ended this gesture went elsewhere - the RELEASED line above says where"
2026-09-28T12:18:07.763872Z SUSPECT tableIsMidDragButNoButtonIsDown size=6 grew=true dragsSinceLastPress=8 note="the release that should have ended this gesture went elsewhere - the RELEASED line above says where"
2026-09-28T12:18:07.763889Z SUSPECT tableIsMidDragButNoButtonIsDown size=7 grew=true dragsSinceLastPress=8 note="the release that should have ended this gesture went elsewhere - the RELEASED line above says where"
2026-09-28T12:18:07.763904Z SUSPECT tableIsMidDragButNoButtonIsDown size=8 grew=true dragsSinceLastPress=8 note="the release that should have ended this gesture went elsewhere - the RELEASED line above says where"
2026-09-28T12:18:07.763918Z SUSPECT tableIsMidDragButNoButtonIsDown size=8 grew=false dragsSinceLastPress=8 note="the release that should have ended this gesture went elsewhere - the RELEASED line above says where"
2026-09-28T12:18:08.089506Z PRESSED btn=1 down=[1] src=SpotlightOverlay srcWindow=MainFrame(Fluxtion Audit Log Analyser) under=SpotlightOverlay onTable=false sel=1 adjusting=false popupShowing=none
2026-09-28T12:18:08.707931Z RELEASED btn=1 down=[] src=SpotlightOverlay srcWindow=MainFrame(Fluxtion Audit Log Analyser) under=SpotlightOverlay onTable=false sel=1 adjusting=false popupShowing=none hadPress=true drags=12
2026-09-28T12:18:09.692127Z PRESSED btn=1 down=[1] src= srcWindow=MainFrame(Fluxtion Audit Log Analyser) under= onTable=true sel=1 adjusting=false popupShowing=none
2026-09-28T12:18:10.073558Z RELEASED btn=1 down=[] src= srcWindow=MainFrame(Fluxtion Audit Log Analyser) under= onTable=true sel=8 adjusting=true popupShowing=none hadPress=true drags=8
2026-09-28T12:18:10.545984Z SUSPECT tableIsMidDragButNoButtonIsDown size=0 grew=false dragsSinceLastPress=8 note="the release that should have ended this gesture went elsewhere - the RELEASED line above says where"
2026-09-28T12:18:10.546225Z SUSPECT tableIsMidDragButNoButtonIsDown size=1 grew=true dragsSinceLastPress=8 note="the release that should have ended this gesture went elsewhere - the RELEASED line above says where"
2026-09-28T12:18:10.546282Z SUSPECT tableIsMidDragButNoButtonIsDown size=2 grew=true dragsSinceLastPress=8 note="the release that should have ended this gesture went elsewhere - the RELEASED line above says where"
2026-09-28T12:18:10.546322Z SUSPECT tableIsMidDragButNoButtonIsDown size=3 grew=true dragsSinceLastPress=8 note="the release that should have ended this gesture went elsewhere - the RELEASED line above says where"
2026-09-28T12:18:10.546358Z SUSPECT tableIsMidDragButNoButtonIsDown size=4 grew=true dragsSinceLastPress=8 note="the release that should have ended this gesture went elsewhere - the RELEASED line above says where"
2026-09-28T12:18:10.546392Z SUSPECT tableIsMidDragButNoButtonIsDown size=5 grew=true dragsSinceLastPress=8 note="the release that should have ended this gesture went elsewhere - the RELEASED line above says where"
2026-09-28T12:18:10.546425Z SUSPECT tableIsMidDragButNoButtonIsDown size=6 grew=true dragsSinceLastPress=8 note="the release that should have ended this gesture went elsewhere - the RELEASED line above says where"
2026-09-28T12:18:10.546467Z SUSPECT tableIsMidDragButNoButtonIsDown size=7 grew=true dragsSinceLastPress=8 note="the release that should have ended this gesture went elsewhere - the RELEASED line above says where"
2026-09-28T12:18:10.546494Z SUSPECT tableIsMidDragButNoButtonIsDown size=8 grew=true dragsSinceLastPress=8 note="the release that should have ended this gesture went elsewhere - the RELEASED line above says where"
2026-09-28T12:18:10.554618Z SUSPECT tableIsMidDragButNoButtonIsDown size=0 grew=false dragsSinceLastPress=8 note="the release that should have ended this gesture went elsewhere - the RELEASED line above says where"
2026-09-28T12:18:10.554728Z SUSPECT tableIsMidDragButNoButtonIsDown size=1 grew=true dragsSinceLastPress=8 note="the release that should have ended this gesture went elsewhere - the RELEASED line above says where"
2026-09-28T12:18:10.554779Z SUSPECT tableIsMidDragButNoButtonIsDown size=2 grew=true dragsSinceLastPress=8 note="the release that should have ended this gesture went elsewhere - the RELEASED line above says where"
2026-09-28T12:18:10.554807Z SUSPECT tableIsMidDragButNoButtonIsDown size=3 grew=true dragsSinceLastPress=8 note="the release that should have ended this gesture went elsewhere - the RELEASED line above says where"
2026-09-28T12:18:10.554835Z SUSPECT tableIsMidDragButNoButtonIsDown size=4 grew=true dragsSinceLastPress=8 note="the release that should have ended this gesture went elsewhere - the RELEASED line above says where"
2026-09-28T12:18:10.554860Z SUSPECT tableIsMidDragButNoButtonIsDown size=5 grew=true dragsSinceLastPress=8 note="the release that should have ended this gesture went elsewhere - the RELEASED line above says where"
2026-09-28T12:18:10.554903Z SUSPECT tableIsMidDragButNoButtonIsDown size=6 grew=true dragsSinceLastPress=8 note="the release that should have ended this gesture went elsewhere - the RELEASED line above says where"
2026-09-28T12:18:10.554929Z SUSPECT tableIsMidDragButNoButtonIsDown size=7 grew=true dragsSinceLastPress=8 note="the release that should have ended this gesture went elsewhere - the RELEASED line above says where"
2026-09-28T12:18:10.554948Z SUSPECT tableIsMidDragButNoButtonIsDown size=8 grew=true dragsSinceLastPress=8 note="the release that should have ended this gesture went elsewhere - the RELEASED line above says where"
2026-09-28T12:18:10.906758Z PRESSED btn=1 down=[1] src=SpotlightOverlay srcWindow=MainFrame(Fluxtion Audit Log Analyser) under=SpotlightOverlay onTable=false sel=1 adjusting=false popupShowing=none
2026-09-28T12:18:11.543225Z RELEASED btn=1 down=[] src=SpotlightOverlay srcWindow=MainFrame(Fluxtion Audit Log Analyser) under=SpotlightOverlay onTable=false sel=1 adjusting=false popupShowing=none hadPress=true drags=12
2026-09-28T12:18:12.522917Z PRESSED btn=1 down=[1] src= srcWindow=MainFrame(Fluxtion Audit Log Analyser) under= onTable=true sel=1 adjusting=false popupShowing=none
2026-09-28T12:18:12.907108Z RELEASED btn=1 down=[] src= srcWindow=MainFrame(Fluxtion Audit Log Analyser) under= onTable=true sel=8 adjusting=true popupShowing=none hadPress=true drags=8
2026-09-28T12:18:13.362078Z SUSPECT tableIsMidDragButNoButtonIsDown size=0 grew=false dragsSinceLastPress=8 note="the release that should have ended this gesture went elsewhere - the RELEASED line above says where"
2026-09-28T12:18:13.362245Z SUSPECT tableIsMidDragButNoButtonIsDown size=1 grew=true dragsSinceLastPress=8 note="the release that should have ended this gesture went elsewhere - the RELEASED line above says where"
2026-09-28T12:18:13.362290Z SUSPECT tableIsMidDragButNoButtonIsDown size=2 grew=true dragsSinceLastPress=8 note="the release that should have ended this gesture went elsewhere - the RELEASED line above says where"
2026-09-28T12:18:13.362323Z SUSPECT tableIsMidDragButNoButtonIsDown size=3 grew=true dragsSinceLastPress=8 note="the release that should have ended this gesture went elsewhere - the RELEASED line above says where"
2026-09-28T12:18:13.362353Z SUSPECT tableIsMidDragButNoButtonIsDown size=4 grew=true dragsSinceLastPress=8 note="the release that should have ended this gesture went elsewhere - the RELEASED line above says where"
2026-09-28T12:18:13.362381Z SUSPECT tableIsMidDragButNoButtonIsDown size=5 grew=true dragsSinceLastPress=8 note="the release that should have ended this gesture went elsewhere - the RELEASED line above says where"
2026-09-28T12:18:13.362438Z SUSPECT tableIsMidDragButNoButtonIsDown size=6 grew=true dragsSinceLastPress=8 note="the release that should have ended this gesture went elsewhere - the RELEASED line above says where"
2026-09-28T12:18:13.362464Z SUSPECT tableIsMidDragButNoButtonIsDown size=7 grew=true dragsSinceLastPress=8 note="the release that should have ended this gesture went elsewhere - the RELEASED line above says where"
2026-09-28T12:18:13.362487Z SUSPECT tableIsMidDragButNoButtonIsDown size=8 grew=true dragsSinceLastPress=8 note="the release that should have ended this gesture went elsewhere - the RELEASED line above says where"
2026-09-28T12:18:13.370888Z SUSPECT tableIsMidDragButNoButtonIsDown size=0 grew=false dragsSinceLastPress=8 note="the release that should have ended this gesture went elsewhere - the RELEASED line above says where"
2026-09-28T12:18:13.371008Z SUSPECT tableIsMidDragButNoButtonIsDown size=1 grew=true dragsSinceLastPress=8 note="the release that should have ended this gesture went elsewhere - the RELEASED line above says where"
2026-09-28T12:18:13.371047Z SUSPECT tableIsMidDragButNoButtonIsDown size=2 grew=true dragsSinceLastPress=8 note="the release that should have ended this gesture went elsewhere - the RELEASED line above says where"
2026-09-28T12:18:13.371076Z SUSPECT tableIsMidDragButNoButtonIsDown size=3 grew=true dragsSinceLastPress=8 note="the release that should have ended this gesture went elsewhere - the RELEASED line above says where"
2026-09-28T12:18:13.371100Z SUSPECT tableIsMidDragButNoButtonIsDown size=4 grew=true dragsSinceLastPress=8 note="the release that should have ended this gesture went elsewhere - the RELEASED line above says where"
2026-09-28T12:18:13.371124Z SUSPECT tableIsMidDragButNoButtonIsDown size=5 grew=true dragsSinceLastPress=8 note="the release that should have ended this gesture went elsewhere - the RELEASED line above says where"
2026-09-28T12:18:13.371149Z SUSPECT tableIsMidDragButNoButtonIsDown size=6 grew=true dragsSinceLastPress=8 note="the release that should have ended this gesture went elsewhere - the RELEASED line above says where"
2026-09-28T12:18:13.371170Z SUSPECT tableIsMidDragButNoButtonIsDown size=7 grew=true dragsSinceLastPress=8 note="the release that should have ended this gesture went elsewhere - the RELEASED line above says where"
2026-09-28T12:18:13.371188Z SUSPECT tableIsMidDragButNoButtonIsDown size=8 grew=true dragsSinceLastPress=8 note="the release that should have ended this gesture went elsewhere - the RELEASED line above says where"
2026-09-28T12:18:13.742455Z PRESSED btn=1 down=[1] src=SpotlightOverlay srcWindow=MainFrame(Fluxtion Audit Log Analyser) under=SpotlightOverlay onTable=false sel=1 adjusting=false popupShowing=none
2026-09-28T12:18:14.408262Z RELEASED btn=1 down=[] src=SpotlightOverlay srcWindow=MainFrame(Fluxtion Audit Log Analyser) under=SpotlightOverlay onTable=false sel=1 adjusting=false popupShowing=none hadPress=true drags=12
2026-09-28T12:18:15.475860Z PRESSED btn=1 down=[1] src= srcWindow=MainFrame(Fluxtion Audit Log Analyser) under= onTable=true sel=1 adjusting=false popupShowing=none
2026-09-28T12:18:15.891260Z RELEASED btn=1 down=[] src= srcWindow=MainFrame(Fluxtion Audit Log Analyser) under= onTable=true sel=8 adjusting=true popupShowing=none hadPress=true drags=8
2026-09-28T12:18:16.409606Z SUSPECT tableIsMidDragButNoButtonIsDown size=0 grew=false dragsSinceLastPress=8 note="the release that should have ended this gesture went elsewhere - the RELEASED line above says where"
2026-09-28T12:18:16.409834Z SUSPECT tableIsMidDragButNoButtonIsDown size=1 grew=true dragsSinceLastPress=8 note="the release that should have ended this gesture went elsewhere - the RELEASED line above says where"
2026-09-28T12:18:16.409878Z SUSPECT tableIsMidDragButNoButtonIsDown size=2 grew=true dragsSinceLastPress=8 note="the release that should have ended this gesture went elsewhere - the RELEASED line above says where"
2026-09-28T12:18:16.409899Z SUSPECT tableIsMidDragButNoButtonIsDown size=3 grew=true dragsSinceLastPress=8 note="the release that should have ended this gesture went elsewhere - the RELEASED line above says where"
2026-09-28T12:18:16.409926Z SUSPECT tableIsMidDragButNoButtonIsDown size=4 grew=true dragsSinceLastPress=8 note="the release that should have ended this gesture went elsewhere - the RELEASED line above says where"
2026-09-28T12:18:16.409940Z SUSPECT tableIsMidDragButNoButtonIsDown size=5 grew=true dragsSinceLastPress=8 note="the release that should have ended this gesture went elsewhere - the RELEASED line above says where"
2026-09-28T12:18:16.409963Z SUSPECT tableIsMidDragButNoButtonIsDown size=6 grew=true dragsSinceLastPress=8 note="the release that should have ended this gesture went elsewhere - the RELEASED line above says where"
2026-09-28T12:18:16.409975Z SUSPECT tableIsMidDragButNoButtonIsDown size=7 grew=true dragsSinceLastPress=8 note="the release that should have ended this gesture went elsewhere - the RELEASED line above says where"
2026-09-28T12:18:16.409989Z SUSPECT tableIsMidDragButNoButtonIsDown size=8 grew=true dragsSinceLastPress=8 note="the release that should have ended this gesture went elsewhere - the RELEASED line above says where"
2026-09-28T12:18:16.435861Z SUSPECT tableIsMidDragButNoButtonIsDown size=0 grew=false dragsSinceLastPress=8 note="the release that should have ended this gesture went elsewhere - the RELEASED line above says where"
2026-09-28T12:18:16.435948Z SUSPECT tableIsMidDragButNoButtonIsDown size=1 grew=true dragsSinceLastPress=8 note="the release that should have ended this gesture went elsewhere - the RELEASED line above says where"
2026-09-28T12:18:16.435974Z SUSPECT tableIsMidDragButNoButtonIsDown size=2 grew=true dragsSinceLastPress=8 note="the release that should have ended this gesture went elsewhere - the RELEASED line above says where"
2026-09-28T12:18:16.435996Z SUSPECT tableIsMidDragButNoButtonIsDown size=3 grew=true dragsSinceLastPress=8 note="the release that should have ended this gesture went elsewhere - the RELEASED line above says where"
2026-09-28T12:18:16.436010Z SUSPECT tableIsMidDragButNoButtonIsDown size=4 grew=true dragsSinceLastPress=8 note="the release that should have ended this gesture went elsewhere - the RELEASED line above says where"
2026-09-28T12:18:16.436023Z SUSPECT tableIsMidDragButNoButtonIsDown size=5 grew=true dragsSinceLastPress=8 note="the release that should have ended this gesture went elsewhere - the RELEASED line above says where"
2026-09-28T12:18:16.436036Z SUSPECT tableIsMidDragButNoButtonIsDown size=6 grew=true dragsSinceLastPress=8 note="the release that should have ended this gesture went elsewhere - the RELEASED line above says where"
2026-09-28T12:18:16.436047Z SUSPECT tableIsMidDragButNoButtonIsDown size=7 grew=true dragsSinceLastPress=8 note="the release that should have ended this gesture went elsewhere - the RELEASED line above says where"
2026-09-28T12:18:16.436058Z SUSPECT tableIsMidDragButNoButtonIsDown size=8 grew=true dragsSinceLastPress=8 note="the release that should have ended this gesture went elsewhere - the RELEASED line above says where"
2026-09-28T12:18:16.536339Z PRESSED btn=1 down=[1] src=TimeRangeSlider srcWindow=MainFrame(Fluxtion Audit Log Analyser) under=TimeRangeSlider onTable=false sel=1 adjusting=false popupShowing=none
2026-09-28T12:18:17.187866Z RELEASED btn=1 down=[] src=TimeRangeSlider srcWindow=MainFrame(Fluxtion Audit Log Analyser) under=TimeRangeSlider onTable=false sel=1 adjusting=false popupShowing=none hadPress=true drags=12
2026-09-28T12:18:18.162814Z PRESSED btn=1 down=[1] src=SpotlightOverlay srcWindow=MainFrame(Fluxtion Audit Log Analyser) under=SpotlightOverlay onTable=false sel=1 adjusting=false popupShowing=none
2026-09-28T12:18:18.542817Z RELEASED btn=1 down=[] src=SpotlightOverlay srcWindow=MainFrame(Fluxtion Audit Log Analyser) under=SpotlightOverlay onTable=false sel=1 adjusting=false popupShowing=none hadPress=true drags=8
2026-09-28T12:18:18.994431Z SUSPECT tableIsMidDragButNoButtonIsDown size=0 grew=false dragsSinceLastPress=8 note="the release that should have ended this gesture went elsewhere - the RELEASED line above says where"
2026-09-28T12:18:18.994595Z SUSPECT tableIsMidDragButNoButtonIsDown size=1 grew=true dragsSinceLastPress=8 note="the release that should have ended this gesture went elsewhere - the RELEASED line above says where"
2026-09-28T12:18:19.004328Z SUSPECT tableIsMidDragButNoButtonIsDown size=0 grew=false dragsSinceLastPress=8 note="the release that should have ended this gesture went elsewhere - the RELEASED line above says where"
2026-09-28T12:18:19.004473Z SUSPECT tableIsMidDragButNoButtonIsDown size=1 grew=true dragsSinceLastPress=8 note="the release that should have ended this gesture went elsewhere - the RELEASED line above says where"
2026-09-28T12:18:19.108103Z PRESSED btn=1 down=[1] src=TimeRangeSlider srcWindow=MainFrame(Fluxtion Audit Log Analyser) under=TimeRangeSlider onTable=false sel=1 adjusting=false popupShowing=none
2026-09-28T12:18:19.724661Z RELEASED btn=1 down=[] src=TimeRangeSlider srcWindow=MainFrame(Fluxtion Audit Log Analyser) under=TimeRangeSlider onTable=false sel=1 adjusting=false popupShowing=none hadPress=true drags=12
2026-09-28T12:18:20.690734Z PRESSED btn=1 down=[1] src=SpotlightOverlay srcWindow=MainFrame(Fluxtion Audit Log Analyser) under=SpotlightOverlay onTable=false sel=1 adjusting=false popupShowing=none
2026-09-28T12:18:21.058926Z RELEASED btn=1 down=[] src=SpotlightOverlay srcWindow=MainFrame(Fluxtion Audit Log Analyser) under=SpotlightOverlay onTable=false sel=1 adjusting=false popupShowing=none hadPress=true drags=8
2026-09-28T12:18:21.545521Z SUSPECT tableIsMidDragButNoButtonIsDown size=0 grew=false dragsSinceLastPress=8 note="the release that should have ended this gesture went elsewhere - the RELEASED line above says where"
2026-09-28T12:18:21.545737Z SUSPECT tableIsMidDragButNoButtonIsDown size=1 grew=true dragsSinceLastPress=8 note="the release that should have ended this gesture went elsewhere - the RELEASED line above says where"
2026-09-28T12:18:21.554757Z SUSPECT tableIsMidDragButNoButtonIsDown size=0 grew=false dragsSinceLastPress=8 note="the release that should have ended this gesture went elsewhere - the RELEASED line above says where"
2026-09-28T12:18:21.554884Z SUSPECT tableIsMidDragButNoButtonIsDown size=1 grew=true dragsSinceLastPress=8 note="the release that should have ended this gesture went elsewhere - the RELEASED line above says where"
2026-09-28T12:18:21.656780Z PRESSED btn=1 down=[1] src=TimeRangeSlider srcWindow=MainFrame(Fluxtion Audit Log Analyser) under=TimeRangeSlider onTable=false sel=1 adjusting=false popupShowing=none
2026-09-28T12:18:22.290106Z RELEASED btn=1 down=[] src=TimeRangeSlider srcWindow=MainFrame(Fluxtion Audit Log Analyser) under=TimeRangeSlider onTable=false sel=1 adjusting=false popupShowing=none hadPress=true drags=12
2026-09-28T12:18:23.310226Z PRESSED btn=1 down=[1] src=SpotlightOverlay srcWindow=MainFrame(Fluxtion Audit Log Analyser) under=SpotlightOverlay onTable=false sel=1 adjusting=false popupShowing=none
2026-09-28T12:18:23.672119Z RELEASED btn=1 down=[] src=SpotlightOverlay srcWindow=MainFrame(Fluxtion Audit Log Analyser) under=SpotlightOverlay onTable=false sel=1 adjusting=false popupShowing=none hadPress=true drags=7
2026-09-28T12:18:24.245294Z SUSPECT tableIsMidDragButNoButtonIsDown size=0 grew=false dragsSinceLastPress=7 note="the release that should have ended this gesture went elsewhere - the RELEASED line above says where"
2026-09-28T12:18:24.245464Z SUSPECT tableIsMidDragButNoButtonIsDown size=1 grew=true dragsSinceLastPress=7 note="the release that should have ended this gesture went elsewhere - the RELEASED line above says where"
2026-09-28T12:18:24.256195Z SUSPECT tableIsMidDragButNoButtonIsDown size=0 grew=false dragsSinceLastPress=7 note="the release that should have ended this gesture went elsewhere - the RELEASED line above says where"
2026-09-28T12:18:24.256328Z SUSPECT tableIsMidDragButNoButtonIsDown size=1 grew=true dragsSinceLastPress=7 note="the release that should have ended this gesture went elsewhere - the RELEASED line above says where"
2026-09-28T12:18:24.356642Z PRESSED btn=1 down=[1] src= srcWindow=MainFrame(Fluxtion Audit Log Analyser) under= onTable=true sel=1 adjusting=false popupShowing=none
2026-09-28T12:18:24.972426Z RELEASED btn=1 down=[] src= srcWindow=MainFrame(Fluxtion Audit Log Analyser) under= onTable=true sel=35 adjusting=true popupShowing=none hadPress=true drags=12
2026-09-28T12:18:26.060866Z SUSPECT tableIsMidDragButNoButtonIsDown size=0 grew=false dragsSinceLastPress=12 note="the release that should have ended this gesture went elsewhere - the RELEASED line above says where"
2026-09-28T12:18:26.060988Z SUSPECT tableIsMidDragButNoButtonIsDown size=1 grew=true dragsSinceLastPress=12 note="the release that should have ended this gesture went elsewhere - the RELEASED line above says where"
2026-09-28T12:18:26.061008Z SUSPECT tableIsMidDragButNoButtonIsDown size=2 grew=true dragsSinceLastPress=12 note="the release that should have ended this gesture went elsewhere - the RELEASED line above says where"
2026-09-28T12:18:26.061024Z SUSPECT tableIsMidDragButNoButtonIsDown size=3 grew=true dragsSinceLastPress=12 note="the release that should have ended this gesture went elsewhere - the RELEASED line above says where"
2026-09-28T12:18:26.061038Z SUSPECT tableIsMidDragButNoButtonIsDown size=4 grew=true dragsSinceLastPress=12 note="the release that should have ended this gesture went elsewhere - the RELEASED line above says where"
2026-09-28T12:18:26.061052Z SUSPECT tableIsMidDragButNoButtonIsDown size=5 grew=true dragsSinceLastPress=12 note="the release that should have ended this gesture went elsewhere - the RELEASED line above says where"
2026-09-28T12:18:26.061065Z SUSPECT tableIsMidDragButNoButtonIsDown size=6 grew=true dragsSinceLastPress=12 note="the release that should have ended this gesture went elsewhere - the RELEASED line above says where"
2026-09-28T12:18:26.061096Z SUSPECT tableIsMidDragButNoButtonIsDown size=7 grew=true dragsSinceLastPress=12 note="the release that should have ended this gesture went elsewhere - the RELEASED line above says where"
2026-09-28T12:18:26.061105Z SUSPECT tableIsMidDragButNoButtonIsDown size=8 grew=true dragsSinceLastPress=12 note="the release that should have ended this gesture went elsewhere - the RELEASED line above says where"
2026-09-28T12:18:26.061119Z SUSPECT tableIsMidDragButNoButtonIsDown size=9 grew=true dragsSinceLastPress=12 note="the release that should have ended this gesture went elsewhere - the RELEASED line above says where"
2026-09-28T12:18:26.061133Z SUSPECT tableIsMidDragButNoButtonIsDown size=10 grew=true dragsSinceLastPress=12 note="the release that should have ended this gesture went elsewhere - the RELEASED line above says where"
2026-09-28T12:18:26.061143Z SUSPECT tableIsMidDragButNoButtonIsDown size=11 grew=true dragsSinceLastPress=12 note="the release that should have ended this gesture went elsewhere - the RELEASED line above says where"
2026-09-28T12:18:26.061152Z SUSPECT tableIsMidDragButNoButtonIsDown size=12 grew=true dragsSinceLastPress=12 note="the release that should have ended this gesture went elsewhere - the RELEASED line above says where"
2026-09-28T12:18:26.061161Z SUSPECT tableIsMidDragButNoButtonIsDown size=13 grew=true dragsSinceLastPress=12 note="the release that should have ended this gesture went elsewhere - the RELEASED line above says where"
2026-09-28T12:18:26.061170Z SUSPECT tableIsMidDragButNoButtonIsDown size=14 grew=true dragsSinceLastPress=12 note="the release that should have ended this gesture went elsewhere - the RELEASED line above says where"
2026-09-28T12:18:26.061184Z SUSPECT tableIsMidDragButNoButtonIsDown size=15 grew=true dragsSinceLastPress=12 note="the release that should have ended this gesture went elsewhere - the RELEASED line above says where"
2026-09-28T12:18:26.061193Z SUSPECT tableIsMidDragButNoButtonIsDown size=16 grew=true dragsSinceLastPress=12 note="the release that should have ended this gesture went elsewhere - the RELEASED line above says where"
2026-09-28T12:18:26.061202Z SUSPECT tableIsMidDragButNoButtonIsDown size=17 grew=true dragsSinceLastPress=12 note="the release that should have ended this gesture went elsewhere - the RELEASED line above says where"
2026-09-28T12:18:26.061212Z SUSPECT tableIsMidDragButNoButtonIsDown size=18 grew=true dragsSinceLastPress=12 note="the release that should have ended this gesture went elsewhere - the RELEASED line above says where"
2026-09-28T12:18:26.061222Z SUSPECT tableIsMidDragButNoButtonIsDown size=19 grew=true dragsSinceLastPress=12 note="the release that should have ended this gesture went elsewhere - the RELEASED line above says where"
2026-09-28T12:18:26.061240Z SUSPECT tableIsMidDragButNoButtonIsDown size=20 grew=true dragsSinceLastPress=12 note="the release that should have ended this gesture went elsewhere - the RELEASED line above says where"
2026-09-28T12:18:26.061250Z SUSPECT tableIsMidDragButNoButtonIsDown size=21 grew=true dragsSinceLastPress=12 note="the release that should have ended this gesture went elsewhere - the RELEASED line above says where"
2026-09-28T12:18:26.061259Z SUSPECT tableIsMidDragButNoButtonIsDown size=22 grew=true dragsSinceLastPress=12 note="the release that should have ended this gesture went elsewhere - the RELEASED line above says where"
2026-09-28T12:18:26.061276Z SUSPECT tableIsMidDragButNoButtonIsDown size=23 grew=true dragsSinceLastPress=12 note="the release that should have ended this gesture went elsewhere - the RELEASED line above says where"
2026-09-28T12:18:26.061288Z SUSPECT tableIsMidDragButNoButtonIsDown size=24 grew=true dragsSinceLastPress=12 note="the release that should have ended this gesture went elsewhere - the RELEASED line above says where"
2026-09-28T12:18:26.061297Z SUSPECT tableIsMidDragButNoButtonIsDown size=25 grew=true dragsSinceLastPress=12 note="the release that should have ended this gesture went elsewhere - the RELEASED line above says where"
2026-09-28T12:18:26.061305Z SUSPECT tableIsMidDragButNoButtonIsDown size=26 grew=true dragsSinceLastPress=12 note="the release that should have ended this gesture went elsewhere - the RELEASED line above says where"
2026-09-28T12:18:26.061314Z SUSPECT tableIsMidDragButNoButtonIsDown size=27 grew=true dragsSinceLastPress=12 note="the release that should have ended this gesture went elsewhere - the RELEASED line above says where"
2026-09-28T12:18:26.061322Z SUSPECT tableIsMidDragButNoButtonIsDown size=28 grew=true dragsSinceLastPress=12 note="the release that should have ended this gesture went elsewhere - the RELEASED line above says where"
2026-09-28T12:18:26.061331Z SUSPECT tableIsMidDragButNoButtonIsDown size=29 grew=true dragsSinceLastPress=12 note="the release that should have ended this gesture went elsewhere - the RELEASED line above says where"
2026-09-28T12:18:26.061339Z SUSPECT tableIsMidDragButNoButtonIsDown size=30 grew=true dragsSinceLastPress=12 note="the release that should have ended this gesture went elsewhere - the RELEASED line above says where"
2026-09-28T12:18:26.061348Z SUSPECT tableIsMidDragButNoButtonIsDown size=31 grew=true dragsSinceLastPress=12 note="the release that should have ended this gesture went elsewhere - the RELEASED line above says where"
2026-09-28T12:18:26.061360Z SUSPECT tableIsMidDragButNoButtonIsDown size=32 grew=true dragsSinceLastPress=12 note="the release that should have ended this gesture went elsewhere - the RELEASED line above says where"
2026-09-28T12:18:26.061374Z SUSPECT tableIsMidDragButNoButtonIsDown size=33 grew=true dragsSinceLastPress=12 note="the release that should have ended this gesture went elsewhere - the RELEASED line above says where"
2026-09-28T12:18:26.061383Z SUSPECT tableIsMidDragButNoButtonIsDown size=34 grew=true dragsSinceLastPress=12 note="the release that should have ended this gesture went elsewhere - the RELEASED line above says where"
2026-09-28T12:18:26.061392Z SUSPECT tableIsMidDragButNoButtonIsDown size=35 grew=true dragsSinceLastPress=12 note="the release that should have ended this gesture went elsewhere - the RELEASED line above says where"
2026-09-28T12:18:26.070787Z SUSPECT tableIsMidDragButNoButtonIsDown size=0 grew=false dragsSinceLastPress=12 note="the release that should have ended this gesture went elsewhere - the RELEASED line above says where"
2026-09-28T12:18:26.070877Z SUSPECT tableIsMidDragButNoButtonIsDown size=1 grew=true dragsSinceLastPress=12 note="the release that should have ended this gesture went elsewhere - the RELEASED line above says where"
2026-09-28T12:18:26.071073Z SUSPECT tableIsMidDragButNoButtonIsDown size=2 grew=true dragsSinceLastPress=12 note="the release that should have ended this gesture went elsewhere - the RELEASED line above says where"
2026-09-28T12:18:26.071101Z SUSPECT tableIsMidDragButNoButtonIsDown size=3 grew=true dragsSinceLastPress=12 note="the release that should have ended this gesture went elsewhere - the RELEASED line above says where"
2026-09-28T12:18:26.071114Z SUSPECT tableIsMidDragButNoButtonIsDown size=4 grew=true dragsSinceLastPress=12 note="the release that should have ended this gesture went elsewhere - the RELEASED line above says where"
2026-09-28T12:18:26.071124Z SUSPECT tableIsMidDragButNoButtonIsDown size=5 grew=true dragsSinceLastPress=12 note="the release that should have ended this gesture went elsewhere - the RELEASED line above says where"
2026-09-28T12:18:26.071134Z SUSPECT tableIsMidDragButNoButtonIsDown size=6 grew=true dragsSinceLastPress=12 note="the release that should have ended this gesture went elsewhere - the RELEASED line above says where"
2026-09-28T12:18:26.071147Z SUSPECT tableIsMidDragButNoButtonIsDown size=7 grew=true dragsSinceLastPress=12 note="the release that should have ended this gesture went elsewhere - the RELEASED line above says where"
2026-09-28T12:18:26.071165Z SUSPECT tableIsMidDragButNoButtonIsDown size=8 grew=true dragsSinceLastPress=12 note="the release that should have ended this gesture went elsewhere - the RELEASED line above says where"
2026-09-28T12:18:26.071176Z SUSPECT tableIsMidDragButNoButtonIsDown size=9 grew=true dragsSinceLastPress=12 note="the release that should have ended this gesture went elsewhere - the RELEASED line above says where"
2026-09-28T12:18:26.071185Z SUSPECT tableIsMidDragButNoButtonIsDown size=10 grew=true dragsSinceLastPress=12 note="the release that should have ended this gesture went elsewhere - the RELEASED line above says where"
2026-09-28T12:18:26.071199Z SUSPECT tableIsMidDragButNoButtonIsDown size=11 grew=true dragsSinceLastPress=12 note="the release that should have ended this gesture went elsewhere - the RELEASED line above says where"
2026-09-28T12:18:26.071207Z SUSPECT tableIsMidDragButNoButtonIsDown size=12 grew=true dragsSinceLastPress=12 note="the release that should have ended this gesture went elsewhere - the RELEASED line above says where"
2026-09-28T12:18:26.071217Z SUSPECT tableIsMidDragButNoButtonIsDown size=13 grew=true dragsSinceLastPress=12 note="the release that should have ended this gesture went elsewhere - the RELEASED line above says where"
2026-09-28T12:18:26.071287Z SUSPECT tableIsMidDragButNoButtonIsDown size=14 grew=true dragsSinceLastPress=12 note="the release that should have ended this gesture went elsewhere - the RELEASED line above says where"
2026-09-28T12:18:26.071299Z SUSPECT tableIsMidDragButNoButtonIsDown size=15 grew=true dragsSinceLastPress=12 note="the release that should have ended this gesture went elsewhere - the RELEASED line above says where"
2026-09-28T12:18:26.071311Z SUSPECT tableIsMidDragButNoButtonIsDown size=16 grew=true dragsSinceLastPress=12 note="the release that should have ended this gesture went elsewhere - the RELEASED line above says where"
2026-09-28T12:18:26.071320Z SUSPECT tableIsMidDragButNoButtonIsDown size=17 grew=true dragsSinceLastPress=12 note="the release that should have ended this gesture went elsewhere - the RELEASED line above says where"
2026-09-28T12:18:26.071329Z SUSPECT tableIsMidDragButNoButtonIsDown size=18 grew=true dragsSinceLastPress=12 note="the release that should have ended this gesture went elsewhere - the RELEASED line above says where"
2026-09-28T12:18:26.071338Z SUSPECT tableIsMidDragButNoButtonIsDown size=19 grew=true dragsSinceLastPress=12 note="the release that should have ended this gesture went elsewhere - the RELEASED line above says where"
2026-09-28T12:18:26.071347Z SUSPECT tableIsMidDragButNoButtonIsDown size=20 grew=true dragsSinceLastPress=12 note="the release that should have ended this gesture went elsewhere - the RELEASED line above says where"
2026-09-28T12:18:26.071355Z SUSPECT tableIsMidDragButNoButtonIsDown size=21 grew=true dragsSinceLastPress=12 note="the release that should have ended this gesture went elsewhere - the RELEASED line above says where"
2026-09-28T12:18:26.071386Z SUSPECT tableIsMidDragButNoButtonIsDown size=22 grew=true dragsSinceLastPress=12 note="the release that should have ended this gesture went elsewhere - the RELEASED line above says where"
2026-09-28T12:18:26.071436Z SUSPECT tableIsMidDragButNoButtonIsDown size=23 grew=true dragsSinceLastPress=12 note="the release that should have ended this gesture went elsewhere - the RELEASED line above says where"
2026-09-28T12:18:26.071456Z SUSPECT tableIsMidDragButNoButtonIsDown size=24 grew=true dragsSinceLastPress=12 note="the release that should have ended this gesture went elsewhere - the RELEASED line above says where"
2026-09-28T12:18:26.071469Z SUSPECT tableIsMidDragButNoButtonIsDown size=25 grew=true dragsSinceLastPress=12 note="the release that should have ended this gesture went elsewhere - the RELEASED line above says where"
2026-09-28T12:18:26.071910Z SUSPECT tableIsMidDragButNoButtonIsDown size=26 grew=true dragsSinceLastPress=12 note="the release that should have ended this gesture went elsewhere - the RELEASED line above says where"
2026-09-28T12:18:26.071930Z SUSPECT tableIsMidDragButNoButtonIsDown size=27 grew=true dragsSinceLastPress=12 note="the release that should have ended this gesture went elsewhere - the RELEASED line above says where"
2026-09-28T12:18:26.071944Z SUSPECT tableIsMidDragButNoButtonIsDown size=28 grew=true dragsSinceLastPress=12 note="the release that should have ended this gesture went elsewhere - the RELEASED line above says where"
2026-09-28T12:18:26.071955Z SUSPECT tableIsMidDragButNoButtonIsDown size=29 grew=true dragsSinceLastPress=12 note="the release that should have ended this gesture went elsewhere - the RELEASED line above says where"
2026-09-28T12:18:26.071965Z SUSPECT tableIsMidDragButNoButtonIsDown size=30 grew=true dragsSinceLastPress=12 note="the release that should have ended this gesture went elsewhere - the RELEASED line above says where"
2026-09-28T12:18:26.071975Z SUSPECT tableIsMidDragButNoButtonIsDown size=31 grew=true dragsSinceLastPress=12 note="the release that should have ended this gesture went elsewhere - the RELEASED line above says where"
2026-09-28T12:18:26.071985Z SUSPECT tableIsMidDragButNoButtonIsDown size=32 grew=true dragsSinceLastPress=12 note="the release that should have ended this gesture went elsewhere - the RELEASED line above says where"
2026-09-28T12:18:26.071994Z SUSPECT tableIsMidDragButNoButtonIsDown size=33 grew=true dragsSinceLastPress=12 note="the release that should have ended this gesture went elsewhere - the RELEASED line above says where"
2026-09-28T12:18:26.072003Z SUSPECT tableIsMidDragButNoButtonIsDown size=34 grew=true dragsSinceLastPress=12 note="the release that should have ended this gesture went elsewhere - the RELEASED line above says where"
2026-09-28T12:18:26.072014Z SUSPECT tableIsMidDragButNoButtonIsDown size=35 grew=true dragsSinceLastPress=12 note="the release that should have ended this gesture went elsewhere - the RELEASED line above says where"
2026-09-28T12:18:26.189956Z PRESSED btn=1 down=[1] src= srcWindow=MainFrame(Fluxtion Audit Log Analyser) under= onTable=true sel=1 adjusting=false popupShowing=none
2026-09-28T12:18:26.838941Z RELEASED btn=1 down=[] src= srcWindow=MainFrame(Fluxtion Audit Log Analyser) under= onTable=true sel=36 adjusting=true popupShowing=none hadPress=true drags=12
2026-09-28T12:18:27.859361Z SUSPECT tableIsMidDragButNoButtonIsDown size=0 grew=false dragsSinceLastPress=12 note="the release that should have ended this gesture went elsewhere - the RELEASED line above says where"
2026-09-28T12:18:27.859440Z SUSPECT tableIsMidDragButNoButtonIsDown size=1 grew=true dragsSinceLastPress=12 note="the release that should have ended this gesture went elsewhere - the RELEASED line above says where"
2026-09-28T12:18:27.859460Z SUSPECT tableIsMidDragButNoButtonIsDown size=2 grew=true dragsSinceLastPress=12 note="the release that should have ended this gesture went elsewhere - the RELEASED line above says where"
2026-09-28T12:18:27.859526Z SUSPECT tableIsMidDragButNoButtonIsDown size=3 grew=true dragsSinceLastPress=12 note="the release that should have ended this gesture went elsewhere - the RELEASED line above says where"
2026-09-28T12:18:27.859539Z SUSPECT tableIsMidDragButNoButtonIsDown size=4 grew=true dragsSinceLastPress=12 note="the release that should have ended this gesture went elsewhere - the RELEASED line above says where"
2026-09-28T12:18:27.859551Z SUSPECT tableIsMidDragButNoButtonIsDown size=5 grew=true dragsSinceLastPress=12 note="the release that should have ended this gesture went elsewhere - the RELEASED line above says where"
2026-09-28T12:18:27.859560Z SUSPECT tableIsMidDragButNoButtonIsDown size=6 grew=true dragsSinceLastPress=12 note="the release that should have ended this gesture went elsewhere - the RELEASED line above says where"
2026-09-28T12:18:27.859569Z SUSPECT tableIsMidDragButNoButtonIsDown size=7 grew=true dragsSinceLastPress=12 note="the release that should have ended this gesture went elsewhere - the RELEASED line above says where"
2026-09-28T12:18:27.859581Z SUSPECT tableIsMidDragButNoButtonIsDown size=8 grew=true dragsSinceLastPress=12 note="the release that should have ended this gesture went elsewhere - the RELEASED line above says where"
2026-09-28T12:18:27.859589Z SUSPECT tableIsMidDragButNoButtonIsDown size=9 grew=true dragsSinceLastPress=12 note="the release that should have ended this gesture went elsewhere - the RELEASED line above says where"
2026-09-28T12:18:27.859598Z SUSPECT tableIsMidDragButNoButtonIsDown size=10 grew=true dragsSinceLastPress=12 note="the release that should have ended this gesture went elsewhere - the RELEASED line above says where"
2026-09-28T12:18:27.859607Z SUSPECT tableIsMidDragButNoButtonIsDown size=11 grew=true dragsSinceLastPress=12 note="the release that should have ended this gesture went elsewhere - the RELEASED line above says where"
2026-09-28T12:18:27.859615Z SUSPECT tableIsMidDragButNoButtonIsDown size=12 grew=true dragsSinceLastPress=12 note="the release that should have ended this gesture went elsewhere - the RELEASED line above says where"
2026-09-28T12:18:27.859624Z SUSPECT tableIsMidDragButNoButtonIsDown size=13 grew=true dragsSinceLastPress=12 note="the release that should have ended this gesture went elsewhere - the RELEASED line above says where"
2026-09-28T12:18:27.859633Z SUSPECT tableIsMidDragButNoButtonIsDown size=14 grew=true dragsSinceLastPress=12 note="the release that should have ended this gesture went elsewhere - the RELEASED line above says where"
2026-09-28T12:18:27.859641Z SUSPECT tableIsMidDragButNoButtonIsDown size=15 grew=true dragsSinceLastPress=12 note="the release that should have ended this gesture went elsewhere - the RELEASED line above says where"
2026-09-28T12:18:27.859650Z SUSPECT tableIsMidDragButNoButtonIsDown size=16 grew=true dragsSinceLastPress=12 note="the release that should have ended this gesture went elsewhere - the RELEASED line above says where"
2026-09-28T12:18:27.859658Z SUSPECT tableIsMidDragButNoButtonIsDown size=17 grew=true dragsSinceLastPress=12 note="the release that should have ended this gesture went elsewhere - the RELEASED line above says where"
2026-09-28T12:18:27.859666Z SUSPECT tableIsMidDragButNoButtonIsDown size=18 grew=true dragsSinceLastPress=12 note="the release that should have ended this gesture went elsewhere - the RELEASED line above says where"
2026-09-28T12:18:27.859674Z SUSPECT tableIsMidDragButNoButtonIsDown size=19 grew=true dragsSinceLastPress=12 note="the release that should have ended this gesture went elsewhere - the RELEASED line above says where"
2026-09-28T12:18:27.859687Z SUSPECT tableIsMidDragButNoButtonIsDown size=20 grew=true dragsSinceLastPress=12 note="the release that should have ended this gesture went elsewhere - the RELEASED line above says where"
2026-09-28T12:18:27.859696Z SUSPECT tableIsMidDragButNoButtonIsDown size=21 grew=true dragsSinceLastPress=12 note="the release that should have ended this gesture went elsewhere - the RELEASED line above says where"
2026-09-28T12:18:27.859707Z SUSPECT tableIsMidDragButNoButtonIsDown size=22 grew=true dragsSinceLastPress=12 note="the release that should have ended this gesture went elsewhere - the RELEASED line above says where"
2026-09-28T12:18:27.859716Z SUSPECT tableIsMidDragButNoButtonIsDown size=23 grew=true dragsSinceLastPress=12 note="the release that should have ended this gesture went elsewhere - the RELEASED line above says where"
2026-09-28T12:18:27.859725Z SUSPECT tableIsMidDragButNoButtonIsDown size=24 grew=true dragsSinceLastPress=12 note="the release that should have ended this gesture went elsewhere - the RELEASED line above says where"
2026-09-28T12:18:27.859733Z SUSPECT tableIsMidDragButNoButtonIsDown size=25 grew=true dragsSinceLastPress=12 note="the release that should have ended this gesture went elsewhere - the RELEASED line above says where"
2026-09-28T12:18:27.859741Z SUSPECT tableIsMidDragButNoButtonIsDown size=26 grew=true dragsSinceLastPress=12 note="the release that should have ended this gesture went elsewhere - the RELEASED line above says where"
2026-09-28T12:18:27.859753Z SUSPECT tableIsMidDragButNoButtonIsDown size=27 grew=true dragsSinceLastPress=12 note="the release that should have ended this gesture went elsewhere - the RELEASED line above says where"
2026-09-28T12:18:27.859761Z SUSPECT tableIsMidDragButNoButtonIsDown size=28 grew=true dragsSinceLastPress=12 note="the release that should have ended this gesture went elsewhere - the RELEASED line above says where"
2026-09-28T12:18:27.859769Z SUSPECT tableIsMidDragButNoButtonIsDown size=29 grew=true dragsSinceLastPress=12 note="the release that should have ended this gesture went elsewhere - the RELEASED line above says where"
2026-09-28T12:18:27.859778Z SUSPECT tableIsMidDragButNoButtonIsDown size=30 grew=true dragsSinceLastPress=12 note="the release that should have ended this gesture went elsewhere - the RELEASED line above says where"
2026-09-28T12:18:27.859786Z SUSPECT tableIsMidDragButNoButtonIsDown size=31 grew=true dragsSinceLastPress=12 note="the release that should have ended this gesture went elsewhere - the RELEASED line above says where"
2026-09-28T12:18:27.859798Z SUSPECT tableIsMidDragButNoButtonIsDown size=32 grew=true dragsSinceLastPress=12 note="the release that should have ended this gesture went elsewhere - the RELEASED line above says where"
2026-09-28T12:18:27.859806Z SUSPECT tableIsMidDragButNoButtonIsDown size=33 grew=true dragsSinceLastPress=12 note="the release that should have ended this gesture went elsewhere - the RELEASED line above says where"
2026-09-28T12:18:27.859814Z SUSPECT tableIsMidDragButNoButtonIsDown size=34 grew=true dragsSinceLastPress=12 note="the release that should have ended this gesture went elsewhere - the RELEASED line above says where"
2026-09-28T12:18:27.859822Z SUSPECT tableIsMidDragButNoButtonIsDown size=35 grew=true dragsSinceLastPress=12 note="the release that should have ended this gesture went elsewhere - the RELEASED line above says where"
2026-09-28T12:18:27.859830Z SUSPECT tableIsMidDragButNoButtonIsDown size=36 grew=true dragsSinceLastPress=12 note="the release that should have ended this gesture went elsewhere - the RELEASED line above says where"
2026-09-28T12:18:27.869410Z SUSPECT tableIsMidDragButNoButtonIsDown size=0 grew=false dragsSinceLastPress=12 note="the release that should have ended this gesture went elsewhere - the RELEASED line above says where"
2026-09-28T12:18:27.869554Z SUSPECT tableIsMidDragButNoButtonIsDown size=1 grew=true dragsSinceLastPress=12 note="the release that should have ended this gesture went elsewhere - the RELEASED line above says where"
2026-09-28T12:18:27.869573Z SUSPECT tableIsMidDragButNoButtonIsDown size=2 grew=true dragsSinceLastPress=12 note="the release that should have ended this gesture went elsewhere - the RELEASED line above says where"
2026-09-28T12:18:27.869591Z SUSPECT tableIsMidDragButNoButtonIsDown size=3 grew=true dragsSinceLastPress=12 note="the release that should have ended this gesture went elsewhere - the RELEASED line above says where"
2026-09-28T12:18:27.869611Z SUSPECT tableIsMidDragButNoButtonIsDown size=4 grew=true dragsSinceLastPress=12 note="the release that should have ended this gesture went elsewhere - the RELEASED line above says where"
2026-09-28T12:18:27.869625Z SUSPECT tableIsMidDragButNoButtonIsDown size=5 grew=true dragsSinceLastPress=12 note="the release that should have ended this gesture went elsewhere - the RELEASED line above says where"
2026-09-28T12:18:27.869634Z SUSPECT tableIsMidDragButNoButtonIsDown size=6 grew=true dragsSinceLastPress=12 note="the release that should have ended this gesture went elsewhere - the RELEASED line above says where"
2026-09-28T12:18:27.869642Z SUSPECT tableIsMidDragButNoButtonIsDown size=7 grew=true dragsSinceLastPress=12 note="the release that should have ended this gesture went elsewhere - the RELEASED line above says where"
2026-09-28T12:18:27.869650Z SUSPECT tableIsMidDragButNoButtonIsDown size=8 grew=true dragsSinceLastPress=12 note="the release that should have ended this gesture went elsewhere - the RELEASED line above says where"
2026-09-28T12:18:27.869658Z SUSPECT tableIsMidDragButNoButtonIsDown size=9 grew=true dragsSinceLastPress=12 note="the release that should have ended this gesture went elsewhere - the RELEASED line above says where"
2026-09-28T12:18:27.869665Z SUSPECT tableIsMidDragButNoButtonIsDown size=10 grew=true dragsSinceLastPress=12 note="the release that should have ended this gesture went elsewhere - the RELEASED line above says where"
2026-09-28T12:18:27.869673Z SUSPECT tableIsMidDragButNoButtonIsDown size=11 grew=true dragsSinceLastPress=12 note="the release that should have ended this gesture went elsewhere - the RELEASED line above says where"
2026-09-28T12:18:27.869680Z SUSPECT tableIsMidDragButNoButtonIsDown size=12 grew=true dragsSinceLastPress=12 note="the release that should have ended this gesture went elsewhere - the RELEASED line above says where"
2026-09-28T12:18:27.869687Z SUSPECT tableIsMidDragButNoButtonIsDown size=13 grew=true dragsSinceLastPress=12 note="the release that should have ended this gesture went elsewhere - the RELEASED line above says where"
2026-09-28T12:18:27.869694Z SUSPECT tableIsMidDragButNoButtonIsDown size=14 grew=true dragsSinceLastPress=12 note="the release that should have ended this gesture went elsewhere - the RELEASED line above says where"
2026-09-28T12:18:27.869702Z SUSPECT tableIsMidDragButNoButtonIsDown size=15 grew=true dragsSinceLastPress=12 note="the release that should have ended this gesture went elsewhere - the RELEASED line above says where"
2026-09-28T12:18:27.869709Z SUSPECT tableIsMidDragButNoButtonIsDown size=16 grew=true dragsSinceLastPress=12 note="the release that should have ended this gesture went elsewhere - the RELEASED line above says where"
2026-09-28T12:18:27.869719Z SUSPECT tableIsMidDragButNoButtonIsDown size=17 grew=true dragsSinceLastPress=12 note="the release that should have ended this gesture went elsewhere - the RELEASED line above says where"
2026-09-28T12:18:27.869726Z SUSPECT tableIsMidDragButNoButtonIsDown size=18 grew=true dragsSinceLastPress=12 note="the release that should have ended this gesture went elsewhere - the RELEASED line above says where"
2026-09-28T12:18:27.869736Z SUSPECT tableIsMidDragButNoButtonIsDown size=19 grew=true dragsSinceLastPress=12 note="the release that should have ended this gesture went elsewhere - the RELEASED line above says where"
2026-09-28T12:18:27.869743Z SUSPECT tableIsMidDragButNoButtonIsDown size=20 grew=true dragsSinceLastPress=12 note="the release that should have ended this gesture went elsewhere - the RELEASED line above says where"
2026-09-28T12:18:27.869750Z SUSPECT tableIsMidDragButNoButtonIsDown size=21 grew=true dragsSinceLastPress=12 note="the release that should have ended this gesture went elsewhere - the RELEASED line above says where"
2026-09-28T12:18:27.869757Z SUSPECT tableIsMidDragButNoButtonIsDown size=22 grew=true dragsSinceLastPress=12 note="the release that should have ended this gesture went elsewhere - the RELEASED line above says where"
2026-09-28T12:18:27.869771Z SUSPECT tableIsMidDragButNoButtonIsDown size=23 grew=true dragsSinceLastPress=12 note="the release that should have ended this gesture went elsewhere - the RELEASED line above says where"
2026-09-28T12:18:27.869778Z SUSPECT tableIsMidDragButNoButtonIsDown size=24 grew=true dragsSinceLastPress=12 note="the release that should have ended this gesture went elsewhere - the RELEASED line above says where"
2026-09-28T12:18:27.869786Z SUSPECT tableIsMidDragButNoButtonIsDown size=25 grew=true dragsSinceLastPress=12 note="the release that should have ended this gesture went elsewhere - the RELEASED line above says where"
2026-09-28T12:18:27.869793Z SUSPECT tableIsMidDragButNoButtonIsDown size=26 grew=true dragsSinceLastPress=12 note="the release that should have ended this gesture went elsewhere - the RELEASED line above says where"
2026-09-28T12:18:27.869800Z SUSPECT tableIsMidDragButNoButtonIsDown size=27 grew=true dragsSinceLastPress=12 note="the release that should have ended this gesture went elsewhere - the RELEASED line above says where"
2026-09-28T12:18:27.869810Z SUSPECT tableIsMidDragButNoButtonIsDown size=28 grew=true dragsSinceLastPress=12 note="the release that should have ended this gesture went elsewhere - the RELEASED line above says where"
2026-09-28T12:18:27.869828Z SUSPECT tableIsMidDragButNoButtonIsDown size=29 grew=true dragsSinceLastPress=12 note="the release that should have ended this gesture went elsewhere - the RELEASED line above says where"
2026-09-28T12:18:27.869836Z SUSPECT tableIsMidDragButNoButtonIsDown size=30 grew=true dragsSinceLastPress=12 note="the release that should have ended this gesture went elsewhere - the RELEASED line above says where"
2026-09-28T12:18:27.869843Z SUSPECT tableIsMidDragButNoButtonIsDown size=31 grew=true dragsSinceLastPress=12 note="the release that should have ended this gesture went elsewhere - the RELEASED line above says where"
2026-09-28T12:18:27.869853Z SUSPECT tableIsMidDragButNoButtonIsDown size=32 grew=true dragsSinceLastPress=12 note="the release that should have ended this gesture went elsewhere - the RELEASED line above says where"
2026-09-28T12:18:27.869861Z SUSPECT tableIsMidDragButNoButtonIsDown size=33 grew=true dragsSinceLastPress=12 note="the release that should have ended this gesture went elsewhere - the RELEASED line above says where"
2026-09-28T12:18:27.869868Z SUSPECT tableIsMidDragButNoButtonIsDown size=34 grew=true dragsSinceLastPress=12 note="the release that should have ended this gesture went elsewhere - the RELEASED line above says where"
2026-09-28T12:18:27.869876Z SUSPECT tableIsMidDragButNoButtonIsDown size=35 grew=true dragsSinceLastPress=12 note="the release that should have ended this gesture went elsewhere - the RELEASED line above says where"
2026-09-28T12:18:27.869883Z SUSPECT tableIsMidDragButNoButtonIsDown size=36 grew=true dragsSinceLastPress=12 note="the release that should have ended this gesture went elsewhere - the RELEASED line above says where"
2026-09-28T12:18:27.972426Z PRESSED btn=1 down=[1] src= srcWindow=MainFrame(Fluxtion Audit Log Analyser) under= onTable=true sel=1 adjusting=false popupShowing=none
2026-09-28T12:18:28.605420Z RELEASED btn=1 down=[] src= srcWindow=MainFrame(Fluxtion Audit Log Analyser) under= onTable=true sel=35 adjusting=true popupShowing=none hadPress=true drags=12
2026-09-28T12:18:29.677008Z SUSPECT tableIsMidDragButNoButtonIsDown size=0 grew=false dragsSinceLastPress=12 note="the release that should have ended this gesture went elsewhere - the RELEASED line above says where"
2026-09-28T12:18:29.677107Z SUSPECT tableIsMidDragButNoButtonIsDown size=1 grew=true dragsSinceLastPress=12 note="the release that should have ended this gesture went elsewhere - the RELEASED line above says where"
2026-09-28T12:18:29.677134Z SUSPECT tableIsMidDragButNoButtonIsDown size=2 grew=true dragsSinceLastPress=12 note="the release that should have ended this gesture went elsewhere - the RELEASED line above says where"
2026-09-28T12:18:29.677146Z SUSPECT tableIsMidDragButNoButtonIsDown size=3 grew=true dragsSinceLastPress=12 note="the release that should have ended this gesture went elsewhere - the RELEASED line above says where"
2026-09-28T12:18:29.677164Z SUSPECT tableIsMidDragButNoButtonIsDown size=4 grew=true dragsSinceLastPress=12 note="the release that should have ended this gesture went elsewhere - the RELEASED line above says where"
2026-09-28T12:18:29.677172Z SUSPECT tableIsMidDragButNoButtonIsDown size=5 grew=true dragsSinceLastPress=12 note="the release that should have ended this gesture went elsewhere - the RELEASED line above says where"
2026-09-28T12:18:29.677183Z SUSPECT tableIsMidDragButNoButtonIsDown size=6 grew=true dragsSinceLastPress=12 note="the release that should have ended this gesture went elsewhere - the RELEASED line above says where"
2026-09-28T12:18:29.677190Z SUSPECT tableIsMidDragButNoButtonIsDown size=7 grew=true dragsSinceLastPress=12 note="the release that should have ended this gesture went elsewhere - the RELEASED line above says where"
2026-09-28T12:18:29.677198Z SUSPECT tableIsMidDragButNoButtonIsDown size=8 grew=true dragsSinceLastPress=12 note="the release that should have ended this gesture went elsewhere - the RELEASED line above says where"
2026-09-28T12:18:29.677205Z SUSPECT tableIsMidDragButNoButtonIsDown size=9 grew=true dragsSinceLastPress=12 note="the release that should have ended this gesture went elsewhere - the RELEASED line above says where"
2026-09-28T12:18:29.677213Z SUSPECT tableIsMidDragButNoButtonIsDown size=10 grew=true dragsSinceLastPress=12 note="the release that should have ended this gesture went elsewhere - the RELEASED line above says where"
2026-09-28T12:18:29.677221Z SUSPECT tableIsMidDragButNoButtonIsDown size=11 grew=true dragsSinceLastPress=12 note="the release that should have ended this gesture went elsewhere - the RELEASED line above says where"
2026-09-28T12:18:29.677231Z SUSPECT tableIsMidDragButNoButtonIsDown size=12 grew=true dragsSinceLastPress=12 note="the release that should have ended this gesture went elsewhere - the RELEASED line above says where"
2026-09-28T12:18:29.677240Z SUSPECT tableIsMidDragButNoButtonIsDown size=13 grew=true dragsSinceLastPress=12 note="the release that should have ended this gesture went elsewhere - the RELEASED line above says where"
2026-09-28T12:18:29.677251Z SUSPECT tableIsMidDragButNoButtonIsDown size=14 grew=true dragsSinceLastPress=12 note="the release that should have ended this gesture went elsewhere - the RELEASED line above says where"
2026-09-28T12:18:29.677258Z SUSPECT tableIsMidDragButNoButtonIsDown size=15 grew=true dragsSinceLastPress=12 note="the release that should have ended this gesture went elsewhere - the RELEASED line above says where"
2026-09-28T12:18:29.677265Z SUSPECT tableIsMidDragButNoButtonIsDown size=16 grew=true dragsSinceLastPress=12 note="the release that should have ended this gesture went elsewhere - the RELEASED line above says where"
2026-09-28T12:18:29.677272Z SUSPECT tableIsMidDragButNoButtonIsDown size=17 grew=true dragsSinceLastPress=12 note="the release that should have ended this gesture went elsewhere - the RELEASED line above says where"
2026-09-28T12:18:29.677279Z SUSPECT tableIsMidDragButNoButtonIsDown size=18 grew=true dragsSinceLastPress=12 note="the release that should have ended this gesture went elsewhere - the RELEASED line above says where"
2026-09-28T12:18:29.677286Z SUSPECT tableIsMidDragButNoButtonIsDown size=19 grew=true dragsSinceLastPress=12 note="the release that should have ended this gesture went elsewhere - the RELEASED line above says where"
2026-09-28T12:18:29.677293Z SUSPECT tableIsMidDragButNoButtonIsDown size=20 grew=true dragsSinceLastPress=12 note="the release that should have ended this gesture went elsewhere - the RELEASED line above says where"
2026-09-28T12:18:29.677300Z SUSPECT tableIsMidDragButNoButtonIsDown size=21 grew=true dragsSinceLastPress=12 note="the release that should have ended this gesture went elsewhere - the RELEASED line above says where"
2026-09-28T12:18:29.677307Z SUSPECT tableIsMidDragButNoButtonIsDown size=22 grew=true dragsSinceLastPress=12 note="the release that should have ended this gesture went elsewhere - the RELEASED line above says where"
2026-09-28T12:18:29.677314Z SUSPECT tableIsMidDragButNoButtonIsDown size=23 grew=true dragsSinceLastPress=12 note="the release that should have ended this gesture went elsewhere - the RELEASED line above says where"
2026-09-28T12:18:29.677325Z SUSPECT tableIsMidDragButNoButtonIsDown size=24 grew=true dragsSinceLastPress=12 note="the release that should have ended this gesture went elsewhere - the RELEASED line above says where"
2026-09-28T12:18:29.677336Z SUSPECT tableIsMidDragButNoButtonIsDown size=25 grew=true dragsSinceLastPress=12 note="the release that should have ended this gesture went elsewhere - the RELEASED line above says where"
2026-09-28T12:18:29.677343Z SUSPECT tableIsMidDragButNoButtonIsDown size=26 grew=true dragsSinceLastPress=12 note="the release that should have ended this gesture went elsewhere - the RELEASED line above says where"
2026-09-28T12:18:29.677350Z SUSPECT tableIsMidDragButNoButtonIsDown size=27 grew=true dragsSinceLastPress=12 note="the release that should have ended this gesture went elsewhere - the RELEASED line above says where"
2026-09-28T12:18:29.677357Z SUSPECT tableIsMidDragButNoButtonIsDown size=28 grew=true dragsSinceLastPress=12 note="the release that should have ended this gesture went elsewhere - the RELEASED line above says where"
2026-09-28T12:18:29.677365Z SUSPECT tableIsMidDragButNoButtonIsDown size=29 grew=true dragsSinceLastPress=12 note="the release that should have ended this gesture went elsewhere - the RELEASED line above says where"
2026-09-28T12:18:29.677373Z SUSPECT tableIsMidDragButNoButtonIsDown size=30 grew=true dragsSinceLastPress=12 note="the release that should have ended this gesture went elsewhere - the RELEASED line above says where"
2026-09-28T12:18:29.677380Z SUSPECT tableIsMidDragButNoButtonIsDown size=31 grew=true dragsSinceLastPress=12 note="the release that should have ended this gesture went elsewhere - the RELEASED line above says where"
2026-09-28T12:18:29.677386Z SUSPECT tableIsMidDragButNoButtonIsDown size=32 grew=true dragsSinceLastPress=12 note="the release that should have ended this gesture went elsewhere - the RELEASED line above says where"
2026-09-28T12:18:29.677393Z SUSPECT tableIsMidDragButNoButtonIsDown size=33 grew=true dragsSinceLastPress=12 note="the release that should have ended this gesture went elsewhere - the RELEASED line above says where"
2026-09-28T12:18:29.677400Z SUSPECT tableIsMidDragButNoButtonIsDown size=34 grew=true dragsSinceLastPress=12 note="the release that should have ended this gesture went elsewhere - the RELEASED line above says where"
2026-09-28T12:18:29.677407Z SUSPECT tableIsMidDragButNoButtonIsDown size=35 grew=true dragsSinceLastPress=12 note="the release that should have ended this gesture went elsewhere - the RELEASED line above says where"
2026-09-28T12:18:29.685980Z SUSPECT tableIsMidDragButNoButtonIsDown size=0 grew=false dragsSinceLastPress=12 note="the release that should have ended this gesture went elsewhere - the RELEASED line above says where"
2026-09-28T12:18:29.686081Z SUSPECT tableIsMidDragButNoButtonIsDown size=1 grew=true dragsSinceLastPress=12 note="the release that should have ended this gesture went elsewhere - the RELEASED line above says where"
2026-09-28T12:18:29.686119Z SUSPECT tableIsMidDragButNoButtonIsDown size=2 grew=true dragsSinceLastPress=12 note="the release that should have ended this gesture went elsewhere - the RELEASED line above says where"
2026-09-28T12:18:29.686135Z SUSPECT tableIsMidDragButNoButtonIsDown size=3 grew=true dragsSinceLastPress=12 note="the release that should have ended this gesture went elsewhere - the RELEASED line above says where"
2026-09-28T12:18:29.686143Z SUSPECT tableIsMidDragButNoButtonIsDown size=4 grew=true dragsSinceLastPress=12 note="the release that should have ended this gesture went elsewhere - the RELEASED line above says where"
2026-09-28T12:18:29.686151Z SUSPECT tableIsMidDragButNoButtonIsDown size=5 grew=true dragsSinceLastPress=12 note="the release that should have ended this gesture went elsewhere - the RELEASED line above says where"
2026-09-28T12:18:29.686158Z SUSPECT tableIsMidDragButNoButtonIsDown size=6 grew=true dragsSinceLastPress=12 note="the release that should have ended this gesture went elsewhere - the RELEASED line above says where"
2026-09-28T12:18:29.686165Z SUSPECT tableIsMidDragButNoButtonIsDown size=7 grew=true dragsSinceLastPress=12 note="the release that should have ended this gesture went elsewhere - the RELEASED line above says where"
2026-09-28T12:18:29.686172Z SUSPECT tableIsMidDragButNoButtonIsDown size=8 grew=true dragsSinceLastPress=12 note="the release that should have ended this gesture went elsewhere - the RELEASED line above says where"
2026-09-28T12:18:29.686178Z SUSPECT tableIsMidDragButNoButtonIsDown size=9 grew=true dragsSinceLastPress=12 note="the release that should have ended this gesture went elsewhere - the RELEASED line above says where"
2026-09-28T12:18:29.686185Z SUSPECT tableIsMidDragButNoButtonIsDown size=10 grew=true dragsSinceLastPress=12 note="the release that should have ended this gesture went elsewhere - the RELEASED line above says where"
2026-09-28T12:18:29.686191Z SUSPECT tableIsMidDragButNoButtonIsDown size=11 grew=true dragsSinceLastPress=12 note="the release that should have ended this gesture went elsewhere - the RELEASED line above says where"
2026-09-28T12:18:29.686197Z SUSPECT tableIsMidDragButNoButtonIsDown size=12 grew=true dragsSinceLastPress=12 note="the release that should have ended this gesture went elsewhere - the RELEASED line above says where"
2026-09-28T12:18:29.686209Z SUSPECT tableIsMidDragButNoButtonIsDown size=13 grew=true dragsSinceLastPress=12 note="the release that should have ended this gesture went elsewhere - the RELEASED line above says where"
2026-09-28T12:18:29.686215Z SUSPECT tableIsMidDragButNoButtonIsDown size=14 grew=true dragsSinceLastPress=12 note="the release that should have ended this gesture went elsewhere - the RELEASED line above says where"
2026-09-28T12:18:29.686222Z SUSPECT tableIsMidDragButNoButtonIsDown size=15 grew=true dragsSinceLastPress=12 note="the release that should have ended this gesture went elsewhere - the RELEASED line above says where"
2026-09-28T12:18:29.686229Z SUSPECT tableIsMidDragButNoButtonIsDown size=16 grew=true dragsSinceLastPress=12 note="the release that should have ended this gesture went elsewhere - the RELEASED line above says where"
2026-09-28T12:18:29.686235Z SUSPECT tableIsMidDragButNoButtonIsDown size=17 grew=true dragsSinceLastPress=12 note="the release that should have ended this gesture went elsewhere - the RELEASED line above says where"
2026-09-28T12:18:29.686241Z SUSPECT tableIsMidDragButNoButtonIsDown size=18 grew=true dragsSinceLastPress=12 note="the release that should have ended this gesture went elsewhere - the RELEASED line above says where"
2026-09-28T12:18:29.686248Z SUSPECT tableIsMidDragButNoButtonIsDown size=19 grew=true dragsSinceLastPress=12 note="the release that should have ended this gesture went elsewhere - the RELEASED line above says where"
2026-09-28T12:18:29.686255Z SUSPECT tableIsMidDragButNoButtonIsDown size=20 grew=true dragsSinceLastPress=12 note="the release that should have ended this gesture went elsewhere - the RELEASED line above says where"
2026-09-28T12:18:29.686262Z SUSPECT tableIsMidDragButNoButtonIsDown size=21 grew=true dragsSinceLastPress=12 note="the release that should have ended this gesture went elsewhere - the RELEASED line above says where"
2026-09-28T12:18:29.686268Z SUSPECT tableIsMidDragButNoButtonIsDown size=22 grew=true dragsSinceLastPress=12 note="the release that should have ended this gesture went elsewhere - the RELEASED line above says where"
2026-09-28T12:18:29.686274Z SUSPECT tableIsMidDragButNoButtonIsDown size=23 grew=true dragsSinceLastPress=12 note="the release that should have ended this gesture went elsewhere - the RELEASED line above says where"
2026-09-28T12:18:29.686280Z SUSPECT tableIsMidDragButNoButtonIsDown size=24 grew=true dragsSinceLastPress=12 note="the release that should have ended this gesture went elsewhere - the RELEASED line above says where"
2026-09-28T12:18:29.686288Z SUSPECT tableIsMidDragButNoButtonIsDown size=25 grew=true dragsSinceLastPress=12 note="the release that should have ended this gesture went elsewhere - the RELEASED line above says where"
2026-09-28T12:18:29.686298Z SUSPECT tableIsMidDragButNoButtonIsDown size=26 grew=true dragsSinceLastPress=12 note="the release that should have ended this gesture went elsewhere - the RELEASED line above says where"
2026-09-28T12:18:29.686308Z SUSPECT tableIsMidDragButNoButtonIsDown size=27 grew=true dragsSinceLastPress=12 note="the release that should have ended this gesture went elsewhere - the RELEASED line above says where"
2026-09-28T12:18:29.686314Z SUSPECT tableIsMidDragButNoButtonIsDown size=28 grew=true dragsSinceLastPress=12 note="the release that should have ended this gesture went elsewhere - the RELEASED line above says where"
2026-09-28T12:18:29.686320Z SUSPECT tableIsMidDragButNoButtonIsDown size=29 grew=true dragsSinceLastPress=12 note="the release that should have ended this gesture went elsewhere - the RELEASED line above says where"
2026-09-28T12:18:29.686328Z SUSPECT tableIsMidDragButNoButtonIsDown size=30 grew=true dragsSinceLastPress=12 note="the release that should have ended this gesture went elsewhere - the RELEASED line above says where"
2026-09-28T12:18:29.686334Z SUSPECT tableIsMidDragButNoButtonIsDown size=31 grew=true dragsSinceLastPress=12 note="the release that should have ended this gesture went elsewhere - the RELEASED line above says where"
2026-09-28T12:18:29.686340Z SUSPECT tableIsMidDragButNoButtonIsDown size=32 grew=true dragsSinceLastPress=12 note="the release that should have ended this gesture went elsewhere - the RELEASED line above says where"
2026-09-28T12:18:29.686346Z SUSPECT tableIsMidDragButNoButtonIsDown size=33 grew=true dragsSinceLastPress=12 note="the release that should have ended this gesture went elsewhere - the RELEASED line above says where"
2026-09-28T12:18:29.686352Z SUSPECT tableIsMidDragButNoButtonIsDown size=34 grew=true dragsSinceLastPress=12 note="the release that should have ended this gesture went elsewhere - the RELEASED line above says where"
2026-09-28T12:18:29.686359Z SUSPECT tableIsMidDragButNoButtonIsDown size=35 grew=true dragsSinceLastPress=12 note="the release that should have ended this gesture went elsewhere - the RELEASED line above says where"
2026-09-28T12:18:29.822809Z PRESSED btn=1 down=[1] src= srcWindow=MainFrame(Fluxtion Audit Log Analyser) under= onTable=true sel=1 adjusting=false popupShowing=none
2026-09-28T12:18:30.455770Z RELEASED btn=1 down=[] src= srcWindow=MainFrame(Fluxtion Audit Log Analyser) under= onTable=true sel=5 adjusting=false popupShowing=none hadPress=true drags=12
2026-09-28T12:18:31.475552Z SUSPECT tableIsMidDragButNoButtonIsDown size=0 grew=false dragsSinceLastPress=12 note="the release that should have ended this gesture went elsewhere - the RELEASED line above says where"
2026-09-28T12:18:31.475670Z SUSPECT tableIsMidDragButNoButtonIsDown size=1 grew=true dragsSinceLastPress=12 note="the release that should have ended this gesture went elsewhere - the RELEASED line above says where"
2026-09-28T12:18:31.475693Z SUSPECT tableIsMidDragButNoButtonIsDown size=2 grew=true dragsSinceLastPress=12 note="the release that should have ended this gesture went elsewhere - the RELEASED line above says where"
2026-09-28T12:18:31.475705Z SUSPECT tableIsMidDragButNoButtonIsDown size=3 grew=true dragsSinceLastPress=12 note="the release that should have ended this gesture went elsewhere - the RELEASED line above says where"
2026-09-28T12:18:31.475713Z SUSPECT tableIsMidDragButNoButtonIsDown size=4 grew=true dragsSinceLastPress=12 note="the release that should have ended this gesture went elsewhere - the RELEASED line above says where"
2026-09-28T12:18:31.475721Z SUSPECT tableIsMidDragButNoButtonIsDown size=5 grew=true dragsSinceLastPress=12 note="the release that should have ended this gesture went elsewhere - the RELEASED line above says where"
2026-09-28T12:18:31.475730Z SUSPECT tableIsMidDragButNoButtonIsDown size=5 grew=false dragsSinceLastPress=12 note="the release that should have ended this gesture went elsewhere - the RELEASED line above says where"
2026-09-28T12:18:31.485710Z SUSPECT tableIsMidDragButNoButtonIsDown size=0 grew=false dragsSinceLastPress=12 note="the release that should have ended this gesture went elsewhere - the RELEASED line above says where"
2026-09-28T12:18:31.485795Z SUSPECT tableIsMidDragButNoButtonIsDown size=1 grew=true dragsSinceLastPress=12 note="the release that should have ended this gesture went elsewhere - the RELEASED line above says where"
2026-09-28T12:18:31.485828Z SUSPECT tableIsMidDragButNoButtonIsDown size=2 grew=true dragsSinceLastPress=12 note="the release that should have ended this gesture went elsewhere - the RELEASED line above says where"
2026-09-28T12:18:31.485837Z SUSPECT tableIsMidDragButNoButtonIsDown size=3 grew=true dragsSinceLastPress=12 note="the release that should have ended this gesture went elsewhere - the RELEASED line above says where"
2026-09-28T12:18:31.485845Z SUSPECT tableIsMidDragButNoButtonIsDown size=4 grew=true dragsSinceLastPress=12 note="the release that should have ended this gesture went elsewhere - the RELEASED line above says where"
2026-09-28T12:18:31.485852Z SUSPECT tableIsMidDragButNoButtonIsDown size=5 grew=true dragsSinceLastPress=12 note="the release that should have ended this gesture went elsewhere - the RELEASED line above says where"
2026-09-28T12:18:31.485859Z SUSPECT tableIsMidDragButNoButtonIsDown size=5 grew=false dragsSinceLastPress=12 note="the release that should have ended this gesture went elsewhere - the RELEASED line above says where"
2026-09-28T12:18:31.706079Z PRESSED btn=1 down=[1] src= srcWindow=MainFrame(Fluxtion Audit Log Analyser) under= onTable=true sel=1 adjusting=false popupShowing=none
2026-09-28T12:18:32.339133Z RELEASED btn=1 down=[] src= srcWindow=MainFrame(Fluxtion Audit Log Analyser) under=null onTable=true sel=9 adjusting=false popupShowing=none hadPress=true drags=12
2026-09-28T12:18:33.396311Z SUSPECT tableIsMidDragButNoButtonIsDown size=0 grew=false dragsSinceLastPress=12 note="the release that should have ended this gesture went elsewhere - the RELEASED line above says where"
2026-09-28T12:18:33.396534Z SUSPECT tableIsMidDragButNoButtonIsDown size=1 grew=true dragsSinceLastPress=12 note="the release that should have ended this gesture went elsewhere - the RELEASED line above says where"
2026-09-28T12:18:33.396562Z SUSPECT tableIsMidDragButNoButtonIsDown size=2 grew=true dragsSinceLastPress=12 note="the release that should have ended this gesture went elsewhere - the RELEASED line above says where"
2026-09-28T12:18:33.396581Z SUSPECT tableIsMidDragButNoButtonIsDown size=3 grew=true dragsSinceLastPress=12 note="the release that should have ended this gesture went elsewhere - the RELEASED line above says where"
2026-09-28T12:18:33.396606Z SUSPECT tableIsMidDragButNoButtonIsDown size=4 grew=true dragsSinceLastPress=12 note="the release that should have ended this gesture went elsewhere - the RELEASED line above says where"
2026-09-28T12:18:33.396620Z SUSPECT tableIsMidDragButNoButtonIsDown size=5 grew=true dragsSinceLastPress=12 note="the release that should have ended this gesture went elsewhere - the RELEASED line above says where"
2026-09-28T12:18:33.396633Z SUSPECT tableIsMidDragButNoButtonIsDown size=6 grew=true dragsSinceLastPress=12 note="the release that should have ended this gesture went elsewhere - the RELEASED line above says where"
2026-09-28T12:18:33.396646Z SUSPECT tableIsMidDragButNoButtonIsDown size=7 grew=true dragsSinceLastPress=12 note="the release that should have ended this gesture went elsewhere - the RELEASED line above says where"
2026-09-28T12:18:33.396659Z SUSPECT tableIsMidDragButNoButtonIsDown size=8 grew=true dragsSinceLastPress=12 note="the release that should have ended this gesture went elsewhere - the RELEASED line above says where"
2026-09-28T12:18:33.396680Z SUSPECT tableIsMidDragButNoButtonIsDown size=9 grew=true dragsSinceLastPress=12 note="the release that should have ended this gesture went elsewhere - the RELEASED line above says where"
2026-09-28T12:18:33.396695Z SUSPECT tableIsMidDragButNoButtonIsDown size=9 grew=false dragsSinceLastPress=12 note="the release that should have ended this gesture went elsewhere - the RELEASED line above says where"
2026-09-28T12:18:33.404818Z SUSPECT tableIsMidDragButNoButtonIsDown size=0 grew=false dragsSinceLastPress=12 note="the release that should have ended this gesture went elsewhere - the RELEASED line above says where"
2026-09-28T12:18:33.404878Z SUSPECT tableIsMidDragButNoButtonIsDown size=1 grew=true dragsSinceLastPress=12 note="the release that should have ended this gesture went elsewhere - the RELEASED line above says where"
2026-09-28T12:18:33.404900Z SUSPECT tableIsMidDragButNoButtonIsDown size=2 grew=true dragsSinceLastPress=12 note="the release that should have ended this gesture went elsewhere - the RELEASED line above says where"
2026-09-28T12:18:33.404923Z SUSPECT tableIsMidDragButNoButtonIsDown size=3 grew=true dragsSinceLastPress=12 note="the release that should have ended this gesture went elsewhere - the RELEASED line above says where"
2026-09-28T12:18:33.404938Z SUSPECT tableIsMidDragButNoButtonIsDown size=4 grew=true dragsSinceLastPress=12 note="the release that should have ended this gesture went elsewhere - the RELEASED line above says where"
2026-09-28T12:18:33.408212Z SUSPECT tableIsMidDragButNoButtonIsDown size=5 grew=true dragsSinceLastPress=12 note="the release that should have ended this gesture went elsewhere - the RELEASED line above says where"
2026-09-28T12:18:33.408230Z SUSPECT tableIsMidDragButNoButtonIsDown size=6 grew=true dragsSinceLastPress=12 note="the release that should have ended this gesture went elsewhere - the RELEASED line above says where"
2026-09-28T12:18:33.408244Z SUSPECT tableIsMidDragButNoButtonIsDown size=7 grew=true dragsSinceLastPress=12 note="the release that should have ended this gesture went elsewhere - the RELEASED line above says where"
2026-09-28T12:18:33.408280Z SUSPECT tableIsMidDragButNoButtonIsDown size=8 grew=true dragsSinceLastPress=12 note="the release that should have ended this gesture went elsewhere - the RELEASED line above says where"
2026-09-28T12:18:33.408294Z SUSPECT tableIsMidDragButNoButtonIsDown size=9 grew=true dragsSinceLastPress=12 note="the release that should have ended this gesture went elsewhere - the RELEASED line above says where"
2026-09-28T12:18:33.408308Z SUSPECT tableIsMidDragButNoButtonIsDown size=9 grew=false dragsSinceLastPress=12 note="the release that should have ended this gesture went elsewhere - the RELEASED line above says where"
2026-09-28T12:18:33.523386Z PRESSED btn=1 down=[1] src= srcWindow=MainFrame(Fluxtion Audit Log Analyser) under= onTable=true sel=1 adjusting=false popupShowing=none
2026-09-28T12:18:34.191491Z RELEASED btn=1 down=[] src= srcWindow=MainFrame(Fluxtion Audit Log Analyser) under=null onTable=true sel=8 adjusting=false popupShowing=none hadPress=true drags=12
2026-09-28T12:18:35.246728Z SUSPECT tableIsMidDragButNoButtonIsDown size=0 grew=false dragsSinceLastPress=12 note="the release that should have ended this gesture went elsewhere - the RELEASED line above says where"
2026-09-28T12:18:35.246940Z SUSPECT tableIsMidDragButNoButtonIsDown size=1 grew=true dragsSinceLastPress=12 note="the release that should have ended this gesture went elsewhere - the RELEASED line above says where"
2026-09-28T12:18:35.246971Z SUSPECT tableIsMidDragButNoButtonIsDown size=2 grew=true dragsSinceLastPress=12 note="the release that should have ended this gesture went elsewhere - the RELEASED line above says where"
2026-09-28T12:18:35.246991Z SUSPECT tableIsMidDragButNoButtonIsDown size=3 grew=true dragsSinceLastPress=12 note="the release that should have ended this gesture went elsewhere - the RELEASED line above says where"
2026-09-28T12:18:35.247009Z SUSPECT tableIsMidDragButNoButtonIsDown size=4 grew=true dragsSinceLastPress=12 note="the release that should have ended this gesture went elsewhere - the RELEASED line above says where"
2026-09-28T12:18:35.247025Z SUSPECT tableIsMidDragButNoButtonIsDown size=5 grew=true dragsSinceLastPress=12 note="the release that should have ended this gesture went elsewhere - the RELEASED line above says where"
2026-09-28T12:18:35.247089Z SUSPECT tableIsMidDragButNoButtonIsDown size=6 grew=true dragsSinceLastPress=12 note="the release that should have ended this gesture went elsewhere - the RELEASED line above says where"
2026-09-28T12:18:35.247107Z SUSPECT tableIsMidDragButNoButtonIsDown size=7 grew=true dragsSinceLastPress=12 note="the release that should have ended this gesture went elsewhere - the RELEASED line above says where"
2026-09-28T12:18:35.247122Z SUSPECT tableIsMidDragButNoButtonIsDown size=8 grew=true dragsSinceLastPress=12 note="the release that should have ended this gesture went elsewhere - the RELEASED line above says where"
2026-09-28T12:18:35.247139Z SUSPECT tableIsMidDragButNoButtonIsDown size=8 grew=false dragsSinceLastPress=12 note="the release that should have ended this gesture went elsewhere - the RELEASED line above says where"
2026-09-28T12:18:35.254329Z SUSPECT tableIsMidDragButNoButtonIsDown size=0 grew=false dragsSinceLastPress=12 note="the release that should have ended this gesture went elsewhere - the RELEASED line above says where"
2026-09-28T12:18:35.254414Z SUSPECT tableIsMidDragButNoButtonIsDown size=1 grew=true dragsSinceLastPress=12 note="the release that should have ended this gesture went elsewhere - the RELEASED line above says where"
2026-09-28T12:18:35.254434Z SUSPECT tableIsMidDragButNoButtonIsDown size=2 grew=true dragsSinceLastPress=12 note="the release that should have ended this gesture went elsewhere - the RELEASED line above says where"
2026-09-28T12:18:35.254445Z SUSPECT tableIsMidDragButNoButtonIsDown size=3 grew=true dragsSinceLastPress=12 note="the release that should have ended this gesture went elsewhere - the RELEASED line above says where"
2026-09-28T12:18:35.254456Z SUSPECT tableIsMidDragButNoButtonIsDown size=4 grew=true dragsSinceLastPress=12 note="the release that should have ended this gesture went elsewhere - the RELEASED line above says where"
2026-09-28T12:18:35.254470Z SUSPECT tableIsMidDragButNoButtonIsDown size=5 grew=true dragsSinceLastPress=12 note="the release that should have ended this gesture went elsewhere - the RELEASED line above says where"
2026-09-28T12:18:35.254481Z SUSPECT tableIsMidDragButNoButtonIsDown size=6 grew=true dragsSinceLastPress=12 note="the release that should have ended this gesture went elsewhere - the RELEASED line above says where"
2026-09-28T12:18:35.254491Z SUSPECT tableIsMidDragButNoButtonIsDown size=7 grew=true dragsSinceLastPress=12 note="the release that should have ended this gesture went elsewhere - the RELEASED line above says where"
2026-09-28T12:18:35.254501Z SUSPECT tableIsMidDragButNoButtonIsDown size=8 grew=true dragsSinceLastPress=12 note="the release that should have ended this gesture went elsewhere - the RELEASED line above says where"
2026-09-28T12:18:35.254511Z SUSPECT tableIsMidDragButNoButtonIsDown size=8 grew=false dragsSinceLastPress=12 note="the release that should have ended this gesture went elsewhere - the RELEASED line above says where"
2026-09-28T12:18:35.332514Z SUSPECT tableIsMidDragButNoButtonIsDown size=0 grew=false dragsSinceLastPress=12 note="the release that should have ended this gesture went elsewhere - the RELEASED line above says where"
2026-09-28T12:18:35.332610Z SUSPECT tableIsMidDragButNoButtonIsDown size=0 grew=false dragsSinceLastPress=12 note="the release that should have ended this gesture went elsewhere - the RELEASED line above says where"
2026-09-28T12:18:35.332629Z SUSPECT tableIsMidDragButNoButtonIsDown size=0 grew=false dragsSinceLastPress=12 note="the release that should have ended this gesture went elsewhere - the RELEASED line above says where"
2026-09-28T12:18:35.423080Z PRESSED btn=1 down=[1] src=TimeRangeSlider srcWindow=MainFrame(Fluxtion Audit Log Analyser) under=TimeRangeSlider onTable=false sel=0 adjusting=false popupShowing=none
2026-09-28T12:18:35.872849Z RELEASED btn=1 down=[] src=TimeRangeSlider srcWindow=MainFrame(Fluxtion Audit Log Analyser) under=TimeRangeSlider onTable=false sel=0 adjusting=false popupShowing=none hadPress=true drags=12
2026-09-28T12:18:37.140753Z PRESSED btn=1 down=[1] src=TimeRangeSlider srcWindow=MainFrame(Fluxtion Audit Log Analyser) under=TimeRangeSlider onTable=false sel=0 adjusting=false popupShowing=none
2026-09-28T12:18:37.654208Z RELEASED btn=1 down=[] src=TimeRangeSlider srcWindow=MainFrame(Fluxtion Audit Log Analyser) under=TimeRangeSlider onTable=false sel=0 adjusting=false popupShowing=none hadPress=true drags=12
2026-09-28T12:18:38.873622Z PRESSED btn=1 down=[1] src=TimeRangeSlider srcWindow=MainFrame(Fluxtion Audit Log Analyser) under=TimeRangeSlider onTable=false sel=0 adjusting=false popupShowing=none
2026-09-28T12:18:39.323367Z RELEASED btn=1 down=[] src=TimeRangeSlider srcWindow=MainFrame(Fluxtion Audit Log Analyser) under=TimeRangeSlider onTable=false sel=0 adjusting=false popupShowing=none hadPress=true drags=12
2026-09-28T12:18:40.291156Z RELEASED btn=1 down=[] src=TimeRangeSlider srcWindow=MainFrame(Fluxtion Audit Log Analyser) under=TimeRangeSlider onTable=false sel=0 adjusting=false popupShowing=none hadPress=false drags=12
