[analyser] shutdown step failed, continuing: java.lang.IllegalStateException: boom
[analyser] shutdown step failed, continuing: java.lang.RuntimeException: middle blew up
[analyser] shutdown step failed, continuing: java.lang.NoClassDefFoundError: some/Class
[ERROR] Tests run: 2, Failures: 1, Errors: 0, Skipped: 0, Time elapsed: 0.443 s <<< FAILURE! -- in telamin.fluxtion.audit.analyser.analyser.TrailingWhitespaceTest
[ERROR] telamin.fluxtion.audit.analyser.analyser.TrailingWhitespaceTest.noTrailingWhitespaceOutsideEvidenceFixtures -- Time elapsed: 0.441 s <<< FAILURE!
org.opentest4j.AssertionFailedError: 
trailing whitespace outside evidence fixtures:
  docs/handoff/evidence/m68-1-rereview-2026-09-24/set4-p19-p20-e2e-before.txt:66 ==> expected: <true> but was: <false>
	at org.junit.jupiter.api.AssertionFailureBuilder.build(AssertionFailureBuilder.java:151)
	at org.junit.jupiter.api.AssertionFailureBuilder.buildAndThrow(AssertionFailureBuilder.java:132)
	at org.junit.jupiter.api.AssertTrue.failNotTrue(AssertTrue.java:63)
	at org.junit.jupiter.api.AssertTrue.assertTrue(AssertTrue.java:36)
	at org.junit.jupiter.api.Assertions.assertTrue(Assertions.java:214)
	at telamin.fluxtion.audit.analyser.analyser.TrailingWhitespaceTest.noTrailingWhitespaceOutsideEvidenceFixtures(TrailingWhitespaceTest.java:90)
	at java.base/java.lang.reflect.Method.invoke(Method.java:580)
	at java.base/java.util.ArrayList.forEach(ArrayList.java:1596)
	at java.base/java.util.ArrayList.forEach(ArrayList.java:1596)

[ERROR] Failures: 
[ERROR]   TrailingWhitespaceTest.noTrailingWhitespaceOutsideEvidenceFixtures:90 trailing whitespace outside evidence fixtures:
  docs/handoff/evidence/m68-1-rereview-2026-09-24/set4-p19-p20-e2e-before.txt:66 ==> expected: <true> but was: <false>
[ERROR] Tests run: 1933, Failures: 1, Errors: 0, Skipped: 64
[ERROR] Failed to execute goal org.apache.maven.plugins:maven-surefire-plugin:3.2.5:test (default-test) on project fluxtion-auditlog-analyser: There are test failures.
[ERROR] 
[ERROR] Please refer to /Users/greg/IdeaProjects/telamin/fluxtionauditlog-analyser/target/surefire-reports for the individual test results.
[ERROR] Please refer to dump files (if any exist) [date].dump, [date]-jvmRun[N].dump and [date].dumpstream.
[ERROR] -> [Help 1]
[ERROR] 
[ERROR] To see the full stack trace of the errors, re-run Maven with the -e switch.
[ERROR] Re-run Maven using the -X switch to enable full debug logging.
[ERROR] 
[ERROR] For more information about the errors and possible solutions, please read the following articles:
[ERROR] [Help 1] http://cwiki.apache.org/confluence/display/MAVEN/MojoFailureException
