Picked up JAVA_TOOL_OPTIONS: -Duser.home=/Users/greg/IdeaProjects/telamin/fluxtionauditlog-analyser/.local-evidence/coldstart-v2-2026-09-20/battery-readiness/java-home -Djava.io.tmpdir=/Users/greg/IdeaProjects/telamin/fluxtionauditlog-analyser/.local-evidence/coldstart-v2-2026-09-20/battery-readiness/tmp -Dfluxtion.apiKeyFile=[external credential file]
[INFO] Scanning for projects...
[WARNING]
[WARNING] Some problems were encountered while building the effective model for com.acme:preview-smoke:jar:1.0.0-SNAPSHOT
[WARNING] 'build.plugins.plugin.version' for org.apache.maven.plugins:maven-compiler-plugin is missing. @ line 182, column 29
[WARNING]
[WARNING] It is highly recommended to fix these problems because they threaten the stability of your build.
[WARNING]
[WARNING] For this reason, future Maven versions might no longer support building such malformed projects.
[WARNING]
[INFO]
[INFO] -----------------------< com.acme:preview-smoke >-----------------------
[INFO] Building preview-smoke 1.0.0-SNAPSHOT
[INFO]   from pom.xml
[INFO] --------------------------------[ jar ]---------------------------------
[INFO] Downloading from central: https://repo.maven.apache.org/maven2/com/telamin/fluxtion/fluxtion-maven-plugin/1.3.0/fluxtion-maven-plugin-1.3.0.pom
[INFO] Downloaded from central: https://repo.maven.apache.org/maven2/com/telamin/fluxtion/fluxtion-maven-plugin/1.3.0/fluxtion-maven-plugin-1.3.0.pom (14 kB at 28 kB/s)
[INFO] Downloading from central: https://repo.maven.apache.org/maven2/com/telamin/fluxtion/fluxtion-maven-plugin/1.3.0/fluxtion-maven-plugin-1.3.0.jar
[INFO] Downloaded from central: https://repo.maven.apache.org/maven2/com/telamin/fluxtion/fluxtion-maven-plugin/1.3.0/fluxtion-maven-plugin-1.3.0.jar (30 kB at 210 kB/s)
[INFO]
[INFO] --- resources:3.3.1:resources (default-resources) @ preview-smoke ---
[INFO] Copying 1 resource from src/main/fluxtion/designer to target/classes
[INFO] Copying 1 resource from src/main/resources to target/classes
[INFO]
[INFO] --- compiler:3.13.0:compile (default-compile) @ preview-smoke ---
[INFO] Recompiling the module because of changed source code.
[INFO] Compiling 11 source files with javac [debug release 21] to target/classes
[INFO] Annotation processing is enabled because one or more processors were found
  on the class path. A future release of javac may disable annotation processing
  unless at least one processor is specified by name (-processor), or a search
  path is specified (--processor-path, --processor-module-path), or annotation
  processing is enabled explicitly (-proc:only, -proc:full).
  Use -Xlint:-options to suppress this message.
  Use -proc:none to disable annotation processing.
[INFO]
[INFO] --- fluxtion:1.3.0:scan (default) @ preview-smoke ---
1: invoking builder com.acme.preview.builder.SpringAotBuilder
[INFO]
[INFO] --- compiler:3.13.0:compile (compile-generated) @ preview-smoke ---
[INFO] Recompiling the module because of changed source code.
[INFO] Compiling 11 source files with javac [debug release 21] to target/classes
[INFO] Annotation processing is enabled because one or more processors were found
  on the class path. A future release of javac may disable annotation processing
  unless at least one processor is specified by name (-processor), or a search
  path is specified (--processor-path, --processor-module-path), or annotation
  processing is enabled explicitly (-proc:only, -proc:full).
  Use -Xlint:-options to suppress this message.
  Use -proc:none to disable annotation processing.
[INFO]
[INFO] --- resources:3.3.1:testResources (default-testResources) @ preview-smoke ---
[INFO] skip non existing resourceDirectory /Users/greg/IdeaProjects/telamin/fluxtionauditlog-analyser/.local-evidence/coldstart-v2-2026-09-20/battery-readiness/changed-project/src/test/resources
[INFO]
[INFO] --- compiler:3.13.0:testCompile (default-testCompile) @ preview-smoke ---
[INFO] Recompiling the module because of changed dependency.
[INFO] Compiling 1 source file with javac [debug release 21] to target/test-classes
[INFO] Annotation processing is enabled because one or more processors were found
  on the class path. A future release of javac may disable annotation processing
  unless at least one processor is specified by name (-processor), or a search
  path is specified (--processor-path, --processor-module-path), or annotation
  processing is enabled explicitly (-proc:only, -proc:full).
  Use -Xlint:-options to suppress this message.
  Use -proc:none to disable annotation processing.
[INFO]
[INFO] --- surefire:3.2.5:test (default-test) @ preview-smoke ---
[INFO] Using auto detected provider org.apache.maven.surefire.junitplatform.JUnitPlatformProvider
[INFO]
[INFO] -------------------------------------------------------
[INFO]  T E S T S
[INFO] -------------------------------------------------------
Picked up JAVA_TOOL_OPTIONS: -Duser.home=/Users/greg/IdeaProjects/telamin/fluxtionauditlog-analyser/.local-evidence/coldstart-v2-2026-09-20/battery-readiness/java-home -Djava.io.tmpdir=/Users/greg/IdeaProjects/telamin/fluxtionauditlog-analyser/.local-evidence/coldstart-v2-2026-09-20/battery-readiness/tmp -Dfluxtion.apiKeyFile=[external credential file]
[INFO] Running com.acme.preview.MarketProcessorGraphTest
eventLogRecord:
    eventTime: -1
    logTime: 1789937621033
    groupingId: null
    event: EventLogControlEvent
    eventToString: EventLogConfig{level=null, logRecordProcessor=com.acme.preview.builder.MarketProcessorSupplier$$Lambda/0x00000004010d7688@a1cdc6d, sourceId=null, groupId=null}
    thread: main
    nodeLogs:
    endTime: 1789937621033
[INFO] Tests run: 1, Failures: 0, Errors: 0, Skipped: 0, Time elapsed: 0.029 s -- in com.acme.preview.MarketProcessorGraphTest
[INFO]
[INFO] Results:
[INFO]
[INFO] Tests run: 1, Failures: 0, Errors: 0, Skipped: 0
[INFO]
[INFO]
[INFO] --- jar:3.4.1:jar (default-jar) @ preview-smoke ---
[INFO] Building jar: /Users/greg/IdeaProjects/telamin/fluxtionauditlog-analyser/.local-evidence/coldstart-v2-2026-09-20/battery-readiness/changed-project/target/preview-smoke-1.0.0-SNAPSHOT.jar
[INFO]
[INFO] --- shade:3.6.0:shade (default) @ preview-smoke ---
[INFO] Including com.telamin:mongoose:jar:1.0.29 in the shaded jar.
[INFO] Including com.telamin.fluxtion:fluxtion-runtime:jar:1.0.16 in the shaded jar.
[INFO] Including org.agrona:agrona:jar:2.3.0 in the shaded jar.
[INFO] Including org.yaml:snakeyaml:jar:2.5 in the shaded jar.
[INFO] Including org.hdrhistogram:HdrHistogram:jar:2.2.2 in the shaded jar.
[INFO] Including net.openhft:chronicle-queue:jar:5.27ea0 in the shaded jar.
[INFO] Including net.openhft:chronicle-core:jar:2.27ea0 in the shaded jar.
[INFO] Including net.openhft:posix:jar:2.27ea0 in the shaded jar.
[INFO] Including net.java.dev.jna:jna:jar:5.8.0 in the shaded jar.
[INFO] Including net.java.dev.jna:jna-platform:jar:5.8.0 in the shaded jar.
[INFO] Including com.github.jnr:jnr-ffi:jar:2.2.15 in the shaded jar.
[INFO] Including com.github.jnr:jffi:jar:1.3.12 in the shaded jar.
[INFO] Including com.github.jnr:jffi:jar:native:1.3.12 in the shaded jar.
[INFO] Including org.ow2.asm:asm:jar:9.2 in the shaded jar.
[INFO] Including com.github.jnr:jnr-a64asm:jar:1.0.0 in the shaded jar.
[INFO] Including com.github.jnr:jnr-x86asm:jar:1.0.2 in the shaded jar.
[INFO] Including com.github.jnr:jnr-constants:jar:0.10.4 in the shaded jar.
[INFO] Including net.openhft:chronicle-analytics:jar:2.27ea0 in the shaded jar.
[INFO] Including net.openhft:chronicle-bytes:jar:2.27ea0 in the shaded jar.
[INFO] Including net.openhft:chronicle-wire:jar:2.27ea0 in the shaded jar.
[INFO] Including net.openhft:compiler:jar:2.27ea0 in the shaded jar.
[INFO] Including net.openhft:chronicle-threads:jar:2.27ea0 in the shaded jar.
[INFO] Including net.openhft:affinity:jar:3.27ea0 in the shaded jar.
[INFO] Including commons-cli:commons-cli:jar:1.5.0 in the shaded jar.
[INFO] Including com.telamin:svc-admin-web:jar:1.0.43 in the shaded jar.
[INFO] Including io.javalin:javalin:jar:6.3.0 in the shaded jar.
[INFO] Including org.eclipse.jetty:jetty-server:jar:11.0.23 in the shaded jar.
[INFO] Including org.eclipse.jetty:jetty-http:jar:11.0.23 in the shaded jar.
[INFO] Including org.eclipse.jetty:jetty-util:jar:11.0.23 in the shaded jar.
[INFO] Including org.eclipse.jetty:jetty-io:jar:11.0.23 in the shaded jar.
[INFO] Including org.eclipse.jetty.toolchain:jetty-jakarta-servlet-api:jar:5.0.2 in the shaded jar.
[INFO] Including org.eclipse.jetty.websocket:websocket-jetty-server:jar:11.0.23 in the shaded jar.
[INFO] Including org.eclipse.jetty:jetty-servlet:jar:11.0.23 in the shaded jar.
[INFO] Including org.eclipse.jetty:jetty-security:jar:11.0.23 in the shaded jar.
[INFO] Including org.eclipse.jetty:jetty-webapp:jar:11.0.23 in the shaded jar.
[INFO] Including org.eclipse.jetty:jetty-xml:jar:11.0.23 in the shaded jar.
[INFO] Including org.eclipse.jetty.websocket:websocket-jetty-api:jar:11.0.23 in the shaded jar.
[INFO] Including org.eclipse.jetty.websocket:websocket-jetty-common:jar:11.0.23 in the shaded jar.
[INFO] Including org.eclipse.jetty.websocket:websocket-core-common:jar:11.0.23 in the shaded jar.
[INFO] Including org.eclipse.jetty.websocket:websocket-servlet:jar:11.0.23 in the shaded jar.
[INFO] Including org.eclipse.jetty.websocket:websocket-core-server:jar:11.0.23 in the shaded jar.
[INFO] Including org.jetbrains.kotlin:kotlin-stdlib-jdk8:jar:1.9.25 in the shaded jar.
[INFO] Including org.jetbrains.kotlin:kotlin-stdlib:jar:1.9.25 in the shaded jar.
[INFO] Including org.jetbrains:annotations:jar:13.0 in the shaded jar.
[INFO] Including org.jetbrains.kotlin:kotlin-stdlib-jdk7:jar:1.9.25 in the shaded jar.
[INFO] Including com.fasterxml.jackson.core:jackson-databind:jar:2.18.3 in the shaded jar.
[INFO] Including com.fasterxml.jackson.core:jackson-annotations:jar:2.18.3 in the shaded jar.
[INFO] Including com.fasterxml.jackson.core:jackson-core:jar:2.18.3 in the shaded jar.
[INFO] Including org.apache.logging.log4j:log4j-api:jar:2.24.3 in the shaded jar.
[INFO] Including org.apache.logging.log4j:log4j-core:jar:2.24.3 in the shaded jar.
[INFO] Including org.apache.logging.log4j:log4j-jul:jar:2.24.3 in the shaded jar.
[INFO] Including org.slf4j:slf4j-api:jar:2.0.17 in the shaded jar.
[INFO] Including org.slf4j:slf4j-simple:jar:2.0.16 in the shaded jar.
[WARNING] Discovered module-info.class. Shading will break its strong encapsulation.
[WARNING] Discovered module-info.class. Shading will break its strong encapsulation.
[WARNING] Discovered module-info.class. Shading will break its strong encapsulation.
[WARNING] Discovered module-info.class. Shading will break its strong encapsulation.
[WARNING] Discovered module-info.class. Shading will break its strong encapsulation.
[WARNING] Discovered module-info.class. Shading will break its strong encapsulation.
[WARNING] Discovered module-info.class. Shading will break its strong encapsulation.
[WARNING] Discovered module-info.class. Shading will break its strong encapsulation.
[WARNING] Discovered module-info.class. Shading will break its strong encapsulation.
[WARNING] Discovered module-info.class. Shading will break its strong encapsulation.
[WARNING] Discovered module-info.class. Shading will break its strong encapsulation.
[WARNING] Discovered module-info.class. Shading will break its strong encapsulation.
[WARNING] Discovered module-info.class. Shading will break its strong encapsulation.
[WARNING] Discovered module-info.class. Shading will break its strong encapsulation.
[WARNING] Discovered module-info.class. Shading will break its strong encapsulation.
[WARNING] Discovered module-info.class. Shading will break its strong encapsulation.
[WARNING] Discovered module-info.class. Shading will break its strong encapsulation.
[WARNING] Discovered module-info.class. Shading will break its strong encapsulation.
[WARNING] Discovered module-info.class. Shading will break its strong encapsulation.
[WARNING] Discovered module-info.class. Shading will break its strong encapsulation.
[WARNING] Discovered module-info.class. Shading will break its strong encapsulation.
[WARNING] jackson-annotations-2.18.3.jar, jackson-core-2.18.3.jar, jackson-databind-2.18.3.jar, javalin-6.3.0.jar, jetty-http-11.0.23.jar, jetty-io-11.0.23.jar, jetty-security-11.0.23.jar, jetty-server-11.0.23.jar, jetty-servlet-11.0.23.jar, jetty-util-11.0.23.jar, jetty-webapp-11.0.23.jar, jetty-xml-11.0.23.jar, jna-5.8.0.jar, jna-platform-5.8.0.jar, log4j-api-2.24.3.jar, log4j-core-2.24.3.jar, log4j-jul-2.24.3.jar, websocket-core-common-11.0.23.jar, websocket-core-server-11.0.23.jar, websocket-jetty-api-11.0.23.jar, websocket-jetty-common-11.0.23.jar, websocket-jetty-server-11.0.23.jar, websocket-servlet-11.0.23.jar define 1 overlapping resource:
[WARNING]   - META-INF/LICENSE
[WARNING] HdrHistogram-2.2.2.jar, affinity-3.27ea0.jar, agrona-2.3.0.jar, annotations-13.0.jar, asm-9.2.jar, chronicle-analytics-2.27ea0.jar, chronicle-bytes-2.27ea0.jar, chronicle-core-2.27ea0.jar, chronicle-queue-5.27ea0.jar, chronicle-threads-2.27ea0.jar, chronicle-wire-2.27ea0.jar, commons-cli-1.5.0.jar, compiler-2.27ea0.jar, fluxtion-runtime-1.0.16.jar, jackson-annotations-2.18.3.jar, jackson-core-2.18.3.jar, jackson-databind-2.18.3.jar, javalin-6.3.0.jar, jetty-http-11.0.23.jar, jetty-io-11.0.23.jar, jetty-jakarta-servlet-api-5.0.2.jar, jetty-security-11.0.23.jar, jetty-server-11.0.23.jar, jetty-servlet-11.0.23.jar, jetty-util-11.0.23.jar, jetty-webapp-11.0.23.jar, jetty-xml-11.0.23.jar, jffi-1.3.12-native.jar, jffi-1.3.12.jar, jna-5.8.0.jar, jna-platform-5.8.0.jar, jnr-a64asm-1.0.0.jar, jnr-constants-0.10.4.jar, jnr-ffi-2.2.15.jar, jnr-x86asm-1.0.2.jar, kotlin-stdlib-1.9.25.jar, kotlin-stdlib-jdk7-1.9.25.jar, kotlin-stdlib-jdk8-1.9.25.jar, log4j-api-2.24.3.jar, log4j-core-2.24.3.jar, log4j-jul-2.24.3.jar, mongoose-1.0.29.jar, posix-2.27ea0.jar, preview-smoke-1.0.0-SNAPSHOT.jar, slf4j-api-2.0.17.jar, slf4j-simple-2.0.16.jar, snakeyaml-2.5.jar, svc-admin-web-1.0.43.jar, websocket-core-common-11.0.23.jar, websocket-core-server-11.0.23.jar, websocket-jetty-api-11.0.23.jar, websocket-jetty-common-11.0.23.jar, websocket-jetty-server-11.0.23.jar, websocket-servlet-11.0.23.jar define 1 overlapping resource:
[WARNING]   - META-INF/MANIFEST.MF
[WARNING] jna-5.8.0.jar, jna-platform-5.8.0.jar define 2 overlapping resources:
[WARNING]   - META-INF/AL2.0
[WARNING]   - META-INF/LGPL2.1
[WARNING] HdrHistogram-2.2.2.jar, commons-cli-1.5.0.jar, slf4j-api-2.0.17.jar, slf4j-simple-2.0.16.jar define 1 overlapping resource:
[WARNING]   - META-INF/LICENSE.txt
[WARNING] fluxtion-runtime-1.0.16.jar, mongoose-1.0.29.jar define 1 overlapping resource:
[WARNING]   - META-INF/LICENSE-mongoose
[WARNING] commons-cli-1.5.0.jar, jetty-http-11.0.23.jar, jetty-io-11.0.23.jar, jetty-security-11.0.23.jar, jetty-server-11.0.23.jar, jetty-servlet-11.0.23.jar, jetty-util-11.0.23.jar, jetty-webapp-11.0.23.jar, jetty-xml-11.0.23.jar, websocket-core-common-11.0.23.jar, websocket-core-server-11.0.23.jar, websocket-jetty-api-11.0.23.jar, websocket-jetty-common-11.0.23.jar, websocket-jetty-server-11.0.23.jar, websocket-servlet-11.0.23.jar define 1 overlapping resource:
[WARNING]   - META-INF/NOTICE.txt
[WARNING] log4j-api-2.24.3.jar, log4j-core-2.24.3.jar, log4j-jul-2.24.3.jar define 1 overlapping resource:
[WARNING]   - META-INF/DEPENDENCIES
[WARNING] jackson-annotations-2.18.3.jar, jackson-core-2.18.3.jar, jackson-databind-2.18.3.jar, log4j-api-2.24.3.jar, log4j-core-2.24.3.jar, log4j-jul-2.24.3.jar define 1 overlapping resource:
[WARNING]   - META-INF/NOTICE
[WARNING] jackson-core-2.18.3.jar, jackson-databind-2.18.3.jar, kotlin-stdlib-1.9.25.jar, kotlin-stdlib-jdk7-1.9.25.jar, kotlin-stdlib-jdk8-1.9.25.jar, slf4j-api-2.0.17.jar, slf4j-simple-2.0.16.jar, snakeyaml-2.5.jar define 1 overlapping classes:
[WARNING]   - META-INF.versions.9.module-info
[WARNING] maven-shade-plugin has detected that some files are
[WARNING] present in two or more JARs. When this happens, only one
[WARNING] single version of the file is copied to the uber jar.
[WARNING] Usually this is not harmful and you can skip these warnings,
[WARNING] otherwise try to manually exclude artifacts based on
[WARNING] mvn dependency:tree -Ddetail=true and the above output.
[WARNING] See https://maven.apache.org/plugins/maven-shade-plugin/
[INFO] Replacing original artifact with shaded artifact.
[INFO] Replacing /Users/greg/IdeaProjects/telamin/fluxtionauditlog-analyser/.local-evidence/coldstart-v2-2026-09-20/battery-readiness/changed-project/target/preview-smoke-1.0.0-SNAPSHOT.jar with /Users/greg/IdeaProjects/telamin/fluxtionauditlog-analyser/.local-evidence/coldstart-v2-2026-09-20/battery-readiness/changed-project/target/preview-smoke-1.0.0-SNAPSHOT-shaded.jar
[INFO] ------------------------------------------------------------------------
[INFO] BUILD SUCCESS
[INFO] ------------------------------------------------------------------------
[INFO] Total time:  8.620 s
[INFO] Finished at: 2026-09-20T21:53:42+01:00
[INFO] ------------------------------------------------------------------------
