light theme
  ✓ start-page.png  (567 KB, window capture)
  ✓ screenshot-light.png  (735 KB, window capture)
  ✓ project-panel.png  (735 KB, window capture)
  ✓ records-overview.png  (744 KB, window capture)
  ✓ flagged-only.png  (728 KB, window capture)
  ✓ source-navigation.png  (911 KB, window capture)
  ✓ topology-step-through.png  (737 KB, window capture)
  ✓ topology-explore.png  (723 KB, window capture)
  ✓ graph-series-light.png  (792 KB, window capture)
dark theme
  ✓ screenshot-dark.png  (745 KB, window capture)
  ✓ graph-series-dark.png  (807 KB, window capture)
  ✓ graph-step-dark.png  (702 KB, window capture)
  ✓ graph-markers-dark.png  (847 KB, window capture)
  ✓ graph-bands-dark.png  (895 KB, window capture)
  ✓ reports-dark.png  (733 KB, window capture)
project profiles
  ✓ projects-file-menu.png  (602 KB)
  ✓ tutorial-new-project-menu.png  (378 KB, annotated from projects-file-menu.png)
  ✓ sources-menu.png  (602 KB)
  ✓ audit-log-menu.png  (553 KB)
  ✓ ai-menu.png  (751 KB)
  ✓ projects-active.png  (737 KB, window capture)
  ✓ ai-runbooks-panel.png  (737 KB, window capture)
spotlight (light)
  ✓ spotlight.png  (696 KB, window capture)
  ✓ spotlight-findings-light.png  (738 KB, window capture)
spotlight (dark)
  ✓ spotlight-dark.png  (670 KB, window capture)
  ✓ spotlight-findings-dark.png  (716 KB, window capture)
done — 26 captures, all native
