
 RUN  v4.1.5 /private/tmp/fluxtion-journey-web/web

 ❯ src/lib/starter/project-support.test.ts (37 tests | 1 failed) 148ms
     × declines a launch command when the hosted launcher is disabled 4ms

⎯⎯⎯⎯⎯⎯⎯ Failed Tests 1 ⎯⎯⎯⎯⎯⎯⎯

 FAIL  src/lib/starter/project-support.test.ts > project journey support > declines a launch command when the hosted launcher is disabled
AssertionError: expected '<?xml version="1.0" encoding="UTF-8"?…' not to contain 'run-server.sh'

- Expected
+ Received

- run-server.sh
+ <?xml version="1.0" encoding="UTF-8"?>
+ <project xmlns="http://maven.apache.org/POM/4.0.0"
+          xmlns:xsi="http://www.w3.org/2001/XMLSchema-instance"
+          xsi:schemaLocation="http://maven.apache.org/POM/4.0.0 http://maven.apache.org/xsd/maven-4.0.0.xsd">
+     <modelVersion>4.0.0</modelVersion>
+
+     <groupId>com.example</groupId>
+     <artifactId>mongoose-server</artifactId>
+     <version>1.0.0-SNAPSHOT</version>
+     <packaging>jar</packaging>
+
+     <properties>
+         <maven.compiler.release>21</maven.compiler.release>
+         <project.build.sourceEncoding>UTF-8</project.build.sourceEncoding>
+         <mongoose.version>1.0.29</mongoose.version>
+         <mongoose-plugins.version>1.0.43</mongoose-plugins.version>
+     </properties>
+
+
+     <dependencies>
+         <!-- Mongoose core — runtime container + built-in file/in-memory connectors,
+              admin command registry, server admin, performance monitoring. -->
+         <dependency>
+             <groupId>com.telamin</groupId>
+             <artifactId>mongoose</artifactId>
+             <version>${mongoose.version}</version>
+         </dependency>
+         <dependency>
+             <groupId>com.telamin</groupId>
+             <artifactId>svc-admin-web</artifactId>
+             <version>${mongoose-plugins.version}</version>
+         </dependency>
+         <!-- SLF4J binding so the embedded web console's HTTP logging is visible. -->
+         <dependency>
+             <groupId>org.slf4j</groupId>
+             <artifactId>slf4j-simple</artifactId>
+             <version>2.0.16</version>
+         </dependency>
+         <dependency>
+             <groupId>com.telamin</groupId>
+             <artifactId>mongoose-test-support</artifactId>
+             <version>${mongoose-plugins.version}</version>
+             <scope>test</scope>
+         </dependency>
+         <dependency>
+             <groupId>org.junit.jupiter</groupId>
+             <artifactId>junit-jupiter</artifactId>
+             <version>5.11.4</version>
+             <scope>test</scope>
+         </dependency>
+     </dependencies>
+
+     <repositories>
+         <repository>
+             <id>central</id>
+             <url>https://repo.maven.apache.org/maven2</url>
+         </repository>
+         <repository>
+             <id>repsy-fluxtion-public</id>
+             <url>https://repo.repsy.io/mvn/fluxtion/fluxtion-public</url>
+         </repository>
+     </repositories>
+
+     <build>
+         <plugins>
+             <plugin>
+                 <groupId>org.apache.maven.plugins</groupId>
+                 <artifactId>maven-surefire-plugin</artifactId>
+                 <version>3.2.5</version>
+                 <configuration>
+                     <argLine>--add-opens java.base/jdk.internal.misc=ALL-UNNAMED --add-opens java.base/java.lang.reflect=ALL-UNNAMED --add-opens java.base/java.io=ALL-UNNAMED --add-opens java.base/java.nio=ALL-UNNAMED --add-opens java.base/sun.nio.ch=ALL-UNNAMED --add-opens java.base/jdk.internal.ref=ALL-UNNAMED --add-opens java.base/jdk.internal.util=ALL-UNNAMED</argLine>
+                 </configuration>
+             </plugin>
+             <!-- Runnable fat jar with MongooseMain. The manifest carries Add-Opens for the
+                  access agrona needs on JDK 16+, but the JVM does NOT apply it: a plain
+                  'java -jar' still fails with IllegalAccessError on jdk.internal.misc.Unsafe.
+                  run-server.sh passes the same flags explicitly and is the supported launcher. -->
+             <plugin>
+                 <groupId>org.apache.maven.plugins</groupId>
+                 <artifactId>maven-shade-plugin</artifactId>
+                 <version>3.6.0</version>
+                 <executions>
+                     <execution>
+                         <phase>package</phase>
+                         <goals><goal>shade</goal></goals>
+                         <configuration>
+                             <createDependencyReducedPom>false</createDependencyReducedPom>
+                             <transformers>
+                                 <transformer implementation="org.apache.maven.plugins.shade.resource.ManifestResourceTransformer">
+                                     <mainClass>com.example.myapp.MongooseMain</mainClass>
+                                     <manifestEntries>
+                                         <Add-Opens>java.base/jdk.internal.misc=ALL-UNNAMED java.base/java.lang.reflect=ALL-UNNAMED java.base/java.io=ALL-UNNAMED java.base/java.nio=ALL-UNNAMED java.base/sun.nio.ch=ALL-UNNAMED java.base/jdk.internal.ref=ALL-UNNAMED java.base/jdk.internal.util=ALL-UNNAMED</Add-Opens>
+                                     </manifestEntries>
+                                 </transformer>
+                                 <transformer implementation="org.apache.maven.plugins.shade.resource.ServicesResourceTransformer"/>
+                             </transformers>
+                             <filters>
+                                 <filter>
+                                     <artifact>*:*</artifact>
+                                     <excludes>
+                                         <exclude>META-INF/*.SF</exclude>
+                                         <exclude>META-INF/*.DSA</exclude>
+                                         <exclude>META-INF/*.RSA</exclude>
+                                     </excludes>
+                                 </filter>
+                             </filters>
+                         </configuration>
+                     </execution>
+                 </executions>
+             </plugin>
+         </plugins>
+     </build>
+ </project>
+

 ❯ src/lib/starter/project-support.test.ts:59:36
     57|   expect(files.get('README.md')).not.toContain('./run-server.sh');
     58|   expect(files.get('README.md')).toContain('No command-line launcher w…
     59|   expect(files.get('pom.xml')).not.toContain('run-server.sh');
       |                                    ^
     60|   expect(files.get('pom.xml')).toContain('No command-line launcher was…
     61|  });

⎯⎯⎯⎯⎯⎯⎯⎯⎯⎯⎯⎯⎯⎯⎯⎯⎯⎯⎯⎯⎯⎯⎯⎯[1/1]⎯


 Test Files  1 failed (1)
      Tests  1 failed | 36 passed (37)
   Start at  22:31:40
   Duration  863ms (transform 256ms, setup 0ms, import 603ms, tests 148ms, environment 0ms)
