name: literal-11-LOCF
why: Legacy text keeps quote characters literally: only rejected equals the text literal; booleans and other text differ; null clears carry.
expr: node.state == "rejected"
keys: node.state
resolve: LOCF
--- LOG ---
---
#t [t] INFO L
eventLogRecord:
  logTime: 1
  event: E
  nodeLogs:
    - node: { state: true}
---
#t [t] INFO L
eventLogRecord:
  logTime: 2
  event: E
  nodeLogs:
    - node: { state: false}
---
#t [t] INFO L
eventLogRecord:
  logTime: 3
  event: E
  nodeLogs:
    - node: { state: "true"}
---
#t [t] INFO L
eventLogRecord:
  logTime: 4
  event: E
  nodeLogs:
    - node: { state: "false"}
---
#t [t] INFO L
eventLogRecord:
  logTime: 5
  event: E
  nodeLogs:
    - node: { state: rejected}
---
#t [t] INFO L
eventLogRecord:
  logTime: 6
  event: E
  nodeLogs:
    - node: { state: null}
--- EXPECT ---
1 => 0.0
2 => 0.0
3 => 0.0
4 => 0.0
5 => 1.0
