name: literal-13-STRICT
why: Typed inequality includes boolean values differing from text; null remains unknown.
expr: node.state != "rejected"
keys: node.state
resolve: STRICT
--- LOG ---
---
#t [t] INFO L
eventLogRecord:
  logTime: 1
  event: E
  nodeLogs:
    - node: { state: true}
---
#t [t] INFO L
eventLogRecord:
  logTime: 2
  event: E
  nodeLogs:
    - node: { state: false}
---
#t [t] INFO L
eventLogRecord:
  logTime: 3
  event: E
  nodeLogs:
    - node: { state: "true"}
---
#t [t] INFO L
eventLogRecord:
  logTime: 4
  event: E
  nodeLogs:
    - node: { state: "false"}
---
#t [t] INFO L
eventLogRecord:
  logTime: 5
  event: E
  nodeLogs:
    - node: { state: rejected}
---
#t [t] INFO L
eventLogRecord:
  logTime: 6
  event: E
  nodeLogs:
    - node: { state: null}
--- EXPECT ---
1 => 1.0
2 => 1.0
3 => 1.0
4 => 1.0
5 => 0.0
